Component: ARM Compiler 5.06 update 7 (build 960) Tool: armlink [4d3601]

==============================================================================

Section Cross References

    main.o(.text) refers to rtx_kernel.o(.text) for osKernelGetState
    main.o(.text) refers to stm32f4xx_hal_rcc.o(.text) for HAL_RCC_OscConfig
    main.o(.text) refers to stm32f4xx_hal_pwr_ex.o(.text) for HAL_PWREx_EnableOverDrive
    main.o(.text) refers to stm32f4xx_hal_rcc_ex.o(.text) for HAL_RCCEx_PeriphCLKConfig
    main.o(.text) refers to stm32f4xx_hal.o(.text) for HAL_Init
    main.o(.text) refers to system_stm32f4xx_1.o(.text) for SystemCoreClockUpdate
    main.o(.text) refers to reloj.o(.text) for Init_Thread_RTC
    main.o(.text) refers to rtx_thread.o(.text) for osThreadNew
    main.o(.text) refers to system_stm32f4xx_1.o(.data) for SystemCoreClock
    main.o(.text) refers to main.o(.data) for .data
    main.o(.text) refers to main.o(.bss) for .bss
    main.o(.text) refers to http_server.o(.constdata) for app_main_attr
    main.o(.text) refers to http_server.o(.text) for app_main
    http_server.o(.text) refers to buttons_nucleo_f429zi.o(.text) for Buttons_GetState
    http_server.o(.text) refers to rtx_thread.o(.text) for osThreadFlagsSet
    http_server.o(.text) refers to lcd.o(.text) for LCD_wr_cmd
    http_server.o(.text) refers to strlen.o(.text) for strlen
    http_server.o(.text) refers to stm32f4xx_hal_gpio.o(.text) for HAL_GPIO_WritePin
    http_server.o(.text) refers to rtx_delay.o(.text) for osDelay
    http_server.o(.text) refers to rgb.o(.text) for LED_rgb_SetOut
    http_server.o(.text) refers to pot.o(.text) for POT_Initialize
    http_server.o(.text) refers to net_sys.o(i.netInitialize) for netInitialize
    http_server.o(.text) refers to http_server.o(.data) for .data
    http_server.o(.text) refers to http_server.o(.bss) for .bss
    http_server.o(.text) refers to http_server.o(.constdata) for .constdata
    http_server.o(.text) refers to reloj.o(.data) for tid_rtc
    http_server.o(.constdata) refers to http_server.o(.bss) for app_main_stk
    http_server_cgi.o(.text) refers to net_http_server.o(i.netCGI_GetEnvVar) for netCGI_GetEnvVar
    http_server_cgi.o(.text) refers to net_addr.o(i.netIP_aton) for netIP_aton
    http_server_cgi.o(.text) refers to net_sys.o(i.netIF_SetOption) for netIF_SetOption
    http_server_cgi.o(.text) refers to strcmp.o(.text) for strcmp
    http_server_cgi.o(.text) refers to strncmp.o(.text) for strncmp
    http_server_cgi.o(.text) refers to rgb.o(.text) for LED_rgb_SetOut
    http_server_cgi.o(.text) refers to net_http_server.o(i.netHTTPs_LoginActive) for netHTTPs_LoginActive
    http_server_cgi.o(.text) refers to strcpy.o(.text) for strcpy
    http_server_cgi.o(.text) refers to net_http_server.o(i.netHTTPs_SetPassword) for netHTTPs_SetPassword
    http_server_cgi.o(.text) refers to rtx_thread.o(.text) for osThreadFlagsSet
    http_server_cgi.o(.text) refers to net_sys.o(i.netIF_GetOption) for netIF_GetOption
    http_server_cgi.o(.text) refers to net_addr.o(i.netIP_ntoa) for netIP_ntoa
    http_server_cgi.o(.text) refers to printfa.o(i.__0sprintf) for __2sprintf
    http_server_cgi.o(.text) refers to net_tcp.o(i.netTCP_GetState) for netTCP_GetState
    http_server_cgi.o(.text) refers to net_tcp.o(i.netTCP_GetPeer) for netTCP_GetPeer
    http_server_cgi.o(.text) refers to net_tcp.o(i.netTCP_GetTimer) for netTCP_GetTimer
    http_server_cgi.o(.text) refers to net_tcp.o(i.netTCP_GetLocalPort) for netTCP_GetLocalPort
    http_server_cgi.o(.text) refers to http_server_cgi.o(.bss) for .bss
    http_server_cgi.o(.text) refers to http_server_cgi.o(.data) for .data
    http_server_cgi.o(.text) refers to http_server.o(.data) for LEDrun
    http_server_cgi.o(.text) refers to reloj.o(.data) for tid_rtc
    http_server_cgi.o(.text) refers to http_server_cgi.o(.conststring) for .conststring
    http_server_cgi.o(.text) refers to net_http_server.o(i.netHTTPs_GetPassword) for netHTTPs_GetPassword
    http_server_cgi.o(.text) refers to net_http_server.o(i.netHTTPs_GetLanguage) for netHTTPs_GetLanguage
    http_server_cgi.o(.text) refers to pot.o(.text) for ADC_getVoltage
    http_server_cgi.o(.text) refers to f2d.o(.text) for __aeabi_f2d
    http_server_cgi.o(.text) refers to dmul.o(.text) for __aeabi_dmul
    http_server_cgi.o(.text) refers to http_server.o(.text) for get_button
    web.o(.text) refers to web.o(.constdata) for .constdata
    web.o(.constdata) refers to web.o(.constdata) for imageFileData
    rgb.o(.text) refers to stm32f4xx_hal_gpio.o(.text) for HAL_GPIO_Init
    rgb.o(.text) refers to rgb.o(.constdata) for .constdata
    pot.o(.text) refers to stm32f4xx_hal_adc.o(.text) for HAL_ADC_Init
    pot.o(.text) refers to memseta.o(.text) for __aeabi_memclr4
    pot.o(.text) refers to stm32f4xx_hal_gpio.o(.text) for HAL_GPIO_Init
    pot.o(.text) refers to pot.o(.bss) for .bss
    reloj.o(.text) refers to stm32f4xx_hal_cortex.o(.text) for HAL_NVIC_EnableIRQ
[...]
    netIF_SetOption                          0x0801391d   Thumb Code   124  net_sys.o(i.netIF_SetOption)
    netIP_aton                               0x080139a1   Thumb Code    26  net_addr.o(i.netIP_aton)
    netIP_ntoa                               0x080139bb   Thumb Code    50  net_addr.o(i.netIP_ntoa)
    netInitialize                            0x080139ed   Thumb Code   156  net_sys.o(i.netInitialize)
    netMAC_aton                              0x08013a99   Thumb Code   140  net_addr.o(i.netMAC_aton)
    netSNTPc_GetTime                         0x08013b25   Thumb Code    28  net_sntp_client_core.o(i.netSNTPc_GetTime)
    netTCP_GetLocalPort                      0x08013b41   Thumb Code     4  net_tcp.o(i.netTCP_GetLocalPort)
    netTCP_GetPeer                           0x08013b45   Thumb Code    32  net_tcp.o(i.netTCP_GetPeer)
    netTCP_GetState                          0x08013b65   Thumb Code     4  net_tcp.o(i.netTCP_GetState)
    netTCP_GetTimer                          0x08013b69   Thumb Code     4  net_tcp.o(i.netTCP_GetTimer)
    net_addr4_aton                           0x08013b6d   Thumb Code   124  net_addr.o(i.net_addr4_aton)
    net_addr4_to_mac                         0x08013be9   Thumb Code    30  net_addr.o(i.net_addr4_to_mac)
    net_addr6_aton                           0x08013c09   Thumb Code   230  net_addr.o(i.net_addr6_aton)
    net_addr6_comp                           0x08013cef   Thumb Code    40  net_addr.o(i.net_addr6_comp)
    net_addr6_copy                           0x08013d17   Thumb Code    18  net_addr.o(i.net_addr6_copy)
    net_addr6_create                         0x08013d29   Thumb Code    70  net_addr.o(i.net_addr6_create)
    net_addr6_get_solicited                  0x08013d75   Thumb Code    34  net_addr.o(i.net_addr6_get_solicited)
    net_addr6_is_linklocal                   0x08013d9d   Thumb Code    24  net_addr.o(i.net_addr6_is_linklocal)
    net_addr6_is_onlink                      0x08013db5   Thumb Code   110  net_addr.o(i.net_addr6_is_onlink)
    net_addr6_is_solicited                   0x08013e23   Thumb Code    72  net_addr.o(i.net_addr6_is_solicited)
    net_addr6_is_unspec                      0x08013e6b   Thumb Code    24  net_addr.o(i.net_addr6_is_unspec)
    net_addr6_to_mac                         0x08013e83   Thumb Code    14  net_addr.o(i.net_addr6_to_mac)
    net_addr_comp                            0x08013e91   Thumb Code    44  net_addr.o(i.net_addr_comp)
    net_addr_copy                            0x08013ebd   Thumb Code    38  net_addr.o(i.net_addr_copy)
    net_addr_find_route                      0x08013ee3   Thumb Code    26  net_addr.o(i.net_addr_find_route)
    net_addr_get_local                       0x08013efd   Thumb Code    26  net_addr.o(i.net_addr_get_local)
    net_addr_is_unspec                       0x08013f1d   Thumb Code    34  net_addr.o(i.net_addr_is_unspec)
    net_arp_cache_add                        0x08013f41   Thumb Code   276  net_arp.o(i.net_arp_cache_add)
    net_arp_cache_early                      0x0801405d   Thumb Code   180  net_arp.o(i.net_arp_cache_early)
    net_arp_cache_find                       0x08014119   Thumb Code   224  net_arp.o(i.net_arp_cache_find)
    net_arp_cache_init                       0x08014205   Thumb Code    64  net_arp.o(i.net_arp_cache_init)
    net_arp_cache_run                        0x0801424d   Thumb Code    22  net_arp.o(i.net_arp_cache_run)
    net_arp_enqueue                          0x08014269   Thumb Code   114  net_arp.o(i.net_arp_enqueue)
    net_arp_notify                           0x080142e1   Thumb Code    32  net_arp.o(i.net_arp_notify)
    net_arp_process                          0x08014301   Thumb Code   536  net_arp.o(i.net_arp_process)
    net_atoi                                 0x08014525   Thumb Code    66  net_common.o(i.net_atoi)
    net_base64_decode                        0x08014569   Thumb Code   114  net_base64.o(i.net_base64_decode)
    net_chksum_buf                           0x080145e1   Thumb Code    48  net_common.o(i.net_chksum_buf)
    net_crc_buf                              0x08014611   Thumb Code    30  net_common.o(i.net_crc_buf)
    net_eth_callback                         0x0801462f   Thumb Code    14  net_eth.o(i.net_eth_callback)
    net_eth_config_mcast                     0x0801463d   Thumb Code   104  net_eth.o(i.net_eth_config_mcast)
    net_eth_get_option                       0x080146a5   Thumb Code   234  net_eth.o(i.net_eth_get_option)
    net_eth_iface_init                       0x08014791   Thumb Code    22  net_eth.o(i.net_eth_iface_init)
    net_eth_iface_run                        0x080147ad   Thumb Code    22  net_eth.o(i.net_eth_iface_run)
    net_eth_output                           0x080147c9   Thumb Code   164  net_eth.o(i.net_eth_output)
    net_eth_send_frame                       0x08014871   Thumb Code   462  net_eth.o(i.net_eth_send_frame)
    net_eth_set_option                       0x08014a51   Thumb Code   610  net_eth.o(i.net_eth_set_option)
    net_http_server_init                     0x08014cc1   Thumb Code   212  net_http_server.o(i.net_http_server_init)
    net_http_server_run                      0x08014da9   Thumb Code    30  net_http_server.o(i.net_http_server_run)
    net_icmp6_init                           0x08014dd1   Thumb Code    20  net_icmp6.o(i.net_icmp6_init)
    net_icmp6_process                        0x08014de9   Thumb Code   542  net_icmp6.o(i.net_icmp6_process)
    net_icmp6_send                           0x08015021   Thumb Code   122  net_icmp6.o(i.net_icmp6_send)
    net_icmp6_send_echo                      0x080150a5   Thumb Code    78  net_icmp6.o(i.net_icmp6_send_echo)
    net_icmp_init                            0x080150fd   Thumb Code    20  net_icmp.o(i.net_icmp_init)
    net_icmp_process                         0x08015115   Thumb Code   430  net_icmp.o(i.net_icmp_process)
    net_icmp_send_echo                       0x080152dd   Thumb Code   142  net_icmp.o(i.net_icmp_send_echo)
    net_if_map_all                           0x0801537d   Thumb Code     6  net_sys.o(i.net_if_map_all)
    net_igmp_collect_mcast                   0x08015389   Thumb Code   104  net_igmp.o(i.net_igmp_collect_mcast)
    net_igmp_host_init                       0x080153f5   Thumb Code    68  net_igmp.o(i.net_igmp_host_init)
    net_igmp_host_run                        0x0801543d   Thumb Code    22  net_igmp.o(i.net_igmp_host_run)
    net_igmp_is_member                       0x08015459   Thumb Code    28  net_igmp.o(i.net_igmp_is_member)
    net_igmp_process                         0x08015479   Thumb Code   414  net_igmp.o(i.net_igmp_process)
    net_ip4_chk_frame                        0x08015625   Thumb Code   372  net_ip4.o(i.net_ip4_chk_frame)
    net_ip4_chksum                           0x080157b1   Thumb Code    44  net_ip4.o(i.net_ip4_chksum)
    net_ip4_chksum_buf                       0x080157dd   Thumb Code     6  net_ip4.o(i.net_ip4_chksum_buf)
    net_ip4_find_route                       0x080157e5   Thumb Code   104  net_ip4.o(i.net_ip4_find_route)
    net_ip4_frag_add                         0x08015865   Thumb Code   284  net_ip4_frag.o(i.net_ip4_frag_add)
    net_ip4_frag_get                         0x08015989   Thumb Code   168  net_ip4_frag.o(i.net_ip4_frag_get)
    net_ip4_frag_init                        0x08015a35   Thumb Code    12  net_ip4_frag.o(i.net_ip4_frag_init)
    net_ip4_frag_run                         0x08015a45   Thumb Code    50  net_ip4_frag.o(i.net_ip4_frag_run)
    net_ip4_get_local                        0x08015a81   Thumb Code    40  net_ip4.o(i.net_ip4_get_local)
    net_ip4_init                             0x08015aad   Thumb Code    22  net_ip4.o(i.net_ip4_init)
    net_ip4_is_onlink                        0x08015ad1   Thumb Code    32  net_ip4.o(i.net_ip4_is_onlink)
    net_ip4_is_subcast                       0x08015af1   Thumb Code    38  net_ip4.o(i.net_ip4_is_subcast)
    net_ip4_reass_frame                      0x08015b17   Thumb Code    14  net_ip4.o(i.net_ip4_reass_frame)
    net_ip4_send_frame                       0x08015b25   Thumb Code   340  net_ip4.o(i.net_ip4_send_frame)
    net_ip4_tx_offl_hl                       0x08015c89   Thumb Code    42  net_ip4.o(i.net_ip4_tx_offl_hl)
    net_ip6_chk_frame                        0x08015cb5   Thumb Code   236  net_ip6.o(i.net_ip6_chk_frame)
    net_ip6_chksum                           0x08015db5   Thumb Code    50  net_ip6.o(i.net_ip6_chksum)
    net_ip6_collect_mcast                    0x08015de9   Thumb Code   118  net_ip6.o(i.net_ip6_collect_mcast)
    net_ip6_find_route                       0x08015e65   Thumb Code    56  net_ip6.o(i.net_ip6_find_route)
    net_ip6_get_local                        0x08015ead   Thumb Code    74  net_ip6.o(i.net_ip6_get_local)
    net_ip6_init                             0x08015f01   Thumb Code    20  net_ip6.o(i.net_ip6_init)
    net_ip6_send_frame                       0x08015f1d   Thumb Code   192  net_ip6.o(i.net_ip6_send_frame)
    net_ip6_tx_offl_hl                       0x08015fe9   Thumb Code    30  net_ip6.o(i.net_ip6_tx_offl_hl)
    net_itoa                                 0x08016007   Thumb Code     8  net_common.o(i.net_itoa)
    net_itoa_n0                              0x0801600f   Thumb Code     6  net_common.o(i.net_itoa_n0)
    net_loop_iface_init                      0x08016015   Thumb Code    40  net_loopback.o(i.net_loop_iface_init)
    net_loop_iface_run                       0x08016045   Thumb Code   176  net_loopback.o(i.net_loop_iface_run)
    net_loop_send_frame                      0x08016101   Thumb Code   104  net_loopback.o(i.net_loop_send_frame)
    net_mem_alloc                            0x08016171   Thumb Code   178  net_mem.o(i.net_mem_alloc)
    net_mem_avail                            0x08016231   Thumb Code    22  net_mem.o(i.net_mem_avail)
    net_mem_free                             0x0801624d   Thumb Code   152  net_mem.o(i.net_mem_free)
    net_mem_init                             0x080162f1   Thumb Code    98  net_mem.o(i.net_mem_init)
    net_mem_shrink                           0x08016361   Thumb Code    62  net_mem.o(i.net_mem_shrink)
    net_nbns_client_init                     0x080163a9   Thumb Code    82  net_nbns_client.o(i.net_nbns_client_init)
    net_ndp_cache_find                       0x0801640d   Thumb Code   438  net_ndp.o(i.net_ndp_cache_find)
    net_ndp_cache_refresh                    0x080165d1   Thumb Code   112  net_ndp.o(i.net_ndp_cache_refresh)
    net_ndp_enqueue                          0x08016649   Thumb Code   108  net_ndp.o(i.net_ndp_enqueue)
    net_ndp_process                          0x080166b9   Thumb Code   872  net_ndp.o(i.net_ndp_process)
    net_path                                 0x08016a2d   Thumb Code    52  net_sys.o(i.net_path)
    net_ping_client_init                     0x08016a65   Thumb Code    22  net_ping_core.o(i.net_ping_client_init)
    net_ping_client_run                      0x08016a85   Thumb Code   110  net_ping_core.o(i.net_ping_client_run)
    net_rand32                               0x08016b05   Thumb Code    18  net_sys.o(i.net_rand32)
    net_sntp_client_init                     0x08016b21   Thumb Code    80  net_sntp_client_core.o(i.net_sntp_client_init)
    net_sntp_client_run                      0x08016b7d   Thumb Code    76  net_sntp_client_core.o(i.net_sntp_client_run)
    net_sntp_client_start                    0x08016bd5   Thumb Code   312  net_sntp_client_core.o(i.net_sntp_client_start)
    net_strcasecmp                           0x08016d1d   Thumb Code    46  net_common.o(i.net_strcasecmp)
    net_strchr                               0x08016d4b   Thumb Code    22  net_common.o(i.net_strchr)
    net_strcmp                               0x08016d61   Thumb Code    26  net_common.o(i.net_strcmp)
    net_strcpy                               0x08016d7b   Thumb Code    18  net_common.o(i.net_strcpy)
    net_strnchr                              0x08016d8d   Thumb Code    28  net_common.o(i.net_strnchr)
    net_strncpy                              0x08016da9   Thumb Code    26  net_common.o(i.net_strncpy)
    net_strtoupper                           0x08016dc3   Thumb Code    32  net_common.o(i.net_strtoupper)
    net_sys_lock                             0x08016de5   Thumb Code     8  net_sys.o(i.net_sys_lock)
    net_sys_resume                           0x08016df1   Thumb Code    22  net_sys.o(i.net_sys_resume)
    net_sys_tick                             0x08016e09   Thumb Code    16  net_sys.o(i.net_sys_tick)
    net_sys_unlock                           0x08016e1d   Thumb Code     8  net_sys.o(i.net_sys_unlock)
    net_sys_wakeup                           0x08016e29   Thumb Code    26  net_sys.o(i.net_sys_wakeup)
    net_tcp_abort                            0x08016e49   Thumb Code   122  net_tcp.o(i.net_tcp_abort)
    net_tcp_close                            0x08016ecd   Thumb Code   218  net_tcp.o(i.net_tcp_close)
    net_tcp_get_buf                          0x08016fb1   Thumb Code    46  net_tcp.o(i.net_tcp_get_buf)
    net_tcp_get_local_port                   0x08016fe1   Thumb Code    48  net_tcp.o(i.net_tcp_get_local_port)
    net_tcp_get_mss                          0x08017015   Thumb Code    34  net_tcp.o(i.net_tcp_get_mss)
    net_tcp_get_peer                         0x0801703d   Thumb Code    80  net_tcp.o(i.net_tcp_get_peer)
    net_tcp_get_socket                       0x08017091   Thumb Code   104  net_tcp.o(i.net_tcp_get_socket)
    net_tcp_get_state                        0x08017101   Thumb Code    40  net_tcp.o(i.net_tcp_get_state)
    net_tcp_get_timer                        0x0801712d   Thumb Code    48  net_tcp.o(i.net_tcp_get_timer)
    net_tcp_listen                           0x08017161   Thumb Code   168  net_tcp.o(i.net_tcp_listen)
    net_tcp_process                          0x08017211   Thumb Code  1956  net_tcp.o(i.net_tcp_process)
    net_tcp_send                             0x080179b9   Thumb Code   336  net_tcp.o(i.net_tcp_send)
    net_tcp_set_option                       0x08017b15   Thumb Code   288  net_tcp.o(i.net_tcp_set_option)
    net_tcp_socket_init                      0x08017c41   Thumb Code    30  net_tcp.o(i.net_tcp_socket_init)
    net_tcp_socket_run                       0x08017c69   Thumb Code   938  net_tcp.o(i.net_tcp_socket_run)
    net_udp_close                            0x08018029   Thumb Code    62  net_udp.o(i.net_udp_close)
    net_udp_get_buf                          0x08018071   Thumb Code    46  net_udp.o(i.net_udp_get_buf)
    net_udp_get_socket                       0x080180a1   Thumb Code   102  net_udp.o(i.net_udp_get_socket)
    net_udp_open                             0x08018111   Thumb Code   160  net_udp.o(i.net_udp_open)
    net_udp_process                          0x080181bd   Thumb Code   322  net_udp.o(i.net_udp_process)
    net_udp_send                             0x08018315   Thumb Code    18  net_udp.o(i.net_udp_send)
    net_udp_send_if                          0x08018329   Thumb Code   540  net_udp.o(i.net_udp_send_if)
    net_udp_socket_init                      0x08018555   Thumb Code    30  net_udp.o(i.net_udp_socket_init)
    net_ultoa                                0x08018579   Thumb Code     8  net_common.o(i.net_ultoa)
    net_ultox                                0x08018581   Thumb Code    44  net_common.o(i.net_ultox)
    net_xtoul                                0x080185b1   Thumb Code    76  net_common.o(i.net_xtoul)
    Arial12x12                               0x08019258   Data        2400  http_server.o(.constdata)
    app_main_attr                            0x08019bb8   Data          36  http_server.o(.constdata)
    imageLastModified                        0x08019bdc   Data           4  web.o(.constdata)
    ntp_server                               0x080204d0   Data           8  reloj.o(.constdata)
    osRtxUserSVC                             0x08020540   Data           4  rtx_lib.o(.constdata)
    Driver_ETH_PHY0                          0x08020548   Data          32  phy_lan8742a.o(.constdata)
    Driver_ETH_MAC0                          0x080205b8   Data          68  emac_stm32f4xx.o(.constdata)
    Driver_SPI1                              0x08020650   Data          44  spi_stm32f4xx.o(.constdata)
    EventRecorderInfo                        0x0802067c   Data          24  eventrecorder.o(.constdata)
    AHBPrescTable                            0x0802069c   Data          16  system_stm32f4xx_1.o(.constdata)
    APBPrescTable                            0x080206ac   Data           8  system_stm32f4xx_1.o(.constdata)
    net_sys_config                           0x0802075c   Data          28  net_config.o(.constdata)
    net_eth0_if_config                       0x080207d0   Data          44  net_config.o(.constdata)
    net_eth_list                             0x080207fc   Data           8  net_config.o(.constdata)
    net_if_list_lan                          0x08020804   Data           8  net_config.o(.constdata)
    net_if_list_all                          0x0802080c   Data           8  net_config.o(.constdata)
    net_if_inet_def                          0x08020814   Data           8  net_config.o(.constdata)
    net_if_link_def                          0x0802081c   Data           8  net_config.o(.constdata)
    net_arp_list                             0x08020824   Data           8  net_config.o(.constdata)
    net_icmp_list                            0x0802082c   Data           8  net_config.o(.constdata)
    net_igmp_list                            0x08020834   Data           8  net_config.o(.constdata)
    net_icmp6_list                           0x0802083c   Data           4  net_config.o(.constdata)
    net_ip4_frag_config                      0x08020840   Data           8  net_config.o(.constdata)
    net_udp_config                           0x08020848   Data          12  net_config.o(.constdata)
    net_tcp_config                           0x08020854   Data          24  net_config.o(.constdata)
    net_http_config                          0x0802086c   Data          52  net_config.o(.constdata)
    net_sntp_config                          0x080208a0   Data           8  net_config.o(.constdata)
    netif_getopt_func                        0x08020900   Data          16  net_config.o(.constdata)
    netif_setopt_func                        0x08020910   Data          16  net_config.o(.constdata)
    net_loop_if_config                       0x08020928   Data          44  net_loopback.o(.constdata)
    net_http_auth_basic_func                 0x08020a64   Data          24  net_http_server_auth.o(.constdata)
    net_ping_payload                         0x08020a7c   Data          18  net_ping_core.o(.constdata)
    net_addr_unspec                          0x08020a8e   Data          16  net_addr.o(.constdata)
    net_addr_bcast                           0x08020a9e   Data           6  net_addr.o(.constdata)
    net_addr4_loopback                       0x08020aa4   Data           4  net_ip4.o(.constdata)
    net_addr6_all_nodes                      0x08020aa8   Data          16  net_ip6.o(.constdata)
    net_addr6_loopback                       0x08020ab8   Data          16  net_ip6.o(.constdata)
    net_http_error                           0x08020ac8   Data          24  net_http_server_err.o(.constdata)
    net_lib_version                          0x08020b80   Data           4  net_version.o(.constdata)
    network_ip4ip6_debug_v7.15.0             0x08020b80   Data           4  net_version.o(.constdata)
    osRtxConfig                              0x08020f70   Data         112  rtx_lib.o(.rodata)
    os_cb_sections                           0x08020fe0   Data          56  rtx_lib.o(.rodata)
    Region$$Table$$Base                      0x08021018   Number         0  anon$$obj.o(Region$$Table)
    Region$$Table$$Limit                     0x08021048   Number         0  anon$$obj.o(Region$$Table)
    .bss.os.msgqueue.cb$$Base                0x20008044   Number         0  rtx_lib.o(.bss.os.msgqueue.cb)
    .bss.os.msgqueue.cb$$Limit               0x20008078   Number         0  rtx_lib.o(.bss.os.msgqueue.cb)
    .bss.os.mutex.cb$$Base                   0x200080c8   Number         0  net_config.o(.bss.os.mutex.cb)
    .bss.os.mutex.cb$$Limit                  0x20008100   Number         0  net_config.o(.bss.os.mutex.cb)
    .bss.os.semaphore.cb$$Base               0x20008100   Number         0  net_config.o(.bss.os.semaphore.cb)
    .bss.os.semaphore.cb$$Limit              0x20008110   Number         0  net_config.o(.bss.os.semaphore.cb)
    .bss.os.thread.cb$$Base                  0x20008110   Number         0  rtx_lib.o(.bss.os.thread.cb)
    .bss.os.thread.cb$$Limit                 0x20008220   Number         0  net_config.o(.bss.os.thread.cb)
    .bss.os.timer.cb$$Base                   0x20008620   Number         0  net_config.o(.bss.os.timer.cb)
    .bss.os.timer.cb$$Limit                  0x20008640   Number         0  net_config.o(.bss.os.timer.cb)
    LEDrun                                   0x20008644   Data           1  http_server.o(.data)
    positionL1                               0x20008646   Data           2  http_server.o(.data)
    positionL2                               0x20008648   Data           2  http_server.o(.data)
    TID_Display                              0x2000864c   Data           4  http_server.o(.data)
    TID_Led                                  0x20008650   Data           4  http_server.o(.data)
    lcd_text                                 0x20008654   Data          42  http_server.o(.data)
    tid_rtc                                  0x20008688   Data           4  reloj.o(.data)
    cuenta                                   0x2000868c   Data           4  reloj.o(.data)
    rtc_text                                 0x20008690   Data          42  reloj.o(.data)
    SPIdrv                                   0x200086bc   Data           4  lcd.o(.data)
    uwTickFreq                               0x200086c0   Data           1  stm32f4xx_hal.o(.data)
    uwTickPrio                               0x200086c4   Data           4  stm32f4xx_hal.o(.data)
    uwTick                                   0x200086c8   Data           4  stm32f4xx_hal.o(.data)
    SystemCoreClock                          0x200086cc   Data           4  system_stm32f4xx_1.o(.data)
    net_eth0_igmp_control                    0x200086de   Data           4  net_igmp.o(.data)
    net_eth0_icmp_control                    0x200086ec   Data           1  net_icmp.o(.data)
    osRtxInfo                                0x20008710   Data         164  rtx_kernel.o(.data.os)
    periph                                   0x200087b4   Data          48  main.o(.bss)
    app_main_stk                             0x200087e8   Data        1024  http_server.o(.bss)
    bufferWeb                                0x20008be8   Data         512  http_server.o(.bss)
    hadc                                     0x20008e20   Data          72  pot.o(.bss)
    AlarmHandle                              0x20008e68   Data          40  reloj.o(.bss)
    RtcHandle_LCD                            0x20008e90   Data          32  reloj.o(.bss)
    GPIO_InitStruct                          0x20008eb0   Data          20  reloj.o(.bss)
    RtcHandle                                0x20008ec4   Data          32  rtc.o(.bss)
    GPIO_InitStruct_LCD                      0x20008ee4   Data          20  lcd.o(.bss)
    tim7                                     0x20008ef8   Data          64  lcd.o(.bss)
    net_eth0_if_control                      0x2000f018   Data         160  net_eth.o(.bss)
    net_eth0_arp_control                     0x2000f0b8   Data          24  net_arp.o(.bss)
    net_http_control                         0x2000f170   Data          20  net_http_server.o(.bss)
    net_sntp_control                         0x2000f184   Data          44  net_sntp_client_core.o(.bss)
    net_ping_control                         0x2000f1b0   Data          44  net_ping_core.o(.bss)
    net_sys_control                          0x2000f1ec   Data          28  net_sys.o(.bss)
    net_dbg_buf                              0x2000f214   Data          36  net_sys.o(.bss)
    __initial_sp                             0x2000f6d8   Data           0  startup_stm32f429xx.o(STACK)



==============================================================================

Memory Map of the image

  Image Entry point : 0x080001ad

  Load Region LR_IROM1 (Base: 0x08000000, Size: 0x000297fc, Max: 0x00200000, ABSOLUTE, COMPRESSED[0x00021190])

    Execution Region ER_IROM1 (Exec base: 0x08000000, Load base: 0x08000000, Size: 0x00021048, Max: 0x00200000, ABSOLUTE)

    Exec Addr    Load Addr    Size         Type   Attr      Idx    E Section Name        Object

    0x08000000   0x08000000   0x000001ac   Data   RO         1640    RESET               startup_stm32f429xx.o
    0x080001ac   0x080001ac   0x00000000   Code   RO         2812  * .ARM.Collect$$$$00000000  mc_w.l(entry.o)
    0x080001ac   0x080001ac   0x00000004   Code   RO         3102    .ARM.Collect$$$$00000001  mc_w.l(entry2.o)
    0x080001b0   0x080001b0   0x00000004   Code   RO         3105    .ARM.Collect$$$$00000004  mc_w.l(entry5.o)
    0x080001b4   0x080001b4   0x00000000   Code   RO         3107    .ARM.Collect$$$$00000008  mc_w.l(entry7b.o)
    0x080001b4   0x080001b4   0x00000000   Code   RO         3109    .ARM.Collect$$$$0000000A  mc_w.l(entry8b.o)
    0x080001b4   0x080001b4   0x00000008   Code   RO         3110    .ARM.Collect$$$$0000000B  mc_w.l(entry9a.o)
    0x080001bc   0x080001bc   0x00000004   Code   RO         3117    .ARM.Collect$$$$0000000E  mc_w.l(entry12b.o)
    0x080001c0   0x080001c0   0x00000000   Code   RO         3112    .ARM.Collect$$$$0000000F  mc_w.l(entry10a.o)
    0x080001c0   0x080001c0   0x00000000   Code   RO         3114    .ARM.Collect$$$$00000011  mc_w.l(entry11a.o)
    0x080001c0   0x080001c0   0x00000004   Code   RO         3103    .ARM.Collect$$$$00002712  mc_w.l(entry2.o)
    0x080001c4   0x080001c4   0x00000148   Code   RO          781    .emb_text           rtx_mempool.o
    0x0800030c   0x0800030c   0x00000148   Code   RO          812    .emb_text           rtx_msgqueue.o
    0x08000454   0x08000454   0x00000148   Code   RO          877    .emb_text           rtx_semaphore.o
    0x0800059c   0x0800059c   0x00000148   Code   RO          908    .emb_text           rtx_system.o
    0x080006e4   0x080006e4   0x00000148   Code   RO          942    .emb_text           rtx_thread.o
    0x0800082c   0x0800082c   0x00000074   Code   RO         1163    .emb_text           eventrecorder.o
    0x080008a0   0x080008a0   0x00000124   Code   RO            4    .text               main.o
    0x080009c4   0x080009c4   0x00000288   Code   RO          153    .text               http_server.o
    0x08000c4c   0x08000c4c   0x0000079c   Code   RO          229    .text               http_server_cgi.o
    0x080013e8   0x080013e8   0x00000078   Code   RO          261    .text               web.o
    0x08001460   0x08001460   0x000000fc   Code   RO          281    .text               rgb.o
    0x0800155c   0x0800155c   0x000000e4   Code   RO          307    .text               pot.o
    0x08001640   0x08001640   0x00000254   Code   RO          334    .text               reloj.o
    0x08001894   0x08001894   0x000000f4   Code   RO          386    .text               rtc.o
    0x08001988   0x08001988   0x0000000c   Code   RO          413    .text               stm32f4xx_it.o
    0x08001994   0x08001994   0x00000214   Code   RO          437    .text               lcd.o
    0x08001ba8   0x08001ba8   0x000000a4   Code   RO          467    .text               buttons_nucleo_f429zi.o
    0x08001c4c   0x08001c4c   0x00000094   Code   RO          520    .text               irq_armv7m.o
    0x08001ce0   0x08001ce0   0x00000104   Code   RO          528    .text               rtx_delay.o
    0x08001de4   0x08001de4   0x00000958   Code   RO          626    .text               rtx_evr.o
    0x0800273c   0x0800273c   0x000006cc   Code   RO          654    .text               rtx_kernel.o
    0x08002e08   0x08002e08   0x00000018   Code   RO          702    .text               rtx_lib.o
    0x08002e20   0x08002e20   0x00000124   Code   RO          751    .text               rtx_memory.o
    0x08002f44   0x08002f44   0x00000678   Code   RO          782    .text               rtx_mempool.o
    0x080035bc   0x080035bc   0x000009bc   Code   RO          813    .text               rtx_msgqueue.o
    0x08003f78   0x08003f78   0x00000558   Code   RO          847    .text               rtx_mutex.o
    0x080044d0   0x080044d0   0x00000450   Code   RO          878    .text               rtx_semaphore.o
    0x08004920   0x08004920   0x00000154   Code   RO          909    .text               rtx_system.o
    0x08004a74   0x08004a74   0x000011e4   Code   RO          943    .text               rtx_thread.o
    0x08005c58   0x08005c58   0x00000480   Code   RO          977    .text               rtx_timer.o
    0x080060d8   0x080060d8   0x000000c4   Code   RO         1007    .text               os_systick.o
    0x0800619c   0x0800619c   0x00000004   Code   RO         1033    .text               rtx_config.o
    0x080061a0   0x080061a0   0x000001ac   Code   RO         1054    .text               phy_lan8742a.o
    0x0800634c   0x0800634c   0x000009e8   Code   RO         1082    .text               emac_stm32f4xx.o
    0x08006d34   0x08006d34   0x00000c5c   Code   RO         1124    .text               spi_stm32f4xx.o
    0x08007990   0x08007990   0x00000538   Code   RO         1164    .text               eventrecorder.o
    0x08007ec8   0x08007ec8   0x000001c8   Code   RO         1198    .text               stm32f4xx_hal.o
    0x08008090   0x08008090   0x00000ab8   Code   RO         1228    .text               stm32f4xx_hal_adc.o
    0x08008b48   0x08008b48   0x00000724   Code   RO         1252    .text               stm32f4xx_hal_adc_ex.o
    0x0800926c   0x0800926c   0x00000298   Code   RO         1276    .text               stm32f4xx_hal_cortex.o
    0x08009504   0x08009504   0x00000718   Code   RO         1304    .text               stm32f4xx_hal_dma.o
    0x08009c1c   0x08009c1c   0x00000364   Code   RO         1353    .text               stm32f4xx_hal_gpio.o
    0x08009f80   0x08009f80   0x00000178   Code   RO         1377    .text               stm32f4xx_hal_pwr.o
    0x0800a0f8   0x0800a0f8   0x00000264   Code   RO         1401    .text               stm32f4xx_hal_pwr_ex.o
    0x0800a35c   0x0800a35c   0x00000760   Code   RO         1425    .text               stm32f4xx_hal_rcc.o
    0x0800aabc   0x0800aabc   0x000005e4   Code   RO         1449    .text               stm32f4xx_hal_rcc_ex.o
    0x0800b0a0   0x0800b0a0   0x00000970   Code   RO         1473    .text               stm32f4xx_hal_rtc.o
    0x0800ba10   0x0800ba10   0x00000b0c   Code   RO         1497    .text               stm32f4xx_hal_rtc_ex.o
    0x0800c51c   0x0800c51c   0x000023d2   Code   RO         1569    .text               stm32f4xx_hal_tim.o
    0x0800e8ee   0x0800e8ee   0x00000002   PAD
    0x0800e8f0   0x0800e8f0   0x00000bb0   Code   RO         1593    .text               stm32f4xx_hal_tim_ex.o
    0x0800f4a0   0x0800f4a0   0x00000024   Code   RO         1641    .text               startup_stm32f429xx.o
    0x0800f4c4   0x0800f4c4   0x000000a0   Code   RO         1648    .text               system_stm32f4xx_1.o
    0x0800f564   0x0800f564   0x00000164   Code   RO         1677    .text               net_config.o
    0x0800f6c8   0x0800f6c8   0x00000152   Code   RO         1772    .text               net_debug.o
    0x0800f81a   0x0800f81a   0x00000062   Code   RO         2815    .text               mc_w.l(uldiv.o)
    0x0800f87c   0x0800f87c   0x00000094   Code   RO         2817    .text               mc_w.l(localtime.o)
    0x0800f910   0x0800f910   0x00000024   Code   RO         2821    .text               mc_w.l(memcpya.o)
    0x0800f934   0x0800f934   0x00000024   Code   RO         2823    .text               mc_w.l(memseta.o)
    0x0800f958   0x0800f958   0x0000000e   Code   RO         2825    .text               mc_w.l(strlen.o)
    0x0800f966   0x0800f966   0x0000001c   Code   RO         2827    .text               mc_w.l(strcmp.o)
    0x0800f982   0x0800f982   0x0000001a   Code   RO         2829    .text               mc_w.l(memcmp.o)
    0x0800f99c   0x0800f99c   0x00000012   Code   RO         2831    .text               mc_w.l(strcpy.o)
    0x0800f9ae   0x0800f9ae   0x0000001e   Code   RO         2833    .text               mc_w.l(strncmp.o)
    0x0800f9cc   0x0800f9cc   0x000000e4   Code   RO         3098    .text               mf_w.l(dmul.o)
    0x0800fab0   0x0800fab0   0x00000026   Code   RO         3100    .text               mf_w.l(f2d.o)
    0x0800fad6   0x0800fad6   0x0000002c   Code   RO         3121    .text               mc_w.l(uidiv.o)
    0x0800fb02   0x0800fb02   0x0000001e   Code   RO         3123    .text               mc_w.l(llshl.o)
    0x0800fb20   0x0800fb20   0x00000020   Code   RO         3125    .text               mc_w.l(llushr.o)
    0x0800fb40   0x0800fb40   0x00000000   Code   RO         3127    .text               mc_w.l(iusefp.o)
    0x0800fb40   0x0800fb40   0x000000ba   Code   RO         3128    .text               mf_w.l(depilogue.o)
    0x0800fbfa   0x0800fbfa   0x0000014e   Code   RO         3130    .text               mf_w.l(dadd.o)
    0x0800fd48   0x0800fd48   0x000000de   Code   RO         3132    .text               mf_w.l(ddiv.o)
    0x0800fe26   0x0800fe26   0x00000030   Code   RO         3134    .text               mf_w.l(dfixul.o)
    0x0800fe56   0x0800fe56   0x00000002   PAD
    0x0800fe58   0x0800fe58   0x00000030   Code   RO         3136    .text               mf_w.l(cdrcmple.o)
    0x0800fe88   0x0800fe88   0x00000024   Code   RO         3138    .text               mc_w.l(init.o)
    0x0800feac   0x0800feac   0x00000024   Code   RO         3141    .text               mc_w.l(llsshr.o)
    0x0800fed0   0x0800fed0   0x00000056   Code   RO         3151    .text               mc_w.l(__dczerorl2.o)
    0x0800ff26   0x0800ff26   0x00000002   PAD
    0x0800ff28   0x0800ff28   0x00000028   Code   RO         3072    i.__0sprintf        mc_w.l(printfa.o)
    0x0800ff50   0x0800ff50   0x0000000e   Code   RO         3145    i.__scatterload_copy  mc_w.l(handlers.o)
    0x0800ff5e   0x0800ff5e   0x00000002   Code   RO         3146    i.__scatterload_null  mc_w.l(handlers.o)
    0x0800ff60   0x0800ff60   0x0000000e   Code   RO         3147    i.__scatterload_zeroinit  mc_w.l(handlers.o)
    0x0800ff6e   0x0800ff6e   0x00000002   PAD
    0x0800ff70   0x0800ff70   0x00000184   Code   RO         3077    i._fp_digits        mc_w.l(printfa.o)
    0x080100f4   0x080100f4   0x000006b4   Code   RO         3078    i._printf_core      mc_w.l(printfa.o)
    0x080107a8   0x080107a8   0x00000024   Code   RO         3079    i._printf_post_padding  mc_w.l(printfa.o)
    0x080107cc   0x080107cc   0x0000002e   Code   RO         3080    i._printf_pre_padding  mc_w.l(printfa.o)
    0x080107fa   0x080107fa   0x0000000a   Code   RO         3082    i._sputc            mc_w.l(printfa.o)
    0x08010804   0x08010804   0x00000054   Code   RO         2211    i.add_server_id     Net_Dbg_CM3_L.lib(net_http_server.o)
    0x08010858   0x08010858   0x0000005c   Code   RO         1858    i.arp_cache_alloc   Net_Dbg_CM3_L.lib(net_arp.o)
    0x080108b4   0x080108b4   0x00000170   Code   RO         1859    i.arp_cache_run     Net_Dbg_CM3_L.lib(net_arp.o)
    0x08010a24   0x08010a24   0x00000038   Code   RO         1860    i.arp_is_cacheable  Net_Dbg_CM3_L.lib(net_arp.o)
    0x08010a5c   0x08010a5c   0x00000088   Code   RO         1861    i.arp_probe_run     Net_Dbg_CM3_L.lib(net_arp.o)
    0x08010ae4   0x08010ae4   0x000000d8   Code   RO         1863    i.arp_proc_response  Net_Dbg_CM3_L.lib(net_arp.o)
    0x08010bbc   0x08010bbc   0x0000001a   Code   RO         1864    i.arp_que_free      Net_Dbg_CM3_L.lib(net_arp.o)
    0x08010bd6   0x08010bd6   0x00000002   PAD
    0x08010bd8   0x08010bd8   0x000000a0   Code   RO         1865    i.arp_send_reply    Net_Dbg_CM3_L.lib(net_arp.o)
    0x08010c78   0x08010c78   0x000000d0   Code   RO         1866    i.arp_send_request  Net_Dbg_CM3_L.lib(net_arp.o)
    0x08010d48   0x08010d48   0x00000068   Code   RO         1867    i.arp_sender_valid  Net_Dbg_CM3_L.lib(net_arp.o)
    0x08010db0   0x08010db0   0x0000018c   Code   RO         2212    i.chk_post_req      Net_Dbg_CM3_L.lib(net_http_server.o)
    0x08010f3c   0x08010f3c   0x00000028   Code   RO         2726    i.crc32_8bit        Net_Dbg_CM3_L.lib(net_common.o)
    0x08010f64   0x08010f64   0x0000009a   Code   RO         1802    i.eth_check_link    Net_Dbg_CM3_L.lib(net_eth.o)
    0x08010ffe   0x08010ffe   0x00000002   PAD
    0x08011000   0x08011000   0x00000020   Code   RO         1803    i.eth_if_map        Net_Dbg_CM3_L.lib(net_eth.o)
    0x08011020   0x08011020   0x00000304   Code   RO         1804    i.eth_iface_init    Net_Dbg_CM3_L.lib(net_eth.o)
    0x08011324   0x08011324   0x00000290   Code   RO         1805    i.eth_iface_run     Net_Dbg_CM3_L.lib(net_eth.o)
    0x080115b4   0x080115b4   0x00000008   Code   RO         1807    i.eth_lock          Net_Dbg_CM3_L.lib(net_eth.o)
    0x080115bc   0x080115bc   0x0000001c   Code   RO         1808    i.eth_mtu_limit     Net_Dbg_CM3_L.lib(net_eth.o)
    0x080115d8   0x080115d8   0x00000048   Code   RO         1809    i.eth_opt_len       Net_Dbg_CM3_L.lib(net_eth.o)
    0x08011620   0x08011620   0x00000088   Code   RO         1810    i.eth_receive       Net_Dbg_CM3_L.lib(net_eth.o)
    0x080116a8   0x080116a8   0x00000008   Code   RO         1811    i.eth_unlock        Net_Dbg_CM3_L.lib(net_eth.o)
    0x080116b0   0x080116b0   0x0000007c   Code   RO         1975    i.frag_map_session  Net_Dbg_CM3_L.lib(net_ip4_frag.o)
    0x0801172c   0x0801172c   0x00000028   Code   RO         2213    i.get_next_field    Net_Dbg_CM3_L.lib(net_http_server.o)
    0x08011754   0x08011754   0x00000032   Code   RO         2214    i.get_next_par      Net_Dbg_CM3_L.lib(net_http_server.o)
    0x08011786   0x08011786   0x00000022   Code   RO         2215    i.hex2byte          Net_Dbg_CM3_L.lib(net_http_server.o)
    0x080117a8   0x080117a8   0x0000036c   Code   RO         2216    i.http_add_header   Net_Dbg_CM3_L.lib(net_http_server.o)
    0x08011b14   0x08011b14   0x00000050   Code   RO         2336    i.http_auth_basic_add  Net_Dbg_CM3_L.lib(net_http_server_auth.o)
    0x08011b64   0x08011b64   0x00000090   Code   RO         2337    i.http_auth_basic_parse  Net_Dbg_CM3_L.lib(net_http_server_auth.o)
    0x08011bf4   0x08011bf4   0x00000002   Code   RO         2343    i.http_auth_dummy   Net_Dbg_CM3_L.lib(net_http_server_auth.o)
    0x08011bf6   0x08011bf6   0x00000002   PAD
    0x08011bf8   0x08011bf8   0x00000024   Code   RO         2344    i.http_auth_init    Net_Dbg_CM3_L.lib(net_http_server_auth.o)
    0x08011c1c   0x08011c1c   0x000001cc   Code   RO         2217    i.http_error_msg    Net_Dbg_CM3_L.lib(net_http_server.o)
    0x08011de8   0x08011de8   0x00000078   Code   RO         2218    i.http_get_ftype    Net_Dbg_CM3_L.lib(net_http_server.o)
    0x08011e60   0x08011e60   0x0000005e   Code   RO         2219    i.http_kill_session  Net_Dbg_CM3_L.lib(net_http_server.o)
    0x08011ebe   0x08011ebe   0x00000002   PAD
    0x08011ec0   0x08011ec0   0x000002a8   Code   RO         2220    i.http_listener     Net_Dbg_CM3_L.lib(net_http_server.o)
    0x08012168   0x08012168   0x00000184   Code   RO         2221    i.http_open_file    Net_Dbg_CM3_L.lib(net_http_server.o)
    0x080122ec   0x080122ec   0x0000011c   Code   RO         2222    i.http_parse_header  Net_Dbg_CM3_L.lib(net_http_server.o)
    0x08012408   0x08012408   0x000001a8   Code   RO         2223    i.http_proc_multipart  Net_Dbg_CM3_L.lib(net_http_server.o)
    0x080125b0   0x080125b0   0x00000138   Code   RO         2224    i.http_proc_post    Net_Dbg_CM3_L.lib(net_http_server.o)
    0x080126e8   0x080126e8   0x00000468   Code   RO         2225    i.http_server_run   Net_Dbg_CM3_L.lib(net_http_server.o)
    0x08012b50   0x08012b50   0x00000060   Code   RO         2226    i.http_server_start  Net_Dbg_CM3_L.lib(net_http_server.o)
    0x08012bb0   0x08012bb0   0x00000020   Code   RO         2228    i.http_strcpy       Net_Dbg_CM3_L.lib(net_http_server.o)
    0x08012bd0   0x08012bd0   0x000000ac   Code   RO         2229    i.http_to_utc       Net_Dbg_CM3_L.lib(net_http_server.o)
    0x08012c7c   0x08012c7c   0x0000001a   Code   RO         2727    i.i2str             Net_Dbg_CM3_L.lib(net_common.o)
    0x08012c96   0x08012c96   0x00000002   PAD
    0x08012c98   0x08012c98   0x0000009c   Code   RO         1925    i.igmp_host_run     Net_Dbg_CM3_L.lib(net_igmp.o)
    0x08012d34   0x08012d34   0x00000024   Code   RO         1926    i.igmp_map_group    Net_Dbg_CM3_L.lib(net_igmp.o)
    0x08012d58   0x08012d58   0x00000070   Code   RO         1927    i.igmp_send_report  Net_Dbg_CM3_L.lib(net_igmp.o)
    0x08012dc8   0x08012dc8   0x0000000c   Code   RO         2604    i.ip4_get_chksum    Net_Dbg_CM3_L.lib(net_ip4.o)
    0x08012dd4   0x08012dd4   0x00000028   Code   RO         2605    i.ip4_get_mtu       Net_Dbg_CM3_L.lib(net_ip4.o)
    0x08012dfc   0x08012dfc   0x00000040   Code   RO         2467    i.ip4_ntoa          Net_Dbg_CM3_L.lib(net_addr.o)
    0x08012e3c   0x08012e3c   0x000000ca   Code   RO         2468    i.ip6_ntoa          Net_Dbg_CM3_L.lib(net_addr.o)
    0x08012f06   0x08012f06   0x00000002   PAD
    0x08012f08   0x08012f08   0x0000000c   Code   RO         2703    i.mem_lock          Net_Dbg_CM3_L.lib(net_mem.o)
    0x08012f14   0x08012f14   0x0000000c   Code   RO         2704    i.mem_unlock        Net_Dbg_CM3_L.lib(net_mem.o)
    0x08012f20   0x08012f20   0x000001a4   Code   RO         2197    i.nbns_listener     Net_Dbg_CM3_L.lib(net_nbns_client.o)
    0x080130c4   0x080130c4   0x00000120   Code   RO         2534    i.ndp_cache_add     Net_Dbg_CM3_L.lib(net_ndp.o)
    0x080131e4   0x080131e4   0x00000072   Code   RO         2535    i.ndp_cache_alloc   Net_Dbg_CM3_L.lib(net_ndp.o)
    0x08013256   0x08013256   0x00000002   PAD
    0x08013258   0x08013258   0x00000078   Code   RO         2536    i.ndp_cache_delete  Net_Dbg_CM3_L.lib(net_ndp.o)
    0x080132d0   0x080132d0   0x0000002c   Code   RO         2538    i.ndp_check_frame   Net_Dbg_CM3_L.lib(net_ndp.o)
    0x080132fc   0x080132fc   0x00000012   Code   RO         2539    i.ndp_next_opt      Net_Dbg_CM3_L.lib(net_ndp.o)
    0x0801330e   0x0801330e   0x00000002   PAD
    0x08013310   0x08013310   0x000000e4   Code   RO         2540    i.ndp_prefix_add    Net_Dbg_CM3_L.lib(net_ndp.o)
    0x080133f4   0x080133f4   0x000000fc   Code   RO         2543    i.ndp_proc_response  Net_Dbg_CM3_L.lib(net_ndp.o)
    0x080134f0   0x080134f0   0x0000001a   Code   RO         2544    i.ndp_que_free      Net_Dbg_CM3_L.lib(net_ndp.o)
    0x0801350a   0x0801350a   0x00000002   PAD
    0x0801350c   0x0801350c   0x00000038   Code   RO         2545    i.ndp_router_remove  Net_Dbg_CM3_L.lib(net_ndp.o)
    0x08013544   0x08013544   0x0000009c   Code   RO         2546    i.ndp_send_reply    Net_Dbg_CM3_L.lib(net_ndp.o)
    0x080135e0   0x080135e0   0x000000bc   Code   RO         2547    i.ndp_send_request  Net_Dbg_CM3_L.lib(net_ndp.o)
    0x0801369c   0x0801369c   0x00000004   Code   RO         2230    i.netCGI_Charset    Net_Dbg_CM3_L.lib(net_http_server.o)
    0x080136a0   0x080136a0   0x00000004   Code   RO         2231    i.netCGI_ContentType  Net_Dbg_CM3_L.lib(net_http_server.o)
    0x080136a4   0x080136a4   0x00000004   Code   RO         2232    i.netCGI_CustomHeader  Net_Dbg_CM3_L.lib(net_http_server.o)
    0x080136a8   0x080136a8   0x0000006c   Code   RO         2233    i.netCGI_GetEnvVar  Net_Dbg_CM3_L.lib(net_http_server.o)
    0x08013714   0x08013714   0x00000004   Code   RO         2236    i.netCGI_Redirect   Net_Dbg_CM3_L.lib(net_http_server.o)
    0x08013718   0x08013718   0x00000004   Code   RO         2238    i.netCGX_ContentType  Net_Dbg_CM3_L.lib(net_http_server.o)
    0x0801371c   0x0801371c   0x00000064   Code   RO         2417    i.netCore_Thread    Net_Dbg_CM3_L.lib(net_sys.o)
    0x08013780   0x08013780   0x00000002   Code   RO         1812    i.netETH_Notify     Net_Dbg_CM3_L.lib(net_eth.o)
    0x08013782   0x08013782   0x00000002   Code   RO         1813    i.netETH_ReceiveRaw  Net_Dbg_CM3_L.lib(net_eth.o)
    0x08013784   0x08013784   0x00000072   Code   RO         1815    i.netETH_Thread     Net_Dbg_CM3_L.lib(net_eth.o)
    0x080137f6   0x080137f6   0x00000004   Code   RO         2239    i.netHTTPs_AcceptClient  Net_Dbg_CM3_L.lib(net_http_server.o)
    0x080137fa   0x080137fa   0x00000004   Code   RO         2345    i.netHTTPs_CheckAccount  Net_Dbg_CM3_L.lib(net_http_server_auth.o)
    0x080137fe   0x080137fe   0x00000004   Code   RO         2241    i.netHTTPs_FileAccess  Net_Dbg_CM3_L.lib(net_http_server.o)
    0x08013802   0x08013802   0x00000002   PAD
    0x08013804   0x08013804   0x00000020   Code   RO         2244    i.netHTTPs_GetLanguage  Net_Dbg_CM3_L.lib(net_http_server.o)
    0x08013824   0x08013824   0x0000000c   Code   RO         2245    i.netHTTPs_GetPassword  Net_Dbg_CM3_L.lib(net_http_server.o)
    0x08013830   0x08013830   0x0000000c   Code   RO         2251    i.netHTTPs_LoginActive  Net_Dbg_CM3_L.lib(net_http_server.o)
    0x0801383c   0x0801383c   0x00000058   Code   RO         2254    i.netHTTPs_SetPassword  Net_Dbg_CM3_L.lib(net_http_server.o)
    0x08013894   0x08013894   0x00000088   Code   RO         2418    i.netIF_GetOption   Net_Dbg_CM3_L.lib(net_sys.o)
    0x0801391c   0x0801391c   0x00000084   Code   RO         2420    i.netIF_SetOption   Net_Dbg_CM3_L.lib(net_sys.o)
    0x080139a0   0x080139a0   0x0000001a   Code   RO         2470    i.netIP_aton        Net_Dbg_CM3_L.lib(net_addr.o)
    0x080139ba   0x080139ba   0x00000032   Code   RO         2471    i.netIP_ntoa        Net_Dbg_CM3_L.lib(net_addr.o)
    0x080139ec   0x080139ec   0x000000ac   Code   RO         2421    i.netInitialize     Net_Dbg_CM3_L.lib(net_sys.o)
    0x08013a98   0x08013a98   0x0000008c   Code   RO         2472    i.netMAC_aton       Net_Dbg_CM3_L.lib(net_addr.o)
    0x08013b24   0x08013b24   0x0000001c   Code   RO         2370    i.netSNTPc_GetTime  Net_Dbg_CM3_L.lib(net_sntp_client_core.o)
    0x08013b40   0x08013b40   0x00000004   Code   RO         2078    i.netTCP_GetLocalPort  Net_Dbg_CM3_L.lib(net_tcp.o)
    0x08013b44   0x08013b44   0x00000020   Code   RO         2080    i.netTCP_GetPeer    Net_Dbg_CM3_L.lib(net_tcp.o)
    0x08013b64   0x08013b64   0x00000004   Code   RO         2082    i.netTCP_GetState   Net_Dbg_CM3_L.lib(net_tcp.o)
    0x08013b68   0x08013b68   0x00000004   Code   RO         2083    i.netTCP_GetTimer   Net_Dbg_CM3_L.lib(net_tcp.o)
    0x08013b6c   0x08013b6c   0x0000007c   Code   RO         2474    i.net_addr4_aton    Net_Dbg_CM3_L.lib(net_addr.o)
    0x08013be8   0x08013be8   0x0000001e   Code   RO         2476    i.net_addr4_to_mac  Net_Dbg_CM3_L.lib(net_addr.o)
    0x08013c06   0x08013c06   0x00000002   PAD
    0x08013c08   0x08013c08   0x000000e6   Code   RO         2477    i.net_addr6_aton    Net_Dbg_CM3_L.lib(net_addr.o)
    0x08013cee   0x08013cee   0x00000028   Code   RO         2478    i.net_addr6_comp    Net_Dbg_CM3_L.lib(net_addr.o)
    0x08013d16   0x08013d16   0x00000012   Code   RO         2479    i.net_addr6_copy    Net_Dbg_CM3_L.lib(net_addr.o)
    0x08013d28   0x08013d28   0x0000004c   Code   RO         2480    i.net_addr6_create  Net_Dbg_CM3_L.lib(net_addr.o)
    0x08013d74   0x08013d74   0x00000028   Code   RO         2481    i.net_addr6_get_solicited  Net_Dbg_CM3_L.lib(net_addr.o)
    0x08013d9c   0x08013d9c   0x00000018   Code   RO         2482    i.net_addr6_is_linklocal  Net_Dbg_CM3_L.lib(net_addr.o)
    0x08013db4   0x08013db4   0x0000006e   Code   RO         2483    i.net_addr6_is_onlink  Net_Dbg_CM3_L.lib(net_addr.o)
    0x08013e22   0x08013e22   0x00000048   Code   RO         2484    i.net_addr6_is_solicited  Net_Dbg_CM3_L.lib(net_addr.o)
    0x08013e6a   0x08013e6a   0x00000018   Code   RO         2485    i.net_addr6_is_unspec  Net_Dbg_CM3_L.lib(net_addr.o)
    0x08013e82   0x08013e82   0x0000000e   Code   RO         2487    i.net_addr6_to_mac  Net_Dbg_CM3_L.lib(net_addr.o)
    0x08013e90   0x08013e90   0x0000002c   Code   RO         2488    i.net_addr_comp     Net_Dbg_CM3_L.lib(net_addr.o)
    0x08013ebc   0x08013ebc   0x00000026   Code   RO         2489    i.net_addr_copy     Net_Dbg_CM3_L.lib(net_addr.o)
    0x08013ee2   0x08013ee2   0x0000001a   Code   RO         2490    i.net_addr_find_route  Net_Dbg_CM3_L.lib(net_addr.o)
    0x08013efc   0x08013efc   0x00000020   Code   RO         2492    i.net_addr_get_local  Net_Dbg_CM3_L.lib(net_addr.o)
    0x08013f1c   0x08013f1c   0x00000022   Code   RO         2493    i.net_addr_is_unspec  Net_Dbg_CM3_L.lib(net_addr.o)
    0x08013f3e   0x08013f3e   0x00000002   PAD
    0x08013f40   0x08013f40   0x0000011c   Code   RO         1875    i.net_arp_cache_add  Net_Dbg_CM3_L.lib(net_arp.o)
    0x0801405c   0x0801405c   0x000000bc   Code   RO         1876    i.net_arp_cache_early  Net_Dbg_CM3_L.lib(net_arp.o)
    0x08014118   0x08014118   0x000000ec   Code   RO         1877    i.net_arp_cache_find  Net_Dbg_CM3_L.lib(net_arp.o)
    0x08014204   0x08014204   0x00000048   Code   RO         1878    i.net_arp_cache_init  Net_Dbg_CM3_L.lib(net_arp.o)
    0x0801424c   0x0801424c   0x0000001c   Code   RO         1879    i.net_arp_cache_run  Net_Dbg_CM3_L.lib(net_arp.o)
    0x08014268   0x08014268   0x00000078   Code   RO         1881    i.net_arp_enqueue   Net_Dbg_CM3_L.lib(net_arp.o)
    0x080142e0   0x080142e0   0x00000020   Code   RO         1883    i.net_arp_notify    Net_Dbg_CM3_L.lib(net_arp.o)
    0x08014300   0x08014300   0x00000224   Code   RO         1885    i.net_arp_process   Net_Dbg_CM3_L.lib(net_arp.o)
    0x08014524   0x08014524   0x00000042   Code   RO         2728    i.net_atoi          Net_Dbg_CM3_L.lib(net_common.o)
    0x08014566   0x08014566   0x00000002   PAD
    0x08014568   0x08014568   0x00000078   Code   RO         2794    i.net_base64_decode  Net_Dbg_CM3_L.lib(net_base64.o)
    0x080145e0   0x080145e0   0x00000030   Code   RO         2730    i.net_chksum_buf    Net_Dbg_CM3_L.lib(net_common.o)
    0x08014610   0x08014610   0x0000001e   Code   RO         2731    i.net_crc_buf       Net_Dbg_CM3_L.lib(net_common.o)
    0x0801462e   0x0801462e   0x0000000e   Code   RO         1816    i.net_eth_callback  Net_Dbg_CM3_L.lib(net_eth.o)
    0x0801463c   0x0801463c   0x00000068   Code   RO         1817    i.net_eth_config_mcast  Net_Dbg_CM3_L.lib(net_eth.o)
    0x080146a4   0x080146a4   0x000000ea   Code   RO         1819    i.net_eth_get_option  Net_Dbg_CM3_L.lib(net_eth.o)
    0x0801478e   0x0801478e   0x00000002   PAD
    0x08014790   0x08014790   0x0000001c   Code   RO         1820    i.net_eth_iface_init  Net_Dbg_CM3_L.lib(net_eth.o)
    0x080147ac   0x080147ac   0x0000001c   Code   RO         1821    i.net_eth_iface_run  Net_Dbg_CM3_L.lib(net_eth.o)
    0x080147c8   0x080147c8   0x000000a8   Code   RO         1823    i.net_eth_output    Net_Dbg_CM3_L.lib(net_eth.o)
    0x08014870   0x08014870   0x000001e0   Code   RO         1824    i.net_eth_send_frame  Net_Dbg_CM3_L.lib(net_eth.o)
    0x08014a50   0x08014a50   0x00000270   Code   RO         1825    i.net_eth_set_option  Net_Dbg_CM3_L.lib(net_eth.o)
    0x08014cc0   0x08014cc0   0x000000e8   Code   RO         2260    i.net_http_server_init  Net_Dbg_CM3_L.lib(net_http_server.o)
    0x08014da8   0x08014da8   0x00000028   Code   RO         2261    i.net_http_server_run  Net_Dbg_CM3_L.lib(net_http_server.o)
    0x08014dd0   0x08014dd0   0x00000018   Code   RO         2676    i.net_icmp6_init    Net_Dbg_CM3_L.lib(net_icmp6.o)
    0x08014de8   0x08014de8   0x00000238   Code   RO         2677    i.net_icmp6_process  Net_Dbg_CM3_L.lib(net_icmp6.o)
    0x08015020   0x08015020   0x00000084   Code   RO         2678    i.net_icmp6_send    Net_Dbg_CM3_L.lib(net_icmp6.o)
    0x080150a4   0x080150a4   0x00000058   Code   RO         2679    i.net_icmp6_send_echo  Net_Dbg_CM3_L.lib(net_icmp6.o)
    0x080150fc   0x080150fc   0x00000018   Code   RO         1997    i.net_icmp_init     Net_Dbg_CM3_L.lib(net_icmp.o)
    0x08015114   0x08015114   0x000001c8   Code   RO         1998    i.net_icmp_process  Net_Dbg_CM3_L.lib(net_icmp.o)
    0x080152dc   0x080152dc   0x000000a0   Code   RO         1999    i.net_icmp_send_echo  Net_Dbg_CM3_L.lib(net_icmp.o)
    0x0801537c   0x0801537c   0x0000000c   Code   RO         2425    i.net_if_map_all    Net_Dbg_CM3_L.lib(net_sys.o)
    0x08015388   0x08015388   0x0000006c   Code   RO         1930    i.net_igmp_collect_mcast  Net_Dbg_CM3_L.lib(net_igmp.o)
    0x080153f4   0x080153f4   0x00000048   Code   RO         1931    i.net_igmp_host_init  Net_Dbg_CM3_L.lib(net_igmp.o)
    0x0801543c   0x0801543c   0x0000001c   Code   RO         1932    i.net_igmp_host_run  Net_Dbg_CM3_L.lib(net_igmp.o)
    0x08015458   0x08015458   0x00000020   Code   RO         1934    i.net_igmp_is_member  Net_Dbg_CM3_L.lib(net_igmp.o)
    0x08015478   0x08015478   0x000001ac   Code   RO         1935    i.net_igmp_process  Net_Dbg_CM3_L.lib(net_igmp.o)
    0x08015624   0x08015624   0x0000018c   Code   RO         2606    i.net_ip4_chk_frame  Net_Dbg_CM3_L.lib(net_ip4.o)
    0x080157b0   0x080157b0   0x0000002c   Code   RO         2607    i.net_ip4_chksum    Net_Dbg_CM3_L.lib(net_ip4.o)
    0x080157dc   0x080157dc   0x00000006   Code   RO         2608    i.net_ip4_chksum_buf  Net_Dbg_CM3_L.lib(net_ip4.o)
    0x080157e2   0x080157e2   0x00000002   PAD
    0x080157e4   0x080157e4   0x00000080   Code   RO         2610    i.net_ip4_find_route  Net_Dbg_CM3_L.lib(net_ip4.o)
    0x08015864   0x08015864   0x00000124   Code   RO         1976    i.net_ip4_frag_add  Net_Dbg_CM3_L.lib(net_ip4_frag.o)
    0x08015988   0x08015988   0x000000ac   Code   RO         1977    i.net_ip4_frag_get  Net_Dbg_CM3_L.lib(net_ip4_frag.o)
    0x08015a34   0x08015a34   0x00000010   Code   RO         1978    i.net_ip4_frag_init  Net_Dbg_CM3_L.lib(net_ip4_frag.o)
    0x08015a44   0x08015a44   0x0000003c   Code   RO         1979    i.net_ip4_frag_run  Net_Dbg_CM3_L.lib(net_ip4_frag.o)
    0x08015a80   0x08015a80   0x0000002c   Code   RO         2611    i.net_ip4_get_local  Net_Dbg_CM3_L.lib(net_ip4.o)
    0x08015aac   0x08015aac   0x00000024   Code   RO         2612    i.net_ip4_init      Net_Dbg_CM3_L.lib(net_ip4.o)
    0x08015ad0   0x08015ad0   0x00000020   Code   RO         2613    i.net_ip4_is_onlink  Net_Dbg_CM3_L.lib(net_ip4.o)
    0x08015af0   0x08015af0   0x00000026   Code   RO         2614    i.net_ip4_is_subcast  Net_Dbg_CM3_L.lib(net_ip4.o)
    0x08015b16   0x08015b16   0x0000000e   Code   RO         2615    i.net_ip4_reass_frame  Net_Dbg_CM3_L.lib(net_ip4.o)
    0x08015b24   0x08015b24   0x00000164   Code   RO         2616    i.net_ip4_send_frame  Net_Dbg_CM3_L.lib(net_ip4.o)
    0x08015c88   0x08015c88   0x0000002a   Code   RO         2618    i.net_ip4_tx_offl_hl  Net_Dbg_CM3_L.lib(net_ip4.o)
    0x08015cb2   0x08015cb2   0x00000002   PAD
    0x08015cb4   0x08015cb4   0x00000100   Code   RO         2644    i.net_ip6_chk_frame  Net_Dbg_CM3_L.lib(net_ip6.o)
    0x08015db4   0x08015db4   0x00000032   Code   RO         2645    i.net_ip6_chksum    Net_Dbg_CM3_L.lib(net_ip6.o)
    0x08015de6   0x08015de6   0x00000002   PAD
    0x08015de8   0x08015de8   0x0000007c   Code   RO         2646    i.net_ip6_collect_mcast  Net_Dbg_CM3_L.lib(net_ip6.o)
    0x08015e64   0x08015e64   0x00000048   Code   RO         2648    i.net_ip6_find_route  Net_Dbg_CM3_L.lib(net_ip6.o)
    0x08015eac   0x08015eac   0x00000054   Code   RO         2649    i.net_ip6_get_local  Net_Dbg_CM3_L.lib(net_ip6.o)
    0x08015f00   0x08015f00   0x0000001c   Code   RO         2650    i.net_ip6_init      Net_Dbg_CM3_L.lib(net_ip6.o)
    0x08015f1c   0x08015f1c   0x000000cc   Code   RO         2651    i.net_ip6_send_frame  Net_Dbg_CM3_L.lib(net_ip6.o)
    0x08015fe8   0x08015fe8   0x0000001e   Code   RO         2653    i.net_ip6_tx_offl_hl  Net_Dbg_CM3_L.lib(net_ip6.o)
    0x08016006   0x08016006   0x00000008   Code   RO         2732    i.net_itoa          Net_Dbg_CM3_L.lib(net_common.o)
    0x0801600e   0x0801600e   0x00000006   Code   RO         2734    i.net_itoa_n0       Net_Dbg_CM3_L.lib(net_common.o)
    0x08016014   0x08016014   0x00000030   Code   RO         1958    i.net_loop_iface_init  Net_Dbg_CM3_L.lib(net_loopback.o)
    0x08016044   0x08016044   0x000000bc   Code   RO         1959    i.net_loop_iface_run  Net_Dbg_CM3_L.lib(net_loopback.o)
    0x08016100   0x08016100   0x00000070   Code   RO         1961    i.net_loop_send_frame  Net_Dbg_CM3_L.lib(net_loopback.o)
    0x08016170   0x08016170   0x000000c0   Code   RO         2705    i.net_mem_alloc     Net_Dbg_CM3_L.lib(net_mem.o)
    0x08016230   0x08016230   0x0000001c   Code   RO         2706    i.net_mem_avail     Net_Dbg_CM3_L.lib(net_mem.o)
    0x0801624c   0x0801624c   0x000000a4   Code   RO         2707    i.net_mem_free      Net_Dbg_CM3_L.lib(net_mem.o)
    0x080162f0   0x080162f0   0x00000070   Code   RO         2708    i.net_mem_init      Net_Dbg_CM3_L.lib(net_mem.o)
    0x08016360   0x08016360   0x00000048   Code   RO         2709    i.net_mem_shrink    Net_Dbg_CM3_L.lib(net_mem.o)
    0x080163a8   0x080163a8   0x00000064   Code   RO         2198    i.net_nbns_client_init  Net_Dbg_CM3_L.lib(net_nbns_client.o)
    0x0801640c   0x0801640c   0x000001c4   Code   RO         2555    i.net_ndp_cache_find  Net_Dbg_CM3_L.lib(net_ndp.o)
    0x080165d0   0x080165d0   0x00000078   Code   RO         2558    i.net_ndp_cache_refresh  Net_Dbg_CM3_L.lib(net_ndp.o)
    0x08016648   0x08016648   0x00000070   Code   RO         2561    i.net_ndp_enqueue   Net_Dbg_CM3_L.lib(net_ndp.o)
    0x080166b8   0x080166b8   0x00000374   Code   RO         2563    i.net_ndp_process   Net_Dbg_CM3_L.lib(net_ndp.o)
    0x08016a2c   0x08016a2c   0x00000038   Code   RO         2427    i.net_path          Net_Dbg_CM3_L.lib(net_sys.o)
    0x08016a64   0x08016a64   0x00000020   Code   RO         2398    i.net_ping_client_init  Net_Dbg_CM3_L.lib(net_ping_core.o)
    0x08016a84   0x08016a84   0x00000080   Code   RO         2399    i.net_ping_client_run  Net_Dbg_CM3_L.lib(net_ping_core.o)
    0x08016b04   0x08016b04   0x0000001c   Code   RO         2428    i.net_rand32        Net_Dbg_CM3_L.lib(net_sys.o)
    0x08016b20   0x08016b20   0x0000005c   Code   RO         2372    i.net_sntp_client_init  Net_Dbg_CM3_L.lib(net_sntp_client_core.o)
    0x08016b7c   0x08016b7c   0x00000058   Code   RO         2373    i.net_sntp_client_run  Net_Dbg_CM3_L.lib(net_sntp_client_core.o)
    0x08016bd4   0x08016bd4   0x00000148   Code   RO         2374    i.net_sntp_client_start  Net_Dbg_CM3_L.lib(net_sntp_client_core.o)
    0x08016d1c   0x08016d1c   0x0000002e   Code   RO         2735    i.net_strcasecmp    Net_Dbg_CM3_L.lib(net_common.o)
    0x08016d4a   0x08016d4a   0x00000016   Code   RO         2736    i.net_strchr        Net_Dbg_CM3_L.lib(net_common.o)
    0x08016d60   0x08016d60   0x0000001a   Code   RO         2737    i.net_strcmp        Net_Dbg_CM3_L.lib(net_common.o)
    0x08016d7a   0x08016d7a   0x00000012   Code   RO         2738    i.net_strcpy        Net_Dbg_CM3_L.lib(net_common.o)
    0x08016d8c   0x08016d8c   0x0000001c   Code   RO         2740    i.net_strnchr       Net_Dbg_CM3_L.lib(net_common.o)
    0x08016da8   0x08016da8   0x0000001a   Code   RO         2741    i.net_strncpy       Net_Dbg_CM3_L.lib(net_common.o)
    0x08016dc2   0x08016dc2   0x00000020   Code   RO         2742    i.net_strtoupper    Net_Dbg_CM3_L.lib(net_common.o)
    0x08016de2   0x08016de2   0x00000002   PAD
    0x08016de4   0x08016de4   0x0000000c   Code   RO         2429    i.net_sys_lock      Net_Dbg_CM3_L.lib(net_sys.o)
    0x08016df0   0x08016df0   0x00000016   Code   RO         2430    i.net_sys_resume    Net_Dbg_CM3_L.lib(net_sys.o)
    0x08016e06   0x08016e06   0x00000002   PAD
    0x08016e08   0x08016e08   0x00000014   Code   RO         2432    i.net_sys_tick      Net_Dbg_CM3_L.lib(net_sys.o)
    0x08016e1c   0x08016e1c   0x0000000c   Code   RO         2433    i.net_sys_unlock    Net_Dbg_CM3_L.lib(net_sys.o)
    0x08016e28   0x08016e28   0x00000020   Code   RO         2435    i.net_sys_wakeup    Net_Dbg_CM3_L.lib(net_sys.o)
    0x08016e48   0x08016e48   0x00000084   Code   RO         2090    i.net_tcp_abort     Net_Dbg_CM3_L.lib(net_tcp.o)
    0x08016ecc   0x08016ecc   0x000000e4   Code   RO         2093    i.net_tcp_close     Net_Dbg_CM3_L.lib(net_tcp.o)
    0x08016fb0   0x08016fb0   0x0000002e   Code   RO         2096    i.net_tcp_get_buf   Net_Dbg_CM3_L.lib(net_tcp.o)
    0x08016fde   0x08016fde   0x00000002   PAD
    0x08016fe0   0x08016fe0   0x00000034   Code   RO         2098    i.net_tcp_get_local_port  Net_Dbg_CM3_L.lib(net_tcp.o)
    0x08017014   0x08017014   0x00000028   Code   RO         2099    i.net_tcp_get_mss   Net_Dbg_CM3_L.lib(net_tcp.o)
    0x0801703c   0x0801703c   0x00000054   Code   RO         2101    i.net_tcp_get_peer  Net_Dbg_CM3_L.lib(net_tcp.o)
    0x08017090   0x08017090   0x00000070   Code   RO         2103    i.net_tcp_get_socket  Net_Dbg_CM3_L.lib(net_tcp.o)
    0x08017100   0x08017100   0x0000002c   Code   RO         2104    i.net_tcp_get_state  Net_Dbg_CM3_L.lib(net_tcp.o)
    0x0801712c   0x0801712c   0x00000034   Code   RO         2105    i.net_tcp_get_timer  Net_Dbg_CM3_L.lib(net_tcp.o)
    0x08017160   0x08017160   0x000000b0   Code   RO         2106    i.net_tcp_listen    Net_Dbg_CM3_L.lib(net_tcp.o)
    0x08017210   0x08017210   0x000007a8   Code   RO         2108    i.net_tcp_process   Net_Dbg_CM3_L.lib(net_tcp.o)
    0x080179b8   0x080179b8   0x0000015c   Code   RO         2112    i.net_tcp_send      Net_Dbg_CM3_L.lib(net_tcp.o)
    0x08017b14   0x08017b14   0x0000012c   Code   RO         2114    i.net_tcp_set_option  Net_Dbg_CM3_L.lib(net_tcp.o)
    0x08017c40   0x08017c40   0x00000028   Code   RO         2115    i.net_tcp_socket_init  Net_Dbg_CM3_L.lib(net_tcp.o)
    0x08017c68   0x08017c68   0x000003c0   Code   RO         2116    i.net_tcp_socket_run  Net_Dbg_CM3_L.lib(net_tcp.o)
    0x08018028   0x08018028   0x00000048   Code   RO         2024    i.net_udp_close     Net_Dbg_CM3_L.lib(net_udp.o)
    0x08018070   0x08018070   0x0000002e   Code   RO         2027    i.net_udp_get_buf   Net_Dbg_CM3_L.lib(net_udp.o)
    0x0801809e   0x0801809e   0x00000002   PAD
    0x080180a0   0x080180a0   0x00000070   Code   RO         2030    i.net_udp_get_socket  Net_Dbg_CM3_L.lib(net_udp.o)
    0x08018110   0x08018110   0x000000ac   Code   RO         2032    i.net_udp_open      Net_Dbg_CM3_L.lib(net_udp.o)
    0x080181bc   0x080181bc   0x00000158   Code   RO         2033    i.net_udp_process   Net_Dbg_CM3_L.lib(net_udp.o)
    0x08018314   0x08018314   0x00000012   Code   RO         2035    i.net_udp_send      Net_Dbg_CM3_L.lib(net_udp.o)
    0x08018326   0x08018326   0x00000002   PAD
    0x08018328   0x08018328   0x0000022c   Code   RO         2036    i.net_udp_send_if   Net_Dbg_CM3_L.lib(net_udp.o)
    0x08018554   0x08018554   0x00000024   Code   RO         2038    i.net_udp_socket_init  Net_Dbg_CM3_L.lib(net_udp.o)
    0x08018578   0x08018578   0x00000008   Code   RO         2743    i.net_ultoa         Net_Dbg_CM3_L.lib(net_common.o)
    0x08018580   0x08018580   0x00000030   Code   RO         2746    i.net_ultox         Net_Dbg_CM3_L.lib(net_common.o)
    0x080185b0   0x080185b0   0x0000004c   Code   RO         2747    i.net_xtoul         Net_Dbg_CM3_L.lib(net_common.o)
    0x080185fc   0x080185fc   0x0000001c   Code   RO         2402    i.ping_send_req     Net_Dbg_CM3_L.lib(net_ping_core.o)
    0x08018618   0x08018618   0x00000058   Code   RO         2264    i.proc_req_line     Net_Dbg_CM3_L.lib(net_http_server.o)
    0x08018670   0x08018670   0x0000001a   Code   RO         1981    i.que_free_list     Net_Dbg_CM3_L.lib(net_ip4_frag.o)
    0x0801868a   0x0801868a   0x000000a0   Code   RO         2265    i.read_script_line  Net_Dbg_CM3_L.lib(net_http_server.o)
    0x0801872a   0x0801872a   0x00000048   Code   RO         2266    i.search_delim      Net_Dbg_CM3_L.lib(net_http_server.o)
    0x08018772   0x08018772   0x00000002   PAD
    0x08018774   0x08018774   0x000000fc   Code   RO         2376    i.sntp_listener     Net_Dbg_CM3_L.lib(net_sntp_client_core.o)
    0x08018870   0x08018870   0x0000003c   Code   RO         2377    i.sntp_send_message  Net_Dbg_CM3_L.lib(net_sntp_client_core.o)
    0x080188ac   0x080188ac   0x00000018   Code   RO         2379    i.sntp_stop         Net_Dbg_CM3_L.lib(net_sntp_client_core.o)
    0x080188c4   0x080188c4   0x00000018   Code   RO         2436    i.sys_map_if        Net_Dbg_CM3_L.lib(net_sys.o)
    0x080188dc   0x080188dc   0x0000004c   Code   RO         2437    i.sys_proc_tick     Net_Dbg_CM3_L.lib(net_sys.o)
    0x08018928   0x08018928   0x00000110   Code   RO         2118    i.tcp_map_socket    Net_Dbg_CM3_L.lib(net_tcp.o)
    0x08018a38   0x08018a38   0x00000084   Code   RO         2119    i.tcp_parse_opt     Net_Dbg_CM3_L.lib(net_tcp.o)
    0x08018abc   0x08018abc   0x0000011c   Code   RO         2120    i.tcp_proc_acknr    Net_Dbg_CM3_L.lib(net_tcp.o)
    0x08018bd8   0x08018bd8   0x000000ac   Code   RO         2121    i.tcp_proc_dupack   Net_Dbg_CM3_L.lib(net_tcp.o)
    0x08018c84   0x08018c84   0x0000001a   Code   RO         2122    i.tcp_que_free      Net_Dbg_CM3_L.lib(net_tcp.o)
    0x08018c9e   0x08018c9e   0x0000001a   Code   RO         2123    i.tcp_que_init      Net_Dbg_CM3_L.lib(net_tcp.o)
    0x08018cb8   0x08018cb8   0x000000ac   Code   RO         2124    i.tcp_que_resend    Net_Dbg_CM3_L.lib(net_tcp.o)
    0x08018d64   0x08018d64   0x00000090   Code   RO         2125    i.tcp_send_ctrl     Net_Dbg_CM3_L.lib(net_tcp.o)
    0x08018df4   0x08018df4   0x0000007c   Code   RO         2126    i.tcp_send_data     Net_Dbg_CM3_L.lib(net_tcp.o)
    0x08018e70   0x08018e70   0x00000090   Code   RO         2127    i.tcp_send_reset    Net_Dbg_CM3_L.lib(net_tcp.o)
    0x08018f00   0x08018f00   0x00000044   Code   RO         2128    i.tcp_set_cwnd      Net_Dbg_CM3_L.lib(net_tcp.o)
    0x08018f44   0x08018f44   0x00000074   Code   RO         2129    i.tcp_transit       Net_Dbg_CM3_L.lib(net_tcp.o)
    0x08018fb8   0x08018fb8   0x0000010c   Code   RO         2130    i.tcp_write         Net_Dbg_CM3_L.lib(net_tcp.o)
    0x080190c4   0x080190c4   0x0000002c   Code   RO         2040    i.udp_port_in_use   Net_Dbg_CM3_L.lib(net_udp.o)
    0x080190f0   0x080190f0   0x00000044   Code   RO         2748    i.ul2str            Net_Dbg_CM3_L.lib(net_common.o)
    0x08019134   0x08019134   0x00000124   Code   RO         2267    i.utc_to_http       Net_Dbg_CM3_L.lib(net_http_server.o)
    0x08019258   0x08019258   0x00000960   Data   RO          156    .constdata          http_server.o
    0x08019bb8   0x08019bb8   0x00000024   Data   RO          157    .constdata          http_server.o
    0x08019bdc   0x08019bdc   0x00000004   Data   RO          262    .constdata          web.o
    0x08019be0   0x08019be0   0x00006816   Data   RO          263    .constdata          web.o
    0x080203f6   0x080203f6   0x00000002   PAD
    0x080203f8   0x080203f8   0x000000a8   Data   RO          264    .constdata          web.o
    0x080204a0   0x080204a0   0x00000030   Data   RO          282    .constdata          rgb.o
    0x080204d0   0x080204d0   0x00000008   Data   RO          336    .constdata          reloj.o
    0x080204d8   0x080204d8   0x00000008   Data   RO          468    .constdata          buttons_nucleo_f429zi.o
    0x080204e0   0x080204e0   0x00000024   Data   RO          711    .constdata          rtx_lib.o
    0x08020504   0x08020504   0x00000024   Data   RO          712    .constdata          rtx_lib.o
    0x08020528   0x08020528   0x00000018   Data   RO          713    .constdata          rtx_lib.o
    0x08020540   0x08020540   0x00000004   Data   RO          715    .constdata          rtx_lib.o
    0x08020544   0x08020544   0x00000004   Data   RO         1056    .constdata          phy_lan8742a.o
    0x08020548   0x08020548   0x00000020   Data   RO         1057    .constdata          phy_lan8742a.o
    0x08020568   0x08020568   0x00000050   Data   RO         1084    .constdata          emac_stm32f4xx.o
    0x080205b8   0x080205b8   0x00000044   Data   RO         1085    .constdata          emac_stm32f4xx.o
    0x080205fc   0x080205fc   0x00000034   Data   RO         1127    .constdata          spi_stm32f4xx.o
    0x08020630   0x08020630   0x00000010   Data   RO         1128    .constdata          spi_stm32f4xx.o
    0x08020640   0x08020640   0x00000010   Data   RO         1129    .constdata          spi_stm32f4xx.o
    0x08020650   0x08020650   0x0000002c   Data   RO         1130    .constdata          spi_stm32f4xx.o
    0x0802067c   0x0802067c   0x00000018   Data   RO         1166    .constdata          eventrecorder.o
    0x08020694   0x08020694   0x00000008   Data   RO         1305    .constdata          stm32f4xx_hal_dma.o
    0x0802069c   0x0802069c   0x00000010   Data   RO         1649    .constdata          system_stm32f4xx_1.o
    0x080206ac   0x080206ac   0x00000008   Data   RO         1650    .constdata          system_stm32f4xx_1.o
    0x080206b4   0x080206b4   0x000000a8   Data   RO         1694    .constdata          net_config.o
    0x0802075c   0x0802075c   0x0000001c   Data   RO         1695    .constdata          net_config.o
    0x08020778   0x08020778   0x00000014   Data   RO         1696    .constdata          net_config.o
    0x0802078c   0x0802078c   0x0000000c   Data   RO         1697    .constdata          net_config.o
    0x08020798   0x08020798   0x00000010   Data   RO         1698    .constdata          net_config.o
    0x080207a8   0x080207a8   0x00000028   Data   RO         1699    .constdata          net_config.o
    0x080207d0   0x080207d0   0x0000002c   Data   RO         1700    .constdata          net_config.o
    0x080207fc   0x080207fc   0x00000008   Data   RO         1701    .constdata          net_config.o
    0x08020804   0x08020804   0x00000008   Data   RO         1702    .constdata          net_config.o
    0x0802080c   0x0802080c   0x00000008   Data   RO         1703    .constdata          net_config.o
    0x08020814   0x08020814   0x00000008   Data   RO         1704    .constdata          net_config.o
    0x0802081c   0x0802081c   0x00000008   Data   RO         1705    .constdata          net_config.o
    0x08020824   0x08020824   0x00000008   Data   RO         1706    .constdata          net_config.o
    0x0802082c   0x0802082c   0x00000008   Data   RO         1707    .constdata          net_config.o
    0x08020834   0x08020834   0x00000008   Data   RO         1708    .constdata          net_config.o
    0x0802083c   0x0802083c   0x00000004   Data   RO         1710    .constdata          net_config.o
    0x08020840   0x08020840   0x00000008   Data   RO         1711    .constdata          net_config.o
    0x08020848   0x08020848   0x0000000c   Data   RO         1712    .constdata          net_config.o
    0x08020854   0x08020854   0x00000018   Data   RO         1713    .constdata          net_config.o
    0x0802086c   0x0802086c   0x00000034   Data   RO         1714    .constdata          net_config.o
    0x080208a0   0x080208a0   0x00000008   Data   RO         1715    .constdata          net_config.o
    0x080208a8   0x080208a8   0x00000030   Data   RO         1716    .constdata          net_config.o
    0x080208d8   0x080208d8   0x00000028   Data   RO         1717    .constdata          net_config.o
    0x08020900   0x08020900   0x00000010   Data   RO         1719    .constdata          net_config.o
    0x08020910   0x08020910   0x00000010   Data   RO         1720    .constdata          net_config.o
    0x08020920   0x08020920   0x00000008   Data   RO         1936    .constdata          Net_Dbg_CM3_L.lib(net_igmp.o)
    0x08020928   0x08020928   0x0000002c   Data   RO         1962    .constdata          Net_Dbg_CM3_L.lib(net_loopback.o)
    0x08020954   0x08020954   0x0000000c   Data   RO         1963    .constdata          Net_Dbg_CM3_L.lib(net_loopback.o)
    0x08020960   0x08020960   0x00000008   Data   RO         2200    .constdata          Net_Dbg_CM3_L.lib(net_nbns_client.o)
    0x08020968   0x08020968   0x000000fa   Data   RO         2269    .constdata          Net_Dbg_CM3_L.lib(net_http_server.o)
    0x08020a62   0x08020a62   0x00000002   PAD
    0x08020a64   0x08020a64   0x00000018   Data   RO         2348    .constdata          Net_Dbg_CM3_L.lib(net_http_server_auth.o)
    0x08020a7c   0x08020a7c   0x00000012   Data   RO         2404    .constdata          Net_Dbg_CM3_L.lib(net_ping_core.o)
    0x08020a8e   0x08020a8e   0x00000010   Data   RO         2497    .constdata          Net_Dbg_CM3_L.lib(net_addr.o)
    0x08020a9e   0x08020a9e   0x00000006   Data   RO         2498    .constdata          Net_Dbg_CM3_L.lib(net_addr.o)
    0x08020aa4   0x08020aa4   0x00000004   Data   RO         2620    .constdata          Net_Dbg_CM3_L.lib(net_ip4.o)
    0x08020aa8   0x08020aa8   0x00000020   Data   RO         2655    .constdata          Net_Dbg_CM3_L.lib(net_ip6.o)
    0x08020ac8   0x08020ac8   0x00000018   Data   RO         2695    .constdata          Net_Dbg_CM3_L.lib(net_http_server_err.o)
    0x08020ae0   0x08020ae0   0x00000010   Data   RO         2749    .constdata          Net_Dbg_CM3_L.lib(net_common.o)
    0x08020af0   0x08020af0   0x00000090   Data   RO         2796    .constdata          Net_Dbg_CM3_L.lib(net_base64.o)
    0x08020b80   0x08020b80   0x00000004   Data   RO         2805    .constdata          Net_Dbg_CM3_L.lib(net_version.o)
    0x08020b84   0x08020b84   0x0000000c   Data   RO         2819    .constdata          mc_w.l(localtime.o)
    0x08020b90   0x08020b90   0x000000da   Data   RO          231    .conststring        http_server_cgi.o
    0x08020c6a   0x08020c6a   0x00000002   PAD
    0x08020c6c   0x08020c6c   0x00000078   Data   RO         1721    .conststring        net_config.o
    0x08020ce4   0x08020ce4   0x0000000d   Data   RO         1722    .conststring        net_config.o
    0x08020cf1   0x08020cf1   0x00000003   PAD
    0x08020cf4   0x08020cf4   0x0000003c   Data   RO         1723    .conststring        net_config.o
    0x08020d30   0x08020d30   0x0000001d   Data   RO         1724    .conststring        net_config.o
    0x08020d4d   0x08020d4d   0x00000003   PAD
    0x08020d50   0x08020d50   0x0000000e   Data   RO         1725    .conststring        net_config.o
    0x08020d5e   0x08020d5e   0x00000002   PAD
    0x08020d60   0x08020d60   0x00000203   Data   RO         2696    .conststring        Net_Dbg_CM3_L.lib(net_http_server_err.o)
    0x08020f63   0x08020f63   0x00000001   PAD
    0x08020f64   0x08020f64   0x0000000b   Data   RO          655    .conststrlit        rtx_kernel.o
    0x08020f6f   0x08020f6f   0x00000001   PAD
    0x08020f70   0x08020f70   0x000000a8   Data   RO          716    .rodata             rtx_lib.o
    0x08021018   0x08021018   0x00000030   Data   RO         3144    Region$$Table       anon$$obj.o


    Execution Region RW_IRAM2 (Exec base: 0x10000000, Load base: 0x08021190, Size: 0x000004a4, Max: 0x00010000, ABSOLUTE)

    Exec Addr    Load Addr    Size         Type   Attr      Idx    E Section Name        Object

    0x10000000        -       0x000004a4   Zero   RW         1165    .bss.noinit         eventrecorder.o


    Execution Region RW_IRAM1 (Exec base: 0x20000000, Load base: 0x08021048, Size: 0x0000f6d8, Max: 0x00030000, ABSOLUTE, COMPRESSED[0x00000148])

    Exec Addr    Load Addr    Size         Type   Attr      Idx    E Section Name        Object

    0x20000000   COMPRESSED   0x00008000   Data   RW          703    .bss.os             rtx_lib.o
    0x20008000   COMPRESSED   0x00000040   Data   RW          704    .bss.os             rtx_lib.o
    0x20008040   COMPRESSED   0x00000001   Data   RW         1008    .bss.os             os_systick.o
    0x20008041   COMPRESSED   0x00000003   PAD
    0x20008044   COMPRESSED   0x00000034   Data   RW          705    .bss.os.msgqueue.cb  rtx_lib.o
    0x20008078   COMPRESSED   0x00000050   Data   RW          706    .bss.os.msgqueue.mem  rtx_lib.o
    0x200080c8   COMPRESSED   0x0000001c   Data   RW         1688    .bss.os.mutex.cb    net_config.o
    0x200080e4   COMPRESSED   0x0000001c   Data   RW         1689    .bss.os.mutex.cb    net_config.o
    0x20008100   COMPRESSED   0x00000010   Data   RW         1690    .bss.os.semaphore.cb  net_config.o
    0x20008110   COMPRESSED   0x00000044   Data   RW          707    .bss.os.thread.cb   rtx_lib.o
    0x20008154   COMPRESSED   0x00000044   Data   RW          708    .bss.os.thread.cb   rtx_lib.o
    0x20008198   COMPRESSED   0x00000044   Data   RW         1691    .bss.os.thread.cb   net_config.o
    0x200081dc   COMPRESSED   0x00000044   Data   RW         1692    .bss.os.thread.cb   net_config.o
    0x20008220   COMPRESSED   0x00000200   Data   RW          709    .bss.os.thread.idle.stack  rtx_lib.o
    0x20008420   COMPRESSED   0x00000200   Data   RW          710    .bss.os.thread.timer.stack  rtx_lib.o
    0x20008620   COMPRESSED   0x00000020   Data   RW         1693    .bss.os.timer.cb    net_config.o
    0x20008640   COMPRESSED   0x00000004   Data   RW            6    .data               main.o
    0x20008644   COMPRESSED   0x0000003a   Data   RW          158    .data               http_server.o
    0x2000867e   COMPRESSED   0x00000002   PAD
    0x20008680   COMPRESSED   0x00000008   Data   RW          232    .data               http_server_cgi.o
    0x20008688   COMPRESSED   0x00000032   Data   RW          337    .data               reloj.o
    0x200086ba   COMPRESSED   0x00000002   PAD
    0x200086bc   COMPRESSED   0x00000004   Data   RW          440    .data               lcd.o
    0x200086c0   COMPRESSED   0x0000000c   Data   RW         1199    .data               stm32f4xx_hal.o
    0x200086cc   COMPRESSED   0x00000004   Data   RW         1651    .data               system_stm32f4xx_1.o
    0x200086d0   COMPRESSED   0x00000004   Data   RW         1726    .data               net_config.o
    0x200086d4   COMPRESSED   0x00000006   Data   RW         1727    .data               net_config.o
    0x200086da   COMPRESSED   0x00000004   Data   RW         1728    .data               net_config.o
    0x200086de   COMPRESSED   0x00000004   Data   RW         1937    .data               Net_Dbg_CM3_L.lib(net_igmp.o)
    0x200086e2   COMPRESSED   0x00000002   PAD
    0x200086e4   COMPRESSED   0x00000004   Data   RW         1964    .data               Net_Dbg_CM3_L.lib(net_loopback.o)
    0x200086e8   COMPRESSED   0x00000004   Data   RW         1982    .data               Net_Dbg_CM3_L.lib(net_ip4_frag.o)
    0x200086ec   COMPRESSED   0x00000001   Data   RW         2000    .data               Net_Dbg_CM3_L.lib(net_icmp.o)
    0x200086ed   COMPRESSED   0x00000001   PAD
    0x200086ee   COMPRESSED   0x00000002   Data   RW         2042    .data               Net_Dbg_CM3_L.lib(net_udp.o)
    0x200086f0   COMPRESSED   0x00000004   Data   RW         2133    .data               Net_Dbg_CM3_L.lib(net_tcp.o)
    0x200086f4   COMPRESSED   0x00000001   Data   RW         2201    .data               Net_Dbg_CM3_L.lib(net_nbns_client.o)
    0x200086f5   COMPRESSED   0x00000003   PAD
    0x200086f8   COMPRESSED   0x0000000c   Data   RW         2270    .data               Net_Dbg_CM3_L.lib(net_http_server.o)
    0x20008704   COMPRESSED   0x00000008   Data   RW         2621    .data               Net_Dbg_CM3_L.lib(net_ip4.o)
    0x2000870c   COMPRESSED   0x00000004   Data   RW         2657    .data               Net_Dbg_CM3_L.lib(net_ip6.o)
    0x20008710   COMPRESSED   0x000000a4   Data   RW          656    .data.os            rtx_kernel.o
    0x200087b4        -       0x00000030   Zero   RW            5    .bss                main.o
    0x200087e4   COMPRESSED   0x00000004   PAD
    0x200087e8        -       0x00000400   Zero   RW          154    .bss                http_server.o
    0x20008be8        -       0x00000200   Zero   RW          155    .bss                http_server.o
    0x20008de8        -       0x00000038   Zero   RW          230    .bss                http_server_cgi.o
    0x20008e20        -       0x00000048   Zero   RW          308    .bss                pot.o
    0x20008e68        -       0x0000005c   Zero   RW          335    .bss                reloj.o
    0x20008ec4        -       0x00000020   Zero   RW          387    .bss                rtc.o
    0x20008ee4        -       0x00000054   Zero   RW          438    .bss                lcd.o
    0x20008f38        -       0x0000000c   Zero   RW         1055    .bss                phy_lan8742a.o
    0x20008f44        -       0x000024cc   Zero   RW         1083    .bss                emac_stm32f4xx.o
    0x2000b410        -       0x00000010   Zero   RW         1125    .bss                spi_stm32f4xx.o
    0x2000b420        -       0x0000001c   Zero   RW         1126    .bss                spi_stm32f4xx.o
    0x2000b43c   COMPRESSED   0x00000004   PAD
    0x2000b440        -       0x00000400   Zero   RW         1678    .bss                net_config.o
    0x2000b840        -       0x00000400   Zero   RW         1679    .bss                net_config.o
    0x2000bc40        -       0x00002ee0   Zero   RW         1680    .bss                net_config.o
    0x2000eb20        -       0x000000c8   Zero   RW         1681    .bss                net_config.o
    0x2000ebe8        -       0x00000028   Zero   RW         1682    .bss                net_config.o
    0x2000ec10        -       0x00000018   Zero   RW         1683    .bss                net_config.o
    0x2000ec28        -       0x00000028   Zero   RW         1684    .bss                net_config.o
    0x2000ec50        -       0x00000050   Zero   RW         1685    .bss                net_config.o
    0x2000eca0        -       0x00000228   Zero   RW         1686    .bss                net_config.o
    0x2000eec8        -       0x00000150   Zero   RW         1687    .bss                net_config.o
    0x2000f018        -       0x000000a0   Zero   RW         1826    .bss                Net_Dbg_CM3_L.lib(net_eth.o)
    0x2000f0b8        -       0x00000018   Zero   RW         1886    .bss                Net_Dbg_CM3_L.lib(net_arp.o)
    0x2000f0d0        -       0x0000001c   Zero   RW         2041    .bss                Net_Dbg_CM3_L.lib(net_udp.o)
    0x2000f0ec        -       0x00000098   Zero   RW         2268    .bss                Net_Dbg_CM3_L.lib(net_http_server.o)
    0x2000f184        -       0x0000002c   Zero   RW         2380    .bss                Net_Dbg_CM3_L.lib(net_sntp_client_core.o)
    0x2000f1b0        -       0x0000002c   Zero   RW         2403    .bss                Net_Dbg_CM3_L.lib(net_ping_core.o)
    0x2000f1dc        -       0x00000038   Zero   RW         2438    .bss                Net_Dbg_CM3_L.lib(net_sys.o)
    0x2000f214        -       0x00000024   Zero   RW         2439    .bss                Net_Dbg_CM3_L.lib(net_sys.o)
    0x2000f238        -       0x0000005c   Zero   RW         2496    .bss                Net_Dbg_CM3_L.lib(net_addr.o)
    0x2000f294        -       0x00000014   Zero   RW         2711    .bss                Net_Dbg_CM3_L.lib(net_mem.o)
    0x2000f2a8        -       0x0000002c   Zero   RW         2818    .bss                mc_w.l(localtime.o)
    0x2000f2d4   COMPRESSED   0x00000004   PAD
    0x2000f2d8        -       0x00000400   Zero   RW         1638    STACK               startup_stm32f429xx.o


==============================================================================

Image component sizes


      Code (inc. data)   RO Data    RW Data    ZI Data      Debug   Object Name

       164         10          8          0          0       2516   buttons_nucleo_f429zi.o
      2536        156        148          0       9420      47726   emac_stm32f4xx.o
      1452         40         24          0       1188      17708   eventrecorder.o
       648         44       2436         58       1536      17740   http_server.o
      1948        366        218          8         56       8042   http_server_cgi.o
       148          8          0          0          0        700   irq_armv7m.o
       532         34          0          4         84       2308   lcd.o
       292         30          0          4         48     799036   main.o
       356         26        856        254      15320      32233   net_config.o
       338          0          0          0          0        958   net_debug.o
       196         12          0          1          0       2040   os_systick.o
       428         10         36          0         12       7018   phy_lan8742a.o
       228         22          0          0         72       1795   pot.o
       596         64          8         50         92       4616   reloj.o
       252         10         48          0          0       2469   rgb.o
       244         14          0          0         32       2319   rtc.o
         4          0          0          0          0        659   rtx_config.o
       260         14          0          0          0      18018   rtx_delay.o
      2392         88          0          0          0      45265   rtx_evr.o
      1740         96         11        164          0      28168   rtx_kernel.o
        24          0        268      34124          0       9931   rtx_lib.o
       292          0          0          0          0       3895   rtx_memory.o
      1984         48          0          0          0      15348   rtx_mempool.o
      2820         58          0          0          0      23912   rtx_msgqueue.o
      1368         30          0          0          0      10226   rtx_mutex.o
      1432         34          0          0          0      12076   rtx_semaphore.o
       668         18          0          0          0       8657   rtx_system.o
      4908        126          0          0          0      34037   rtx_thread.o
      1152         34          0          0          0      10333   rtx_timer.o
      3164         98        128          0         44      45011   spi_stm32f4xx.o
        36          8        428          0       1024        892   startup_stm32f429xx.o
       456         38          0         12          0      11615   stm32f4xx_hal.o
      2744         92          0          0          0       9099   stm32f4xx_hal_adc.o
      1828         42          0          0          0       6766   stm32f4xx_hal_adc_ex.o
       664         10          0          0          0      36454   stm32f4xx_hal_cortex.o
      1816         28          8          0          0       7913   stm32f4xx_hal_dma.o
       868         54          0          0          0       4267   stm32f4xx_hal_gpio.o
       376         20          0          0          0       3895   stm32f4xx_hal_pwr.o
       612         22          0          0          0       4215   stm32f4xx_hal_pwr_ex.o
      1888         66          0          0          0       6467   stm32f4xx_hal_rcc.o
      1508         80          0          0          0       4929   stm32f4xx_hal_rcc_ex.o
      2416         24          0          0          0       8981   stm32f4xx_hal_rtc.o
      2828         22          0          0          0      14021   stm32f4xx_hal_rtc_ex.o
      9170        166          0          0          0      37916   stm32f4xx_hal_tim.o
      2992         62          0          0          0      13940   stm32f4xx_hal_tim_ex.o
        12          0          0          0          0        967   stm32f4xx_it.o
       160         20         24          4          0       1937   system_stm32f4xx_1.o
       120         10      26818          0          0       1816   web.o

    ----------------------------------------------------------------------
     63062       2254      31528      34690      28936    1390850   Object Totals
         0          0         48          0          0          0   (incl. Generated)
         2          0         13          7          8          0   (incl. Padding)

    ----------------------------------------------------------------------

      Code (inc. data)   RO Data    RW Data    ZI Data      Debug   Library Member Name

      1458         18         22          0         92       1624   net_addr.o
      2874        144          0          0         24       1548   net_arp.o
       120          6        144          0          0         84   net_base64.o
       622         10         16          0          0       1340   net_common.o
      3664        138          0          0        160       1600   net_eth.o
      6834       1268        250         12        152       2852   net_http_server.o
       266         66         24          0          0        368   net_http_server_auth.o
         0          0        539          0          0          0   net_http_server_err.o
       640         48          0          1          0        236   net_icmp.o
       812         60          0          0          0        332   net_icmp6.o
       972         46          8          4          0        680   net_igmp.o
      1188         82          4          8          0        956   net_ip4.o
       690         30          0          4          0        476   net_ip4_frag.o
       848         72         32          4          0        644   net_ip6.o
       348         28         56          4          0        256   net_loopback.o
       592         64          0          0         20        564   net_mem.o
       520         44          8          1          0        188   net_nbns_client.o
      3058        106          0          0          0       1404   net_ndp.o
       188         32         18          0         44        220   net_ping_core.o
       872         70          0          0         44        584   net_sntp_client_core.o
       834         84          0          0         92       1012   net_sys.o
      6566        282          0          4          0       2728   net_tcp.o
      1400         80          0          2         28        772   net_udp.o
         0          0          4          0          0          0   net_version.o
        86          0          0          0          0          0   __dczerorl2.o
         0          0          0          0          0          0   entry.o
         0          0          0          0          0          0   entry10a.o
         0          0          0          0          0          0   entry11a.o
         4          0          0          0          0          0   entry12b.o
         8          4          0          0          0          0   entry2.o
         4          0          0          0          0          0   entry5.o
         0          0          0          0          0          0   entry7b.o
         0          0          0          0          0          0   entry8b.o
         8          4          0          0          0          0   entry9a.o
        30          0          0          0          0          0   handlers.o
        36          8          0          0          0         68   init.o
         0          0          0          0          0          0   iusefp.o
        30          0          0          0          0         68   llshl.o
        36          0          0          0          0         68   llsshr.o
        32          0          0          0          0         68   llushr.o
       148         10         12          0         44         76   localtime.o
        26          0          0          0          0         80   memcmp.o
        36          0          0          0          0         68   memcpya.o
        36          0          0          0          0        108   memseta.o
      2236         86          0          0          0        532   printfa.o
        28          0          0          0          0         76   strcmp.o
        18          0          0          0          0         68   strcpy.o
        14          0          0          0          0         68   strlen.o
        30          0          0          0          0         80   strncmp.o
        44          0          0          0          0         80   uidiv.o
        98          0          0          0          0         92   uldiv.o
        48          0          0          0          0         68   cdrcmple.o
       334          0          0          0          0        148   dadd.o
       222          0          0          0          0        100   ddiv.o
       186          0          0          0          0        176   depilogue.o
        48          0          0          0          0         68   dfixul.o
       228          0          0          0          0         96   dmul.o
        38          0          0          0          0         68   f2d.o

    ----------------------------------------------------------------------
     39510       2890       1140         50        704      22792   Library Totals
        52          0          3          6          4          0   (incl. Padding)

    ----------------------------------------------------------------------

      Code (inc. data)   RO Data    RW Data    ZI Data      Debug   Library Name

     35366       2778       1125         44        656      20468   Net_Dbg_CM3_L.lib
      2988        112         12          0         44       1600   mc_w.l
      1104          0          0          0          0        724   mf_w.l

    ----------------------------------------------------------------------
     39510       2890       1140         50        704      22792   Library Totals

    ----------------------------------------------------------------------

==============================================================================


      Code (inc. data)   RO Data    RW Data    ZI Data      Debug   

    102572       5144      32668      34740      29640    1389830   Grand Totals
    102572       5144      32668        328      29640    1389830   ELF Image Totals (compressed)
    102572       5144      32668        328          0          0   ROM Totals

==============================================================================

    Total RO  Size (Code + RO Data)               135240 ( 132.07kB)
    Total RW  Size (RW Data + ZI Data)             64380 (  62.87kB)
    Total ROM Size (Code + RO Data + RW Data)     135568 ( 132.39kB)

==============================================================================

