Component: ARM Compiler 5.06 update 7 (build 960) Tool: armlink [4d3601]

==============================================================================

Section Cross References

    main.o(.text) refers to rtx_kernel.o(.text) for osKernelGetState
    main.o(.text) refers to stm32f4xx_hal_rcc.o(.text) for HAL_RCC_OscConfig
    main.o(.text) refers to stm32f4xx_hal.o(.text) for HAL_GetREVID
    main.o(.text) refers to system_stm32f4xx_1.o(.text) for SystemCoreClockUpdate
    main.o(.text) refers to rtx_thread.o(.text) for osThreadNew
    main.o(.text) refers to system_stm32f4xx_1.o(.data) for SystemCoreClock
    main.o(.text) refers to main.o(.data) for .data
    main.o(.text) refers to http_server.o(.constdata) for app_main_attr
    main.o(.text) refers to http_server.o(.text) for app_main
    http_server.o(.text) refers to buttons_nucleo_f429zi.o(.text) for Buttons_GetState
    http_server.o(.text) refers to rtx_thread.o(.text) for osThreadFlagsSet
    http_server.o(.text) refers to lcd.o(.text) for LCD_wr_cmd
    http_server.o(.text) refers to strlen.o(.text) for strlen
    http_server.o(.text) refers to rgb.o(.text) for LED_rgb_SetOut
    http_server.o(.text) refers to rtx_delay.o(.text) for osDelay
    http_server.o(.text) refers to pot.o(.text) for POT_Initialize
    http_server.o(.text) refers to net_sys.o(i.netInitialize) for netInitialize
    http_server.o(.text) refers to http_server.o(.data) for .data
    http_server.o(.text) refers to http_server.o(.bss) for .bss
    http_server.o(.text) refers to http_server.o(.constdata) for .constdata
    http_server.o(.constdata) refers to http_server.o(.bss) for app_main_stk
    http_server_cgi.o(.text) refers to net_http_server.o(i.netCGI_GetEnvVar) for netCGI_GetEnvVar
    http_server_cgi.o(.text) refers to net_addr.o(i.netIP_aton) for netIP_aton
    http_server_cgi.o(.text) refers to net_sys.o(i.netIF_SetOption) for netIF_SetOption
    http_server_cgi.o(.text) refers to strcmp.o(.text) for strcmp
    http_server_cgi.o(.text) refers to strncmp.o(.text) for strncmp
    http_server_cgi.o(.text) refers to rgb.o(.text) for LED_rgb_SetOut
    http_server_cgi.o(.text) refers to net_http_server.o(i.netHTTPs_LoginActive) for netHTTPs_LoginActive
    http_server_cgi.o(.text) refers to strcpy.o(.text) for strcpy
    http_server_cgi.o(.text) refers to net_http_server.o(i.netHTTPs_SetPassword) for netHTTPs_SetPassword
    http_server_cgi.o(.text) refers to rtx_thread.o(.text) for osThreadFlagsSet
    http_server_cgi.o(.text) refers to net_sys.o(i.netIF_GetOption) for netIF_GetOption
    http_server_cgi.o(.text) refers to net_addr.o(i.netIP_ntoa) for netIP_ntoa
    http_server_cgi.o(.text) refers to printfa.o(i.__0sprintf) for __2sprintf
    http_server_cgi.o(.text) refers to net_tcp.o(i.netTCP_GetState) for netTCP_GetState
    http_server_cgi.o(.text) refers to net_tcp.o(i.netTCP_GetPeer) for netTCP_GetPeer
    http_server_cgi.o(.text) refers to net_tcp.o(i.netTCP_GetTimer) for netTCP_GetTimer
    http_server_cgi.o(.text) refers to net_tcp.o(i.netTCP_GetLocalPort) for netTCP_GetLocalPort
    http_server_cgi.o(.text) refers to net_http_server.o(i.netHTTPs_GetPassword) for netHTTPs_GetPassword
    http_server_cgi.o(.text) refers to net_http_server.o(i.netHTTPs_GetLanguage) for netHTTPs_GetLanguage
    http_server_cgi.o(.text) refers to http_server_cgi.o(.bss) for .bss
    http_server_cgi.o(.text) refers to http_server_cgi.o(.data) for .data
    http_server_cgi.o(.text) refers to http_server.o(.data) for LEDrun
    http_server_cgi.o(.text) refers to http_server_cgi.o(.conststring) for .conststring
    http_server_cgi.o(.text) refers to pot.o(.text) for ADC_getVoltage
    http_server_cgi.o(.text) refers to f2d.o(.text) for __aeabi_f2d
    http_server_cgi.o(.text) refers to dmul.o(.text) for __aeabi_dmul
    http_server_cgi.o(.text) refers to http_server.o(.text) for get_button
    web.o(.text) refers to web.o(.constdata) for .constdata
    web.o(.constdata) refers to web.o(.constdata) for imageFileData
    rgb.o(.text) refers to stm32f4xx_hal_gpio.o(.text) for HAL_GPIO_Init
    rgb.o(.text) refers to rgb.o(.constdata) for .constdata
    lcd.o(.text) refers to stm32f4xx_hal_gpio.o(.text) for HAL_GPIO_WritePin
    lcd.o(.text) refers to stm32f4xx_hal_tim.o(.text) for HAL_TIM_Base_MspInit
    lcd.o(.text) refers to lcd.o(.data) for .data
    lcd.o(.text) refers to lcd.o(.bss) for .bss
    lcd.o(.data) refers to spi_stm32f4xx.o(.constdata) for Driver_SPI1
    pot.o(.text) refers to stm32f4xx_hal_adc.o(.text) for HAL_ADC_Init
    pot.o(.text) refers to memseta.o(.text) for __aeabi_memclr4
    pot.o(.text) refers to stm32f4xx_hal_gpio.o(.text) for HAL_GPIO_Init
    pot.o(.text) refers to pot.o(.bss) for .bss
    buttons_nucleo_f429zi.o(.text) refers to stm32f4xx_hal_gpio.o(.text) for HAL_GPIO_Init
    buttons_nucleo_f429zi.o(.text) refers to buttons_nucleo_f429zi.o(.constdata) for .constdata
[...]
    __aeabi_memcpy8                          0x0800d5f5   Thumb Code     0  memcpya.o(.text)
    __aeabi_memset                           0x0800d619   Thumb Code    14  memseta.o(.text)
    __aeabi_memset4                          0x0800d619   Thumb Code     0  memseta.o(.text)
    __aeabi_memset8                          0x0800d619   Thumb Code     0  memseta.o(.text)
    __aeabi_memclr                           0x0800d627   Thumb Code     4  memseta.o(.text)
    __aeabi_memclr4                          0x0800d627   Thumb Code     0  memseta.o(.text)
    __aeabi_memclr8                          0x0800d627   Thumb Code     0  memseta.o(.text)
    _memset$wrapper                          0x0800d62b   Thumb Code    18  memseta.o(.text)
    strlen                                   0x0800d63d   Thumb Code    14  strlen.o(.text)
    strcmp                                   0x0800d64b   Thumb Code    28  strcmp.o(.text)
    memcmp                                   0x0800d667   Thumb Code    26  memcmp.o(.text)
    strcpy                                   0x0800d681   Thumb Code    18  strcpy.o(.text)
    strncmp                                  0x0800d693   Thumb Code    30  strncmp.o(.text)
    __aeabi_dmul                             0x0800d6b1   Thumb Code   228  dmul.o(.text)
    __aeabi_f2d                              0x0800d795   Thumb Code    38  f2d.o(.text)
    __aeabi_uidiv                            0x0800d7bb   Thumb Code     0  uidiv.o(.text)
    __aeabi_uidivmod                         0x0800d7bb   Thumb Code    44  uidiv.o(.text)
    __aeabi_llsl                             0x0800d7e7   Thumb Code    30  llshl.o(.text)
    _ll_shift_l                              0x0800d7e7   Thumb Code     0  llshl.o(.text)
    __aeabi_llsr                             0x0800d805   Thumb Code    32  llushr.o(.text)
    _ll_ushift_r                             0x0800d805   Thumb Code     0  llushr.o(.text)
    __I$use$fp                               0x0800d825   Thumb Code     0  iusefp.o(.text)
    _double_round                            0x0800d825   Thumb Code    30  depilogue.o(.text)
    _double_epilogue                         0x0800d843   Thumb Code   156  depilogue.o(.text)
    __aeabi_dadd                             0x0800d8df   Thumb Code   322  dadd.o(.text)
    __aeabi_dsub                             0x0800da21   Thumb Code     6  dadd.o(.text)
    __aeabi_drsub                            0x0800da27   Thumb Code     6  dadd.o(.text)
    __aeabi_ddiv                             0x0800da2d   Thumb Code   222  ddiv.o(.text)
    __aeabi_d2ulz                            0x0800db0b   Thumb Code    48  dfixul.o(.text)
    __aeabi_cdrcmple                         0x0800db3d   Thumb Code    48  cdrcmple.o(.text)
    __scatterload                            0x0800db6d   Thumb Code    28  init.o(.text)
    __scatterload_rt2                        0x0800db6d   Thumb Code     0  init.o(.text)
    __aeabi_lasr                             0x0800db91   Thumb Code    36  llsshr.o(.text)
    _ll_sshift_r                             0x0800db91   Thumb Code     0  llsshr.o(.text)
    __decompress                             0x0800dbb5   Thumb Code     0  __dczerorl2.o(.text)
    __decompress1                            0x0800dbb5   Thumb Code    86  __dczerorl2.o(.text)
    __0sprintf                               0x0800dc0d   Thumb Code    34  printfa.o(i.__0sprintf)
    __1sprintf                               0x0800dc0d   Thumb Code     0  printfa.o(i.__0sprintf)
    __2sprintf                               0x0800dc0d   Thumb Code     0  printfa.o(i.__0sprintf)
    __c89sprintf                             0x0800dc0d   Thumb Code     0  printfa.o(i.__0sprintf)
    sprintf                                  0x0800dc0d   Thumb Code     0  printfa.o(i.__0sprintf)
    __scatterload_copy                       0x0800dc35   Thumb Code    14  handlers.o(i.__scatterload_copy)
    __scatterload_null                       0x0800dc43   Thumb Code     2  handlers.o(i.__scatterload_null)
    __scatterload_zeroinit                   0x0800dc45   Thumb Code    14  handlers.o(i.__scatterload_zeroinit)
    netCGI_Charset                           0x08011381   Thumb Code     4  net_http_server.o(i.netCGI_Charset)
    netCGI_ContentType                       0x08011385   Thumb Code     4  net_http_server.o(i.netCGI_ContentType)
    netCGI_CustomHeader                      0x08011389   Thumb Code     4  net_http_server.o(i.netCGI_CustomHeader)
    netCGI_GetEnvVar                         0x0801138d   Thumb Code   104  net_http_server.o(i.netCGI_GetEnvVar)
    netCGI_Redirect                          0x080113f9   Thumb Code     4  net_http_server.o(i.netCGI_Redirect)
    netCGX_ContentType                       0x080113fd   Thumb Code     4  net_http_server.o(i.netCGX_ContentType)
    netCore_Thread                           0x08011401   Thumb Code    90  net_sys.o(i.netCore_Thread)
    netETH_Notify                            0x08011465   Thumb Code     2  net_eth.o(i.netETH_Notify)
    netETH_ReceiveRaw                        0x08011467   Thumb Code     2  net_eth.o(i.netETH_ReceiveRaw)
    netETH_Thread                            0x08011469   Thumb Code   114  net_eth.o(i.netETH_Thread)
    netHTTPs_AcceptClient                    0x080114db   Thumb Code     4  net_http_server.o(i.netHTTPs_AcceptClient)
    netHTTPs_CheckAccount                    0x080114df   Thumb Code     4  net_http_server_auth.o(i.netHTTPs_CheckAccount)
    netHTTPs_FileAccess                      0x080114e3   Thumb Code     4  net_http_server.o(i.netHTTPs_FileAccess)
    netHTTPs_GetLanguage                     0x080114e9   Thumb Code    24  net_http_server.o(i.netHTTPs_GetLanguage)
    netHTTPs_GetPassword                     0x08011509   Thumb Code     6  net_http_server.o(i.netHTTPs_GetPassword)
    netHTTPs_LoginActive                     0x08011515   Thumb Code     6  net_http_server.o(i.netHTTPs_LoginActive)
    netHTTPs_SetPassword                     0x08011521   Thumb Code    78  net_http_server.o(i.netHTTPs_SetPassword)
    netIF_GetOption                          0x08011579   Thumb Code   128  net_sys.o(i.netIF_GetOption)
    netIF_SetOption                          0x08011601   Thumb Code   124  net_sys.o(i.netIF_SetOption)
    netIP_aton                               0x08011685   Thumb Code    26  net_addr.o(i.netIP_aton)
    netIP_ntoa                               0x0801169f   Thumb Code    50  net_addr.o(i.netIP_ntoa)
    netInitialize                            0x080116d1   Thumb Code   156  net_sys.o(i.netInitialize)
    netMAC_aton                              0x0801177d   Thumb Code   140  net_addr.o(i.netMAC_aton)
    netTCP_GetLocalPort                      0x08011809   Thumb Code     4  net_tcp.o(i.netTCP_GetLocalPort)
    netTCP_GetPeer                           0x0801180d   Thumb Code    32  net_tcp.o(i.netTCP_GetPeer)
    netTCP_GetState                          0x0801182d   Thumb Code     4  net_tcp.o(i.netTCP_GetState)
    netTCP_GetTimer                          0x08011831   Thumb Code     4  net_tcp.o(i.netTCP_GetTimer)
    net_addr4_aton                           0x08011835   Thumb Code   124  net_addr.o(i.net_addr4_aton)
    net_addr4_to_mac                         0x080118b1   Thumb Code    30  net_addr.o(i.net_addr4_to_mac)
    net_addr6_aton                           0x080118d1   Thumb Code   230  net_addr.o(i.net_addr6_aton)
    net_addr6_comp                           0x080119b7   Thumb Code    40  net_addr.o(i.net_addr6_comp)
    net_addr6_copy                           0x080119df   Thumb Code    18  net_addr.o(i.net_addr6_copy)
    net_addr6_create                         0x080119f1   Thumb Code    70  net_addr.o(i.net_addr6_create)
    net_addr6_get_solicited                  0x08011a3d   Thumb Code    34  net_addr.o(i.net_addr6_get_solicited)
    net_addr6_is_linklocal                   0x08011a65   Thumb Code    24  net_addr.o(i.net_addr6_is_linklocal)
    net_addr6_is_onlink                      0x08011a7d   Thumb Code   110  net_addr.o(i.net_addr6_is_onlink)
    net_addr6_is_solicited                   0x08011aeb   Thumb Code    72  net_addr.o(i.net_addr6_is_solicited)
    net_addr6_is_unspec                      0x08011b33   Thumb Code    24  net_addr.o(i.net_addr6_is_unspec)
    net_addr6_to_mac                         0x08011b4b   Thumb Code    14  net_addr.o(i.net_addr6_to_mac)
    net_addr_copy                            0x08011b59   Thumb Code    38  net_addr.o(i.net_addr_copy)
    net_addr_find_route                      0x08011b7f   Thumb Code    26  net_addr.o(i.net_addr_find_route)
    net_addr_get_local                       0x08011b99   Thumb Code    26  net_addr.o(i.net_addr_get_local)
    net_addr_is_unspec                       0x08011bb9   Thumb Code    34  net_addr.o(i.net_addr_is_unspec)
    net_arp_cache_add                        0x08011bdd   Thumb Code   276  net_arp.o(i.net_arp_cache_add)
    net_arp_cache_early                      0x08011cf9   Thumb Code   180  net_arp.o(i.net_arp_cache_early)
    net_arp_cache_find                       0x08011db5   Thumb Code   224  net_arp.o(i.net_arp_cache_find)
    net_arp_cache_init                       0x08011ea1   Thumb Code    64  net_arp.o(i.net_arp_cache_init)
    net_arp_cache_run                        0x08011ee9   Thumb Code    22  net_arp.o(i.net_arp_cache_run)
    net_arp_enqueue                          0x08011f05   Thumb Code   114  net_arp.o(i.net_arp_enqueue)
    net_arp_notify                           0x08011f7d   Thumb Code    32  net_arp.o(i.net_arp_notify)
    net_arp_process                          0x08011f9d   Thumb Code   536  net_arp.o(i.net_arp_process)
    net_atoi                                 0x080121c1   Thumb Code    66  net_common.o(i.net_atoi)
    net_base64_decode                        0x08012205   Thumb Code   114  net_base64.o(i.net_base64_decode)
    net_chksum_buf                           0x0801227d   Thumb Code    48  net_common.o(i.net_chksum_buf)
    net_crc_buf                              0x080122ad   Thumb Code    30  net_common.o(i.net_crc_buf)
    net_eth_callback                         0x080122cb   Thumb Code    14  net_eth.o(i.net_eth_callback)
    net_eth_config_mcast                     0x080122d9   Thumb Code   104  net_eth.o(i.net_eth_config_mcast)
    net_eth_get_option                       0x08012341   Thumb Code   234  net_eth.o(i.net_eth_get_option)
    net_eth_iface_init                       0x0801242d   Thumb Code    22  net_eth.o(i.net_eth_iface_init)
    net_eth_iface_run                        0x08012449   Thumb Code    22  net_eth.o(i.net_eth_iface_run)
    net_eth_output                           0x08012465   Thumb Code   164  net_eth.o(i.net_eth_output)
    net_eth_send_frame                       0x0801250d   Thumb Code   462  net_eth.o(i.net_eth_send_frame)
    net_eth_set_option                       0x080126ed   Thumb Code   610  net_eth.o(i.net_eth_set_option)
    net_http_server_init                     0x0801295d   Thumb Code   212  net_http_server.o(i.net_http_server_init)
    net_http_server_run                      0x08012a45   Thumb Code    30  net_http_server.o(i.net_http_server_run)
    net_icmp6_init                           0x08012a6d   Thumb Code    20  net_icmp6.o(i.net_icmp6_init)
    net_icmp6_process                        0x08012a85   Thumb Code   542  net_icmp6.o(i.net_icmp6_process)
    net_icmp6_send                           0x08012cbd   Thumb Code   122  net_icmp6.o(i.net_icmp6_send)
    net_icmp6_send_echo                      0x08012d41   Thumb Code    78  net_icmp6.o(i.net_icmp6_send_echo)
    net_icmp_init                            0x08012d99   Thumb Code    20  net_icmp.o(i.net_icmp_init)
    net_icmp_process                         0x08012db1   Thumb Code   430  net_icmp.o(i.net_icmp_process)
    net_icmp_send_echo                       0x08012f79   Thumb Code   142  net_icmp.o(i.net_icmp_send_echo)
    net_if_map_all                           0x08013019   Thumb Code     6  net_sys.o(i.net_if_map_all)
    net_igmp_collect_mcast                   0x08013025   Thumb Code   104  net_igmp.o(i.net_igmp_collect_mcast)
    net_igmp_host_init                       0x08013091   Thumb Code    68  net_igmp.o(i.net_igmp_host_init)
    net_igmp_host_run                        0x080130d9   Thumb Code    22  net_igmp.o(i.net_igmp_host_run)
    net_igmp_is_member                       0x080130f5   Thumb Code    28  net_igmp.o(i.net_igmp_is_member)
    net_igmp_process                         0x08013115   Thumb Code   414  net_igmp.o(i.net_igmp_process)
    net_ip4_chk_frame                        0x080132c1   Thumb Code   372  net_ip4.o(i.net_ip4_chk_frame)
    net_ip4_chksum                           0x0801344d   Thumb Code    44  net_ip4.o(i.net_ip4_chksum)
    net_ip4_chksum_buf                       0x08013479   Thumb Code     6  net_ip4.o(i.net_ip4_chksum_buf)
    net_ip4_find_route                       0x08013481   Thumb Code   104  net_ip4.o(i.net_ip4_find_route)
    net_ip4_frag_add                         0x08013501   Thumb Code   284  net_ip4_frag.o(i.net_ip4_frag_add)
    net_ip4_frag_get                         0x08013625   Thumb Code   168  net_ip4_frag.o(i.net_ip4_frag_get)
    net_ip4_frag_init                        0x080136d1   Thumb Code    12  net_ip4_frag.o(i.net_ip4_frag_init)
    net_ip4_frag_run                         0x080136e1   Thumb Code    50  net_ip4_frag.o(i.net_ip4_frag_run)
    net_ip4_get_local                        0x0801371d   Thumb Code    40  net_ip4.o(i.net_ip4_get_local)
    net_ip4_init                             0x08013749   Thumb Code    22  net_ip4.o(i.net_ip4_init)
    net_ip4_is_onlink                        0x0801376d   Thumb Code    32  net_ip4.o(i.net_ip4_is_onlink)
    net_ip4_is_subcast                       0x0801378d   Thumb Code    38  net_ip4.o(i.net_ip4_is_subcast)
    net_ip4_reass_frame                      0x080137b3   Thumb Code    14  net_ip4.o(i.net_ip4_reass_frame)
    net_ip4_send_frame                       0x080137c1   Thumb Code   340  net_ip4.o(i.net_ip4_send_frame)
    net_ip4_tx_offl_hl                       0x08013925   Thumb Code    42  net_ip4.o(i.net_ip4_tx_offl_hl)
    net_ip6_chk_frame                        0x08013951   Thumb Code   236  net_ip6.o(i.net_ip6_chk_frame)
    net_ip6_chksum                           0x08013a51   Thumb Code    50  net_ip6.o(i.net_ip6_chksum)
    net_ip6_collect_mcast                    0x08013a85   Thumb Code   118  net_ip6.o(i.net_ip6_collect_mcast)
    net_ip6_find_route                       0x08013b01   Thumb Code    56  net_ip6.o(i.net_ip6_find_route)
    net_ip6_get_local                        0x08013b49   Thumb Code    74  net_ip6.o(i.net_ip6_get_local)
    net_ip6_init                             0x08013b9d   Thumb Code    20  net_ip6.o(i.net_ip6_init)
    net_ip6_send_frame                       0x08013bb9   Thumb Code   192  net_ip6.o(i.net_ip6_send_frame)
    net_ip6_tx_offl_hl                       0x08013c85   Thumb Code    30  net_ip6.o(i.net_ip6_tx_offl_hl)
    net_itoa                                 0x08013ca3   Thumb Code     8  net_common.o(i.net_itoa)
    net_itoa_n0                              0x08013cab   Thumb Code     6  net_common.o(i.net_itoa_n0)
    net_loop_iface_init                      0x08013cb1   Thumb Code    40  net_loopback.o(i.net_loop_iface_init)
    net_loop_iface_run                       0x08013ce1   Thumb Code   176  net_loopback.o(i.net_loop_iface_run)
    net_loop_send_frame                      0x08013d9d   Thumb Code   104  net_loopback.o(i.net_loop_send_frame)
    net_mem_alloc                            0x08013e0d   Thumb Code   178  net_mem.o(i.net_mem_alloc)
    net_mem_avail                            0x08013ecd   Thumb Code    22  net_mem.o(i.net_mem_avail)
    net_mem_free                             0x08013ee9   Thumb Code   152  net_mem.o(i.net_mem_free)
    net_mem_init                             0x08013f8d   Thumb Code    98  net_mem.o(i.net_mem_init)
    net_mem_shrink                           0x08013ffd   Thumb Code    62  net_mem.o(i.net_mem_shrink)
    net_nbns_client_init                     0x08014045   Thumb Code    82  net_nbns_client.o(i.net_nbns_client_init)
    net_ndp_cache_find                       0x080140a9   Thumb Code   438  net_ndp.o(i.net_ndp_cache_find)
    net_ndp_cache_refresh                    0x0801426d   Thumb Code   112  net_ndp.o(i.net_ndp_cache_refresh)
    net_ndp_enqueue                          0x080142e5   Thumb Code   108  net_ndp.o(i.net_ndp_enqueue)
    net_ndp_process                          0x08014355   Thumb Code   872  net_ndp.o(i.net_ndp_process)
    net_path                                 0x080146c9   Thumb Code    52  net_sys.o(i.net_path)
    net_ping_client_init                     0x08014701   Thumb Code    22  net_ping_core.o(i.net_ping_client_init)
    net_ping_client_run                      0x08014721   Thumb Code   110  net_ping_core.o(i.net_ping_client_run)
    net_rand32                               0x080147a1   Thumb Code    18  net_sys.o(i.net_rand32)
    net_strcasecmp                           0x080147bd   Thumb Code    46  net_common.o(i.net_strcasecmp)
    net_strchr                               0x080147eb   Thumb Code    22  net_common.o(i.net_strchr)
    net_strcmp                               0x08014801   Thumb Code    26  net_common.o(i.net_strcmp)
    net_strcpy                               0x0801481b   Thumb Code    18  net_common.o(i.net_strcpy)
    net_strnchr                              0x0801482d   Thumb Code    28  net_common.o(i.net_strnchr)
    net_strncpy                              0x08014849   Thumb Code    26  net_common.o(i.net_strncpy)
    net_strtoupper                           0x08014863   Thumb Code    32  net_common.o(i.net_strtoupper)
    net_sys_lock                             0x08014885   Thumb Code     8  net_sys.o(i.net_sys_lock)
    net_sys_resume                           0x08014891   Thumb Code    22  net_sys.o(i.net_sys_resume)
    net_sys_tick                             0x080148a9   Thumb Code    16  net_sys.o(i.net_sys_tick)
    net_sys_unlock                           0x080148bd   Thumb Code     8  net_sys.o(i.net_sys_unlock)
    net_sys_wakeup                           0x080148c9   Thumb Code    26  net_sys.o(i.net_sys_wakeup)
    net_tcp_abort                            0x080148e9   Thumb Code   122  net_tcp.o(i.net_tcp_abort)
    net_tcp_close                            0x0801496d   Thumb Code   218  net_tcp.o(i.net_tcp_close)
    net_tcp_get_buf                          0x08014a51   Thumb Code    46  net_tcp.o(i.net_tcp_get_buf)
    net_tcp_get_local_port                   0x08014a81   Thumb Code    48  net_tcp.o(i.net_tcp_get_local_port)
    net_tcp_get_mss                          0x08014ab5   Thumb Code    34  net_tcp.o(i.net_tcp_get_mss)
    net_tcp_get_peer                         0x08014add   Thumb Code    80  net_tcp.o(i.net_tcp_get_peer)
    net_tcp_get_socket                       0x08014b31   Thumb Code   104  net_tcp.o(i.net_tcp_get_socket)
    net_tcp_get_state                        0x08014ba1   Thumb Code    40  net_tcp.o(i.net_tcp_get_state)
    net_tcp_get_timer                        0x08014bcd   Thumb Code    48  net_tcp.o(i.net_tcp_get_timer)
    net_tcp_listen                           0x08014c01   Thumb Code   168  net_tcp.o(i.net_tcp_listen)
    net_tcp_process                          0x08014cb1   Thumb Code  1956  net_tcp.o(i.net_tcp_process)
    net_tcp_send                             0x08015459   Thumb Code   336  net_tcp.o(i.net_tcp_send)
    net_tcp_set_option                       0x080155b5   Thumb Code   288  net_tcp.o(i.net_tcp_set_option)
    net_tcp_socket_init                      0x080156e1   Thumb Code    30  net_tcp.o(i.net_tcp_socket_init)
    net_tcp_socket_run                       0x08015709   Thumb Code   938  net_tcp.o(i.net_tcp_socket_run)
    net_udp_get_buf                          0x08015ac9   Thumb Code    46  net_udp.o(i.net_udp_get_buf)
    net_udp_get_socket                       0x08015af9   Thumb Code   102  net_udp.o(i.net_udp_get_socket)
    net_udp_open                             0x08015b69   Thumb Code   160  net_udp.o(i.net_udp_open)
    net_udp_process                          0x08015c15   Thumb Code   322  net_udp.o(i.net_udp_process)
    net_udp_send_if                          0x08015d6d   Thumb Code   540  net_udp.o(i.net_udp_send_if)
    net_udp_socket_init                      0x08015f99   Thumb Code    30  net_udp.o(i.net_udp_socket_init)
    net_ultoa                                0x08015fbd   Thumb Code     8  net_common.o(i.net_ultoa)
    net_ultox                                0x08015fc5   Thumb Code    44  net_common.o(i.net_ultox)
    net_xtoul                                0x08015ff5   Thumb Code    76  net_common.o(i.net_xtoul)
    Arial12x12                               0x08016b4c   Data        2400  http_server.o(.constdata)
    app_main_attr                            0x080174ac   Data          36  http_server.o(.constdata)
    imageLastModified                        0x080174d0   Data           4  web.o(.constdata)
    osRtxUserSVC                             0x0801daf8   Data           4  rtx_lib.o(.constdata)
    Driver_ETH_PHY0                          0x0801db00   Data          32  phy_lan8742a.o(.constdata)
    Driver_ETH_MAC0                          0x0801db70   Data          68  emac_stm32f4xx.o(.constdata)
    Driver_SPI1                              0x0801dc08   Data          44  spi_stm32f4xx.o(.constdata)
    EventRecorderInfo                        0x0801dc34   Data          24  eventrecorder.o(.constdata)
    AHBPrescTable                            0x0801dc54   Data          16  system_stm32f4xx_1.o(.constdata)
    APBPrescTable                            0x0801dc64   Data           8  system_stm32f4xx_1.o(.constdata)
    net_sys_config                           0x0801dd14   Data          28  net_config.o(.constdata)
    net_eth0_if_config                       0x0801dd88   Data          44  net_config.o(.constdata)
    net_eth_list                             0x0801ddb4   Data           8  net_config.o(.constdata)
    net_if_list_lan                          0x0801ddbc   Data           8  net_config.o(.constdata)
    net_if_list_all                          0x0801ddc4   Data           8  net_config.o(.constdata)
    net_if_inet_def                          0x0801ddcc   Data           8  net_config.o(.constdata)
    net_if_link_def                          0x0801ddd4   Data           8  net_config.o(.constdata)
    net_arp_list                             0x0801dddc   Data           8  net_config.o(.constdata)
    net_icmp_list                            0x0801dde4   Data           8  net_config.o(.constdata)
    net_igmp_list                            0x0801ddec   Data           8  net_config.o(.constdata)
    net_icmp6_list                           0x0801ddf4   Data           4  net_config.o(.constdata)
    net_ip4_frag_config                      0x0801ddf8   Data           8  net_config.o(.constdata)
    net_udp_config                           0x0801de00   Data          12  net_config.o(.constdata)
    net_tcp_config                           0x0801de0c   Data          24  net_config.o(.constdata)
    net_http_config                          0x0801de24   Data          52  net_config.o(.constdata)
    netif_getopt_func                        0x0801dea8   Data          16  net_config.o(.constdata)
    netif_setopt_func                        0x0801deb8   Data          16  net_config.o(.constdata)
    net_loop_if_config                       0x0801ded0   Data          44  net_loopback.o(.constdata)
    net_http_auth_basic_func                 0x0801e00c   Data          24  net_http_server_auth.o(.constdata)
    net_ping_payload                         0x0801e024   Data          18  net_ping_core.o(.constdata)
    net_addr_unspec                          0x0801e036   Data          16  net_addr.o(.constdata)
    net_addr_bcast                           0x0801e046   Data           6  net_addr.o(.constdata)
    net_addr4_loopback                       0x0801e04c   Data           4  net_ip4.o(.constdata)
    net_addr6_all_nodes                      0x0801e050   Data          16  net_ip6.o(.constdata)
    net_addr6_loopback                       0x0801e060   Data          16  net_ip6.o(.constdata)
    net_http_error                           0x0801e070   Data          24  net_http_server_err.o(.constdata)
    net_lib_version                          0x0801e128   Data           4  net_version.o(.constdata)
    network_ip4ip6_debug_v7.15.0             0x0801e128   Data           4  net_version.o(.constdata)
    osRtxConfig                              0x0801e4fc   Data         112  rtx_lib.o(.rodata)
    os_cb_sections                           0x0801e56c   Data          56  rtx_lib.o(.rodata)
    Region$$Table$$Base                      0x0801e5a4   Number         0  anon$$obj.o(Region$$Table)
    Region$$Table$$Limit                     0x0801e5d4   Number         0  anon$$obj.o(Region$$Table)
    .bss.os.msgqueue.cb$$Base                0x20008044   Number         0  rtx_lib.o(.bss.os.msgqueue.cb)
    .bss.os.msgqueue.cb$$Limit               0x20008078   Number         0  rtx_lib.o(.bss.os.msgqueue.cb)
    .bss.os.mutex.cb$$Base                   0x200080c8   Number         0  net_config.o(.bss.os.mutex.cb)
    .bss.os.mutex.cb$$Limit                  0x20008100   Number         0  net_config.o(.bss.os.mutex.cb)
    .bss.os.semaphore.cb$$Base               0x20008100   Number         0  net_config.o(.bss.os.semaphore.cb)
    .bss.os.semaphore.cb$$Limit              0x20008110   Number         0  net_config.o(.bss.os.semaphore.cb)
    .bss.os.thread.cb$$Base                  0x20008110   Number         0  rtx_lib.o(.bss.os.thread.cb)
    .bss.os.thread.cb$$Limit                 0x20008220   Number         0  net_config.o(.bss.os.thread.cb)
    .bss.os.timer.cb$$Base                   0x20008620   Number         0  net_config.o(.bss.os.timer.cb)
    .bss.os.timer.cb$$Limit                  0x20008640   Number         0  net_config.o(.bss.os.timer.cb)
    LEDrun                                   0x20008644   Data           1  http_server.o(.data)
    positionL1                               0x20008646   Data           2  http_server.o(.data)
    positionL2                               0x20008648   Data           2  http_server.o(.data)
    TID_Display                              0x2000864c   Data           4  http_server.o(.data)
    TID_Led                                  0x20008650   Data           4  http_server.o(.data)
    lcd_text                                 0x20008654   Data          42  http_server.o(.data)
    SPIdrv                                   0x20008688   Data           4  lcd.o(.data)
    uwTickFreq                               0x2000868c   Data           1  stm32f4xx_hal.o(.data)
    uwTickPrio                               0x20008690   Data           4  stm32f4xx_hal.o(.data)
    uwTick                                   0x20008694   Data           4  stm32f4xx_hal.o(.data)
    SystemCoreClock                          0x20008698   Data           4  system_stm32f4xx_1.o(.data)
    net_eth0_igmp_control                    0x200086aa   Data           4  net_igmp.o(.data)
    net_eth0_icmp_control                    0x200086b8   Data           1  net_icmp.o(.data)
    osRtxInfo                                0x200086dc   Data         164  rtx_kernel.o(.data.os)
    app_main_stk                             0x20008780   Data        1024  http_server.o(.bss)
    bufferWeb                                0x20008b80   Data         512  http_server.o(.bss)
    GPIO_InitStruct_LCD                      0x20008db8   Data          20  lcd.o(.bss)
    tim7                                     0x20008dcc   Data          64  lcd.o(.bss)
    hadc                                     0x20008e0c   Data          72  pot.o(.bss)
    net_eth0_if_control                      0x2000ef30   Data         160  net_eth.o(.bss)
    net_eth0_arp_control                     0x2000efd0   Data          24  net_arp.o(.bss)
    net_http_control                         0x2000f088   Data          20  net_http_server.o(.bss)
    net_ping_control                         0x2000f09c   Data          44  net_ping_core.o(.bss)
    net_sys_control                          0x2000f0d8   Data          28  net_sys.o(.bss)
    net_dbg_buf                              0x2000f100   Data          36  net_sys.o(.bss)
    __initial_sp                             0x2000f598   Data           0  startup_stm32f429xx.o(STACK)



==============================================================================

Memory Map of the image

  Image Entry point : 0x080001ad

  Load Region LR_IROM1 (Base: 0x08000000, Size: 0x00026d54, Max: 0x00200000, ABSOLUTE, COMPRESSED[0x0001e70c])

    Execution Region ER_IROM1 (Exec base: 0x08000000, Load base: 0x08000000, Size: 0x0001e5d4, Max: 0x00200000, ABSOLUTE)

    Exec Addr    Load Addr    Size         Type   Attr      Idx    E Section Name        Object

    0x08000000   0x08000000   0x000001ac   Data   RO         1486    RESET               startup_stm32f429xx.o
    0x080001ac   0x080001ac   0x00000000   Code   RO         2626  * .ARM.Collect$$$$00000000  mc_w.l(entry.o)
    0x080001ac   0x080001ac   0x00000004   Code   RO         2912    .ARM.Collect$$$$00000001  mc_w.l(entry2.o)
    0x080001b0   0x080001b0   0x00000004   Code   RO         2915    .ARM.Collect$$$$00000004  mc_w.l(entry5.o)
    0x080001b4   0x080001b4   0x00000000   Code   RO         2917    .ARM.Collect$$$$00000008  mc_w.l(entry7b.o)
    0x080001b4   0x080001b4   0x00000000   Code   RO         2919    .ARM.Collect$$$$0000000A  mc_w.l(entry8b.o)
    0x080001b4   0x080001b4   0x00000008   Code   RO         2920    .ARM.Collect$$$$0000000B  mc_w.l(entry9a.o)
    0x080001bc   0x080001bc   0x00000004   Code   RO         2927    .ARM.Collect$$$$0000000E  mc_w.l(entry12b.o)
    0x080001c0   0x080001c0   0x00000000   Code   RO         2922    .ARM.Collect$$$$0000000F  mc_w.l(entry10a.o)
    0x080001c0   0x080001c0   0x00000000   Code   RO         2924    .ARM.Collect$$$$00000011  mc_w.l(entry11a.o)
    0x080001c0   0x080001c0   0x00000004   Code   RO         2913    .ARM.Collect$$$$00002712  mc_w.l(entry2.o)
    0x080001c4   0x080001c4   0x00000148   Code   RO          675    .emb_text           rtx_mempool.o
    0x0800030c   0x0800030c   0x00000148   Code   RO          706    .emb_text           rtx_msgqueue.o
    0x08000454   0x08000454   0x00000148   Code   RO          771    .emb_text           rtx_semaphore.o
    0x0800059c   0x0800059c   0x00000148   Code   RO          802    .emb_text           rtx_system.o
    0x080006e4   0x080006e4   0x00000148   Code   RO          836    .emb_text           rtx_thread.o
    0x0800082c   0x0800082c   0x00000074   Code   RO         1057    .emb_text           eventrecorder.o
    0x080008a0   0x080008a0   0x00000114   Code   RO            4    .text               main.o
    0x080009b4   0x080009b4   0x00000238   Code   RO          144    .text               http_server.o
    0x08000bec   0x08000bec   0x00000700   Code   RO          219    .text               http_server_cgi.o
    0x080012ec   0x080012ec   0x00000078   Code   RO          251    .text               web.o
    0x08001364   0x08001364   0x000000fc   Code   RO          271    .text               rgb.o
    0x08001460   0x08001460   0x00000214   Code   RO          297    .text               lcd.o
    0x08001674   0x08001674   0x000000e4   Code   RO          334    .text               pot.o
    0x08001758   0x08001758   0x000000a4   Code   RO          361    .text               buttons_nucleo_f429zi.o
    0x080017fc   0x080017fc   0x00000094   Code   RO          414    .text               irq_armv7m.o
    0x08001890   0x08001890   0x00000104   Code   RO          422    .text               rtx_delay.o
    0x08001994   0x08001994   0x00000958   Code   RO          520    .text               rtx_evr.o
    0x080022ec   0x080022ec   0x000006cc   Code   RO          548    .text               rtx_kernel.o
    0x080029b8   0x080029b8   0x00000018   Code   RO          596    .text               rtx_lib.o
    0x080029d0   0x080029d0   0x00000124   Code   RO          645    .text               rtx_memory.o
    0x08002af4   0x08002af4   0x00000678   Code   RO          676    .text               rtx_mempool.o
    0x0800316c   0x0800316c   0x000009bc   Code   RO          707    .text               rtx_msgqueue.o
    0x08003b28   0x08003b28   0x00000558   Code   RO          741    .text               rtx_mutex.o
    0x08004080   0x08004080   0x00000450   Code   RO          772    .text               rtx_semaphore.o
    0x080044d0   0x080044d0   0x00000154   Code   RO          803    .text               rtx_system.o
    0x08004624   0x08004624   0x000011e4   Code   RO          837    .text               rtx_thread.o
    0x08005808   0x08005808   0x00000480   Code   RO          871    .text               rtx_timer.o
    0x08005c88   0x08005c88   0x000000c4   Code   RO          901    .text               os_systick.o
    0x08005d4c   0x08005d4c   0x00000004   Code   RO          927    .text               rtx_config.o
    0x08005d50   0x08005d50   0x000001ac   Code   RO          948    .text               phy_lan8742a.o
    0x08005efc   0x08005efc   0x000009e8   Code   RO          976    .text               emac_stm32f4xx.o
    0x080068e4   0x080068e4   0x00000c5c   Code   RO         1018    .text               spi_stm32f4xx.o
    0x08007540   0x08007540   0x00000538   Code   RO         1058    .text               eventrecorder.o
    0x08007a78   0x08007a78   0x000001c8   Code   RO         1092    .text               stm32f4xx_hal.o
    0x08007c40   0x08007c40   0x00000ab8   Code   RO         1122    .text               stm32f4xx_hal_adc.o
    0x080086f8   0x080086f8   0x00000724   Code   RO         1146    .text               stm32f4xx_hal_adc_ex.o
    0x08008e1c   0x08008e1c   0x00000298   Code   RO         1170    .text               stm32f4xx_hal_cortex.o
    0x080090b4   0x080090b4   0x00000718   Code   RO         1198    .text               stm32f4xx_hal_dma.o
    0x080097cc   0x080097cc   0x00000364   Code   RO         1247    .text               stm32f4xx_hal_gpio.o
    0x08009b30   0x08009b30   0x00000760   Code   RO         1319    .text               stm32f4xx_hal_rcc.o
    0x0800a290   0x0800a290   0x000023d2   Code   RO         1415    .text               stm32f4xx_hal_tim.o
    0x0800c662   0x0800c662   0x00000002   PAD
    0x0800c664   0x0800c664   0x00000bb0   Code   RO         1439    .text               stm32f4xx_hal_tim_ex.o
    0x0800d214   0x0800d214   0x00000024   Code   RO         1487    .text               startup_stm32f429xx.o
    0x0800d238   0x0800d238   0x000000a0   Code   RO         1494    .text               system_stm32f4xx_1.o
    0x0800d2d8   0x0800d2d8   0x00000168   Code   RO         1523    .text               net_config.o
    0x0800d440   0x0800d440   0x00000152   Code   RO         1613    .text               net_debug.o
    0x0800d592   0x0800d592   0x00000062   Code   RO         2629    .text               mc_w.l(uldiv.o)
    0x0800d5f4   0x0800d5f4   0x00000024   Code   RO         2631    .text               mc_w.l(memcpya.o)
    0x0800d618   0x0800d618   0x00000024   Code   RO         2633    .text               mc_w.l(memseta.o)
    0x0800d63c   0x0800d63c   0x0000000e   Code   RO         2635    .text               mc_w.l(strlen.o)
    0x0800d64a   0x0800d64a   0x0000001c   Code   RO         2637    .text               mc_w.l(strcmp.o)
    0x0800d666   0x0800d666   0x0000001a   Code   RO         2639    .text               mc_w.l(memcmp.o)
    0x0800d680   0x0800d680   0x00000012   Code   RO         2641    .text               mc_w.l(strcpy.o)
    0x0800d692   0x0800d692   0x0000001e   Code   RO         2643    .text               mc_w.l(strncmp.o)
    0x0800d6b0   0x0800d6b0   0x000000e4   Code   RO         2908    .text               mf_w.l(dmul.o)
    0x0800d794   0x0800d794   0x00000026   Code   RO         2910    .text               mf_w.l(f2d.o)
    0x0800d7ba   0x0800d7ba   0x0000002c   Code   RO         2931    .text               mc_w.l(uidiv.o)
    0x0800d7e6   0x0800d7e6   0x0000001e   Code   RO         2933    .text               mc_w.l(llshl.o)
    0x0800d804   0x0800d804   0x00000020   Code   RO         2935    .text               mc_w.l(llushr.o)
    0x0800d824   0x0800d824   0x00000000   Code   RO         2937    .text               mc_w.l(iusefp.o)
    0x0800d824   0x0800d824   0x000000ba   Code   RO         2938    .text               mf_w.l(depilogue.o)
    0x0800d8de   0x0800d8de   0x0000014e   Code   RO         2940    .text               mf_w.l(dadd.o)
    0x0800da2c   0x0800da2c   0x000000de   Code   RO         2942    .text               mf_w.l(ddiv.o)
    0x0800db0a   0x0800db0a   0x00000030   Code   RO         2944    .text               mf_w.l(dfixul.o)
    0x0800db3a   0x0800db3a   0x00000002   PAD
    0x0800db3c   0x0800db3c   0x00000030   Code   RO         2946    .text               mf_w.l(cdrcmple.o)
    0x0800db6c   0x0800db6c   0x00000024   Code   RO         2948    .text               mc_w.l(init.o)
    0x0800db90   0x0800db90   0x00000024   Code   RO         2951    .text               mc_w.l(llsshr.o)
    0x0800dbb4   0x0800dbb4   0x00000056   Code   RO         2961    .text               mc_w.l(__dczerorl2.o)
    0x0800dc0a   0x0800dc0a   0x00000002   PAD
    0x0800dc0c   0x0800dc0c   0x00000028   Code   RO         2882    i.__0sprintf        mc_w.l(printfa.o)
    0x0800dc34   0x0800dc34   0x0000000e   Code   RO         2955    i.__scatterload_copy  mc_w.l(handlers.o)
    0x0800dc42   0x0800dc42   0x00000002   Code   RO         2956    i.__scatterload_null  mc_w.l(handlers.o)
    0x0800dc44   0x0800dc44   0x0000000e   Code   RO         2957    i.__scatterload_zeroinit  mc_w.l(handlers.o)
    0x0800dc52   0x0800dc52   0x00000002   PAD
    0x0800dc54   0x0800dc54   0x00000184   Code   RO         2887    i._fp_digits        mc_w.l(printfa.o)
    0x0800ddd8   0x0800ddd8   0x000006b4   Code   RO         2888    i._printf_core      mc_w.l(printfa.o)
    0x0800e48c   0x0800e48c   0x00000024   Code   RO         2889    i._printf_post_padding  mc_w.l(printfa.o)
    0x0800e4b0   0x0800e4b0   0x0000002e   Code   RO         2890    i._printf_pre_padding  mc_w.l(printfa.o)
    0x0800e4de   0x0800e4de   0x0000000a   Code   RO         2892    i._sputc            mc_w.l(printfa.o)
    0x0800e4e8   0x0800e4e8   0x00000054   Code   RO         2052    i.add_server_id     Net_Dbg_CM3_L.lib(net_http_server.o)
    0x0800e53c   0x0800e53c   0x0000005c   Code   RO         1699    i.arp_cache_alloc   Net_Dbg_CM3_L.lib(net_arp.o)
    0x0800e598   0x0800e598   0x00000170   Code   RO         1700    i.arp_cache_run     Net_Dbg_CM3_L.lib(net_arp.o)
    0x0800e708   0x0800e708   0x00000038   Code   RO         1701    i.arp_is_cacheable  Net_Dbg_CM3_L.lib(net_arp.o)
    0x0800e740   0x0800e740   0x00000088   Code   RO         1702    i.arp_probe_run     Net_Dbg_CM3_L.lib(net_arp.o)
    0x0800e7c8   0x0800e7c8   0x000000d8   Code   RO         1704    i.arp_proc_response  Net_Dbg_CM3_L.lib(net_arp.o)
    0x0800e8a0   0x0800e8a0   0x0000001a   Code   RO         1705    i.arp_que_free      Net_Dbg_CM3_L.lib(net_arp.o)
    0x0800e8ba   0x0800e8ba   0x00000002   PAD
    0x0800e8bc   0x0800e8bc   0x000000a0   Code   RO         1706    i.arp_send_reply    Net_Dbg_CM3_L.lib(net_arp.o)
    0x0800e95c   0x0800e95c   0x000000d0   Code   RO         1707    i.arp_send_request  Net_Dbg_CM3_L.lib(net_arp.o)
    0x0800ea2c   0x0800ea2c   0x00000068   Code   RO         1708    i.arp_sender_valid  Net_Dbg_CM3_L.lib(net_arp.o)
    0x0800ea94   0x0800ea94   0x0000018c   Code   RO         2053    i.chk_post_req      Net_Dbg_CM3_L.lib(net_http_server.o)
    0x0800ec20   0x0800ec20   0x00000028   Code   RO         2540    i.crc32_8bit        Net_Dbg_CM3_L.lib(net_common.o)
    0x0800ec48   0x0800ec48   0x0000009a   Code   RO         1643    i.eth_check_link    Net_Dbg_CM3_L.lib(net_eth.o)
    0x0800ece2   0x0800ece2   0x00000002   PAD
    0x0800ece4   0x0800ece4   0x00000020   Code   RO         1644    i.eth_if_map        Net_Dbg_CM3_L.lib(net_eth.o)
    0x0800ed04   0x0800ed04   0x00000304   Code   RO         1645    i.eth_iface_init    Net_Dbg_CM3_L.lib(net_eth.o)
    0x0800f008   0x0800f008   0x00000290   Code   RO         1646    i.eth_iface_run     Net_Dbg_CM3_L.lib(net_eth.o)
    0x0800f298   0x0800f298   0x00000008   Code   RO         1648    i.eth_lock          Net_Dbg_CM3_L.lib(net_eth.o)
    0x0800f2a0   0x0800f2a0   0x0000001c   Code   RO         1649    i.eth_mtu_limit     Net_Dbg_CM3_L.lib(net_eth.o)
    0x0800f2bc   0x0800f2bc   0x00000048   Code   RO         1650    i.eth_opt_len       Net_Dbg_CM3_L.lib(net_eth.o)
    0x0800f304   0x0800f304   0x00000088   Code   RO         1651    i.eth_receive       Net_Dbg_CM3_L.lib(net_eth.o)
    0x0800f38c   0x0800f38c   0x00000008   Code   RO         1652    i.eth_unlock        Net_Dbg_CM3_L.lib(net_eth.o)
    0x0800f394   0x0800f394   0x0000007c   Code   RO         1816    i.frag_map_session  Net_Dbg_CM3_L.lib(net_ip4_frag.o)
    0x0800f410   0x0800f410   0x00000028   Code   RO         2054    i.get_next_field    Net_Dbg_CM3_L.lib(net_http_server.o)
    0x0800f438   0x0800f438   0x00000032   Code   RO         2055    i.get_next_par      Net_Dbg_CM3_L.lib(net_http_server.o)
    0x0800f46a   0x0800f46a   0x00000022   Code   RO         2056    i.hex2byte          Net_Dbg_CM3_L.lib(net_http_server.o)
    0x0800f48c   0x0800f48c   0x0000036c   Code   RO         2057    i.http_add_header   Net_Dbg_CM3_L.lib(net_http_server.o)
    0x0800f7f8   0x0800f7f8   0x00000050   Code   RO         2177    i.http_auth_basic_add  Net_Dbg_CM3_L.lib(net_http_server_auth.o)
    0x0800f848   0x0800f848   0x00000090   Code   RO         2178    i.http_auth_basic_parse  Net_Dbg_CM3_L.lib(net_http_server_auth.o)
    0x0800f8d8   0x0800f8d8   0x00000002   Code   RO         2184    i.http_auth_dummy   Net_Dbg_CM3_L.lib(net_http_server_auth.o)
    0x0800f8da   0x0800f8da   0x00000002   PAD
    0x0800f8dc   0x0800f8dc   0x00000024   Code   RO         2185    i.http_auth_init    Net_Dbg_CM3_L.lib(net_http_server_auth.o)
    0x0800f900   0x0800f900   0x000001cc   Code   RO         2058    i.http_error_msg    Net_Dbg_CM3_L.lib(net_http_server.o)
    0x0800facc   0x0800facc   0x00000078   Code   RO         2059    i.http_get_ftype    Net_Dbg_CM3_L.lib(net_http_server.o)
    0x0800fb44   0x0800fb44   0x0000005e   Code   RO         2060    i.http_kill_session  Net_Dbg_CM3_L.lib(net_http_server.o)
    0x0800fba2   0x0800fba2   0x00000002   PAD
    0x0800fba4   0x0800fba4   0x000002a8   Code   RO         2061    i.http_listener     Net_Dbg_CM3_L.lib(net_http_server.o)
    0x0800fe4c   0x0800fe4c   0x00000184   Code   RO         2062    i.http_open_file    Net_Dbg_CM3_L.lib(net_http_server.o)
    0x0800ffd0   0x0800ffd0   0x0000011c   Code   RO         2063    i.http_parse_header  Net_Dbg_CM3_L.lib(net_http_server.o)
    0x080100ec   0x080100ec   0x000001a8   Code   RO         2064    i.http_proc_multipart  Net_Dbg_CM3_L.lib(net_http_server.o)
    0x08010294   0x08010294   0x00000138   Code   RO         2065    i.http_proc_post    Net_Dbg_CM3_L.lib(net_http_server.o)
    0x080103cc   0x080103cc   0x00000468   Code   RO         2066    i.http_server_run   Net_Dbg_CM3_L.lib(net_http_server.o)
    0x08010834   0x08010834   0x00000060   Code   RO         2067    i.http_server_start  Net_Dbg_CM3_L.lib(net_http_server.o)
    0x08010894   0x08010894   0x00000020   Code   RO         2069    i.http_strcpy       Net_Dbg_CM3_L.lib(net_http_server.o)
    0x080108b4   0x080108b4   0x000000ac   Code   RO         2070    i.http_to_utc       Net_Dbg_CM3_L.lib(net_http_server.o)
    0x08010960   0x08010960   0x0000001a   Code   RO         2541    i.i2str             Net_Dbg_CM3_L.lib(net_common.o)
    0x0801097a   0x0801097a   0x00000002   PAD
    0x0801097c   0x0801097c   0x0000009c   Code   RO         1766    i.igmp_host_run     Net_Dbg_CM3_L.lib(net_igmp.o)
    0x08010a18   0x08010a18   0x00000024   Code   RO         1767    i.igmp_map_group    Net_Dbg_CM3_L.lib(net_igmp.o)
    0x08010a3c   0x08010a3c   0x00000070   Code   RO         1768    i.igmp_send_report  Net_Dbg_CM3_L.lib(net_igmp.o)
    0x08010aac   0x08010aac   0x0000000c   Code   RO         2418    i.ip4_get_chksum    Net_Dbg_CM3_L.lib(net_ip4.o)
    0x08010ab8   0x08010ab8   0x00000028   Code   RO         2419    i.ip4_get_mtu       Net_Dbg_CM3_L.lib(net_ip4.o)
    0x08010ae0   0x08010ae0   0x00000040   Code   RO         2281    i.ip4_ntoa          Net_Dbg_CM3_L.lib(net_addr.o)
    0x08010b20   0x08010b20   0x000000ca   Code   RO         2282    i.ip6_ntoa          Net_Dbg_CM3_L.lib(net_addr.o)
    0x08010bea   0x08010bea   0x00000002   PAD
    0x08010bec   0x08010bec   0x0000000c   Code   RO         2517    i.mem_lock          Net_Dbg_CM3_L.lib(net_mem.o)
    0x08010bf8   0x08010bf8   0x0000000c   Code   RO         2518    i.mem_unlock        Net_Dbg_CM3_L.lib(net_mem.o)
    0x08010c04   0x08010c04   0x000001a4   Code   RO         2038    i.nbns_listener     Net_Dbg_CM3_L.lib(net_nbns_client.o)
    0x08010da8   0x08010da8   0x00000120   Code   RO         2348    i.ndp_cache_add     Net_Dbg_CM3_L.lib(net_ndp.o)
    0x08010ec8   0x08010ec8   0x00000072   Code   RO         2349    i.ndp_cache_alloc   Net_Dbg_CM3_L.lib(net_ndp.o)
    0x08010f3a   0x08010f3a   0x00000002   PAD
    0x08010f3c   0x08010f3c   0x00000078   Code   RO         2350    i.ndp_cache_delete  Net_Dbg_CM3_L.lib(net_ndp.o)
    0x08010fb4   0x08010fb4   0x0000002c   Code   RO         2352    i.ndp_check_frame   Net_Dbg_CM3_L.lib(net_ndp.o)
    0x08010fe0   0x08010fe0   0x00000012   Code   RO         2353    i.ndp_next_opt      Net_Dbg_CM3_L.lib(net_ndp.o)
    0x08010ff2   0x08010ff2   0x00000002   PAD
    0x08010ff4   0x08010ff4   0x000000e4   Code   RO         2354    i.ndp_prefix_add    Net_Dbg_CM3_L.lib(net_ndp.o)
    0x080110d8   0x080110d8   0x000000fc   Code   RO         2357    i.ndp_proc_response  Net_Dbg_CM3_L.lib(net_ndp.o)
    0x080111d4   0x080111d4   0x0000001a   Code   RO         2358    i.ndp_que_free      Net_Dbg_CM3_L.lib(net_ndp.o)
    0x080111ee   0x080111ee   0x00000002   PAD
    0x080111f0   0x080111f0   0x00000038   Code   RO         2359    i.ndp_router_remove  Net_Dbg_CM3_L.lib(net_ndp.o)
    0x08011228   0x08011228   0x0000009c   Code   RO         2360    i.ndp_send_reply    Net_Dbg_CM3_L.lib(net_ndp.o)
    0x080112c4   0x080112c4   0x000000bc   Code   RO         2361    i.ndp_send_request  Net_Dbg_CM3_L.lib(net_ndp.o)
    0x08011380   0x08011380   0x00000004   Code   RO         2071    i.netCGI_Charset    Net_Dbg_CM3_L.lib(net_http_server.o)
    0x08011384   0x08011384   0x00000004   Code   RO         2072    i.netCGI_ContentType  Net_Dbg_CM3_L.lib(net_http_server.o)
    0x08011388   0x08011388   0x00000004   Code   RO         2073    i.netCGI_CustomHeader  Net_Dbg_CM3_L.lib(net_http_server.o)
    0x0801138c   0x0801138c   0x0000006c   Code   RO         2074    i.netCGI_GetEnvVar  Net_Dbg_CM3_L.lib(net_http_server.o)
    0x080113f8   0x080113f8   0x00000004   Code   RO         2077    i.netCGI_Redirect   Net_Dbg_CM3_L.lib(net_http_server.o)
    0x080113fc   0x080113fc   0x00000004   Code   RO         2079    i.netCGX_ContentType  Net_Dbg_CM3_L.lib(net_http_server.o)
    0x08011400   0x08011400   0x00000064   Code   RO         2231    i.netCore_Thread    Net_Dbg_CM3_L.lib(net_sys.o)
    0x08011464   0x08011464   0x00000002   Code   RO         1653    i.netETH_Notify     Net_Dbg_CM3_L.lib(net_eth.o)
    0x08011466   0x08011466   0x00000002   Code   RO         1654    i.netETH_ReceiveRaw  Net_Dbg_CM3_L.lib(net_eth.o)
    0x08011468   0x08011468   0x00000072   Code   RO         1656    i.netETH_Thread     Net_Dbg_CM3_L.lib(net_eth.o)
    0x080114da   0x080114da   0x00000004   Code   RO         2080    i.netHTTPs_AcceptClient  Net_Dbg_CM3_L.lib(net_http_server.o)
    0x080114de   0x080114de   0x00000004   Code   RO         2186    i.netHTTPs_CheckAccount  Net_Dbg_CM3_L.lib(net_http_server_auth.o)
    0x080114e2   0x080114e2   0x00000004   Code   RO         2082    i.netHTTPs_FileAccess  Net_Dbg_CM3_L.lib(net_http_server.o)
    0x080114e6   0x080114e6   0x00000002   PAD
    0x080114e8   0x080114e8   0x00000020   Code   RO         2085    i.netHTTPs_GetLanguage  Net_Dbg_CM3_L.lib(net_http_server.o)
    0x08011508   0x08011508   0x0000000c   Code   RO         2086    i.netHTTPs_GetPassword  Net_Dbg_CM3_L.lib(net_http_server.o)
    0x08011514   0x08011514   0x0000000c   Code   RO         2092    i.netHTTPs_LoginActive  Net_Dbg_CM3_L.lib(net_http_server.o)
    0x08011520   0x08011520   0x00000058   Code   RO         2095    i.netHTTPs_SetPassword  Net_Dbg_CM3_L.lib(net_http_server.o)
    0x08011578   0x08011578   0x00000088   Code   RO         2232    i.netIF_GetOption   Net_Dbg_CM3_L.lib(net_sys.o)
    0x08011600   0x08011600   0x00000084   Code   RO         2234    i.netIF_SetOption   Net_Dbg_CM3_L.lib(net_sys.o)
    0x08011684   0x08011684   0x0000001a   Code   RO         2284    i.netIP_aton        Net_Dbg_CM3_L.lib(net_addr.o)
    0x0801169e   0x0801169e   0x00000032   Code   RO         2285    i.netIP_ntoa        Net_Dbg_CM3_L.lib(net_addr.o)
    0x080116d0   0x080116d0   0x000000ac   Code   RO         2235    i.netInitialize     Net_Dbg_CM3_L.lib(net_sys.o)
    0x0801177c   0x0801177c   0x0000008c   Code   RO         2286    i.netMAC_aton       Net_Dbg_CM3_L.lib(net_addr.o)
    0x08011808   0x08011808   0x00000004   Code   RO         1919    i.netTCP_GetLocalPort  Net_Dbg_CM3_L.lib(net_tcp.o)
    0x0801180c   0x0801180c   0x00000020   Code   RO         1921    i.netTCP_GetPeer    Net_Dbg_CM3_L.lib(net_tcp.o)
    0x0801182c   0x0801182c   0x00000004   Code   RO         1923    i.netTCP_GetState   Net_Dbg_CM3_L.lib(net_tcp.o)
    0x08011830   0x08011830   0x00000004   Code   RO         1924    i.netTCP_GetTimer   Net_Dbg_CM3_L.lib(net_tcp.o)
    0x08011834   0x08011834   0x0000007c   Code   RO         2288    i.net_addr4_aton    Net_Dbg_CM3_L.lib(net_addr.o)
    0x080118b0   0x080118b0   0x0000001e   Code   RO         2290    i.net_addr4_to_mac  Net_Dbg_CM3_L.lib(net_addr.o)
    0x080118ce   0x080118ce   0x00000002   PAD
    0x080118d0   0x080118d0   0x000000e6   Code   RO         2291    i.net_addr6_aton    Net_Dbg_CM3_L.lib(net_addr.o)
    0x080119b6   0x080119b6   0x00000028   Code   RO         2292    i.net_addr6_comp    Net_Dbg_CM3_L.lib(net_addr.o)
    0x080119de   0x080119de   0x00000012   Code   RO         2293    i.net_addr6_copy    Net_Dbg_CM3_L.lib(net_addr.o)
    0x080119f0   0x080119f0   0x0000004c   Code   RO         2294    i.net_addr6_create  Net_Dbg_CM3_L.lib(net_addr.o)
    0x08011a3c   0x08011a3c   0x00000028   Code   RO         2295    i.net_addr6_get_solicited  Net_Dbg_CM3_L.lib(net_addr.o)
    0x08011a64   0x08011a64   0x00000018   Code   RO         2296    i.net_addr6_is_linklocal  Net_Dbg_CM3_L.lib(net_addr.o)
    0x08011a7c   0x08011a7c   0x0000006e   Code   RO         2297    i.net_addr6_is_onlink  Net_Dbg_CM3_L.lib(net_addr.o)
    0x08011aea   0x08011aea   0x00000048   Code   RO         2298    i.net_addr6_is_solicited  Net_Dbg_CM3_L.lib(net_addr.o)
    0x08011b32   0x08011b32   0x00000018   Code   RO         2299    i.net_addr6_is_unspec  Net_Dbg_CM3_L.lib(net_addr.o)
    0x08011b4a   0x08011b4a   0x0000000e   Code   RO         2301    i.net_addr6_to_mac  Net_Dbg_CM3_L.lib(net_addr.o)
    0x08011b58   0x08011b58   0x00000026   Code   RO         2303    i.net_addr_copy     Net_Dbg_CM3_L.lib(net_addr.o)
    0x08011b7e   0x08011b7e   0x0000001a   Code   RO         2304    i.net_addr_find_route  Net_Dbg_CM3_L.lib(net_addr.o)
    0x08011b98   0x08011b98   0x00000020   Code   RO         2306    i.net_addr_get_local  Net_Dbg_CM3_L.lib(net_addr.o)
    0x08011bb8   0x08011bb8   0x00000022   Code   RO         2307    i.net_addr_is_unspec  Net_Dbg_CM3_L.lib(net_addr.o)
    0x08011bda   0x08011bda   0x00000002   PAD
    0x08011bdc   0x08011bdc   0x0000011c   Code   RO         1716    i.net_arp_cache_add  Net_Dbg_CM3_L.lib(net_arp.o)
    0x08011cf8   0x08011cf8   0x000000bc   Code   RO         1717    i.net_arp_cache_early  Net_Dbg_CM3_L.lib(net_arp.o)
    0x08011db4   0x08011db4   0x000000ec   Code   RO         1718    i.net_arp_cache_find  Net_Dbg_CM3_L.lib(net_arp.o)
    0x08011ea0   0x08011ea0   0x00000048   Code   RO         1719    i.net_arp_cache_init  Net_Dbg_CM3_L.lib(net_arp.o)
    0x08011ee8   0x08011ee8   0x0000001c   Code   RO         1720    i.net_arp_cache_run  Net_Dbg_CM3_L.lib(net_arp.o)
    0x08011f04   0x08011f04   0x00000078   Code   RO         1722    i.net_arp_enqueue   Net_Dbg_CM3_L.lib(net_arp.o)
    0x08011f7c   0x08011f7c   0x00000020   Code   RO         1724    i.net_arp_notify    Net_Dbg_CM3_L.lib(net_arp.o)
    0x08011f9c   0x08011f9c   0x00000224   Code   RO         1726    i.net_arp_process   Net_Dbg_CM3_L.lib(net_arp.o)
    0x080121c0   0x080121c0   0x00000042   Code   RO         2542    i.net_atoi          Net_Dbg_CM3_L.lib(net_common.o)
    0x08012202   0x08012202   0x00000002   PAD
    0x08012204   0x08012204   0x00000078   Code   RO         2608    i.net_base64_decode  Net_Dbg_CM3_L.lib(net_base64.o)
    0x0801227c   0x0801227c   0x00000030   Code   RO         2544    i.net_chksum_buf    Net_Dbg_CM3_L.lib(net_common.o)
    0x080122ac   0x080122ac   0x0000001e   Code   RO         2545    i.net_crc_buf       Net_Dbg_CM3_L.lib(net_common.o)
    0x080122ca   0x080122ca   0x0000000e   Code   RO         1657    i.net_eth_callback  Net_Dbg_CM3_L.lib(net_eth.o)
    0x080122d8   0x080122d8   0x00000068   Code   RO         1658    i.net_eth_config_mcast  Net_Dbg_CM3_L.lib(net_eth.o)
    0x08012340   0x08012340   0x000000ea   Code   RO         1660    i.net_eth_get_option  Net_Dbg_CM3_L.lib(net_eth.o)
    0x0801242a   0x0801242a   0x00000002   PAD
    0x0801242c   0x0801242c   0x0000001c   Code   RO         1661    i.net_eth_iface_init  Net_Dbg_CM3_L.lib(net_eth.o)
    0x08012448   0x08012448   0x0000001c   Code   RO         1662    i.net_eth_iface_run  Net_Dbg_CM3_L.lib(net_eth.o)
    0x08012464   0x08012464   0x000000a8   Code   RO         1664    i.net_eth_output    Net_Dbg_CM3_L.lib(net_eth.o)
    0x0801250c   0x0801250c   0x000001e0   Code   RO         1665    i.net_eth_send_frame  Net_Dbg_CM3_L.lib(net_eth.o)
    0x080126ec   0x080126ec   0x00000270   Code   RO         1666    i.net_eth_set_option  Net_Dbg_CM3_L.lib(net_eth.o)
    0x0801295c   0x0801295c   0x000000e8   Code   RO         2101    i.net_http_server_init  Net_Dbg_CM3_L.lib(net_http_server.o)
    0x08012a44   0x08012a44   0x00000028   Code   RO         2102    i.net_http_server_run  Net_Dbg_CM3_L.lib(net_http_server.o)
    0x08012a6c   0x08012a6c   0x00000018   Code   RO         2490    i.net_icmp6_init    Net_Dbg_CM3_L.lib(net_icmp6.o)
    0x08012a84   0x08012a84   0x00000238   Code   RO         2491    i.net_icmp6_process  Net_Dbg_CM3_L.lib(net_icmp6.o)
    0x08012cbc   0x08012cbc   0x00000084   Code   RO         2492    i.net_icmp6_send    Net_Dbg_CM3_L.lib(net_icmp6.o)
    0x08012d40   0x08012d40   0x00000058   Code   RO         2493    i.net_icmp6_send_echo  Net_Dbg_CM3_L.lib(net_icmp6.o)
    0x08012d98   0x08012d98   0x00000018   Code   RO         1838    i.net_icmp_init     Net_Dbg_CM3_L.lib(net_icmp.o)
    0x08012db0   0x08012db0   0x000001c8   Code   RO         1839    i.net_icmp_process  Net_Dbg_CM3_L.lib(net_icmp.o)
    0x08012f78   0x08012f78   0x000000a0   Code   RO         1840    i.net_icmp_send_echo  Net_Dbg_CM3_L.lib(net_icmp.o)
    0x08013018   0x08013018   0x0000000c   Code   RO         2239    i.net_if_map_all    Net_Dbg_CM3_L.lib(net_sys.o)
    0x08013024   0x08013024   0x0000006c   Code   RO         1771    i.net_igmp_collect_mcast  Net_Dbg_CM3_L.lib(net_igmp.o)
    0x08013090   0x08013090   0x00000048   Code   RO         1772    i.net_igmp_host_init  Net_Dbg_CM3_L.lib(net_igmp.o)
    0x080130d8   0x080130d8   0x0000001c   Code   RO         1773    i.net_igmp_host_run  Net_Dbg_CM3_L.lib(net_igmp.o)
    0x080130f4   0x080130f4   0x00000020   Code   RO         1775    i.net_igmp_is_member  Net_Dbg_CM3_L.lib(net_igmp.o)
    0x08013114   0x08013114   0x000001ac   Code   RO         1776    i.net_igmp_process  Net_Dbg_CM3_L.lib(net_igmp.o)
    0x080132c0   0x080132c0   0x0000018c   Code   RO         2420    i.net_ip4_chk_frame  Net_Dbg_CM3_L.lib(net_ip4.o)
    0x0801344c   0x0801344c   0x0000002c   Code   RO         2421    i.net_ip4_chksum    Net_Dbg_CM3_L.lib(net_ip4.o)
    0x08013478   0x08013478   0x00000006   Code   RO         2422    i.net_ip4_chksum_buf  Net_Dbg_CM3_L.lib(net_ip4.o)
    0x0801347e   0x0801347e   0x00000002   PAD
    0x08013480   0x08013480   0x00000080   Code   RO         2424    i.net_ip4_find_route  Net_Dbg_CM3_L.lib(net_ip4.o)
    0x08013500   0x08013500   0x00000124   Code   RO         1817    i.net_ip4_frag_add  Net_Dbg_CM3_L.lib(net_ip4_frag.o)
    0x08013624   0x08013624   0x000000ac   Code   RO         1818    i.net_ip4_frag_get  Net_Dbg_CM3_L.lib(net_ip4_frag.o)
    0x080136d0   0x080136d0   0x00000010   Code   RO         1819    i.net_ip4_frag_init  Net_Dbg_CM3_L.lib(net_ip4_frag.o)
    0x080136e0   0x080136e0   0x0000003c   Code   RO         1820    i.net_ip4_frag_run  Net_Dbg_CM3_L.lib(net_ip4_frag.o)
    0x0801371c   0x0801371c   0x0000002c   Code   RO         2425    i.net_ip4_get_local  Net_Dbg_CM3_L.lib(net_ip4.o)
    0x08013748   0x08013748   0x00000024   Code   RO         2426    i.net_ip4_init      Net_Dbg_CM3_L.lib(net_ip4.o)
    0x0801376c   0x0801376c   0x00000020   Code   RO         2427    i.net_ip4_is_onlink  Net_Dbg_CM3_L.lib(net_ip4.o)
    0x0801378c   0x0801378c   0x00000026   Code   RO         2428    i.net_ip4_is_subcast  Net_Dbg_CM3_L.lib(net_ip4.o)
    0x080137b2   0x080137b2   0x0000000e   Code   RO         2429    i.net_ip4_reass_frame  Net_Dbg_CM3_L.lib(net_ip4.o)
    0x080137c0   0x080137c0   0x00000164   Code   RO         2430    i.net_ip4_send_frame  Net_Dbg_CM3_L.lib(net_ip4.o)
    0x08013924   0x08013924   0x0000002a   Code   RO         2432    i.net_ip4_tx_offl_hl  Net_Dbg_CM3_L.lib(net_ip4.o)
    0x0801394e   0x0801394e   0x00000002   PAD
    0x08013950   0x08013950   0x00000100   Code   RO         2458    i.net_ip6_chk_frame  Net_Dbg_CM3_L.lib(net_ip6.o)
    0x08013a50   0x08013a50   0x00000032   Code   RO         2459    i.net_ip6_chksum    Net_Dbg_CM3_L.lib(net_ip6.o)
    0x08013a82   0x08013a82   0x00000002   PAD
    0x08013a84   0x08013a84   0x0000007c   Code   RO         2460    i.net_ip6_collect_mcast  Net_Dbg_CM3_L.lib(net_ip6.o)
    0x08013b00   0x08013b00   0x00000048   Code   RO         2462    i.net_ip6_find_route  Net_Dbg_CM3_L.lib(net_ip6.o)
    0x08013b48   0x08013b48   0x00000054   Code   RO         2463    i.net_ip6_get_local  Net_Dbg_CM3_L.lib(net_ip6.o)
    0x08013b9c   0x08013b9c   0x0000001c   Code   RO         2464    i.net_ip6_init      Net_Dbg_CM3_L.lib(net_ip6.o)
    0x08013bb8   0x08013bb8   0x000000cc   Code   RO         2465    i.net_ip6_send_frame  Net_Dbg_CM3_L.lib(net_ip6.o)
    0x08013c84   0x08013c84   0x0000001e   Code   RO         2467    i.net_ip6_tx_offl_hl  Net_Dbg_CM3_L.lib(net_ip6.o)
    0x08013ca2   0x08013ca2   0x00000008   Code   RO         2546    i.net_itoa          Net_Dbg_CM3_L.lib(net_common.o)
    0x08013caa   0x08013caa   0x00000006   Code   RO         2548    i.net_itoa_n0       Net_Dbg_CM3_L.lib(net_common.o)
    0x08013cb0   0x08013cb0   0x00000030   Code   RO         1799    i.net_loop_iface_init  Net_Dbg_CM3_L.lib(net_loopback.o)
    0x08013ce0   0x08013ce0   0x000000bc   Code   RO         1800    i.net_loop_iface_run  Net_Dbg_CM3_L.lib(net_loopback.o)
    0x08013d9c   0x08013d9c   0x00000070   Code   RO         1802    i.net_loop_send_frame  Net_Dbg_CM3_L.lib(net_loopback.o)
    0x08013e0c   0x08013e0c   0x000000c0   Code   RO         2519    i.net_mem_alloc     Net_Dbg_CM3_L.lib(net_mem.o)
    0x08013ecc   0x08013ecc   0x0000001c   Code   RO         2520    i.net_mem_avail     Net_Dbg_CM3_L.lib(net_mem.o)
    0x08013ee8   0x08013ee8   0x000000a4   Code   RO         2521    i.net_mem_free      Net_Dbg_CM3_L.lib(net_mem.o)
    0x08013f8c   0x08013f8c   0x00000070   Code   RO         2522    i.net_mem_init      Net_Dbg_CM3_L.lib(net_mem.o)
    0x08013ffc   0x08013ffc   0x00000048   Code   RO         2523    i.net_mem_shrink    Net_Dbg_CM3_L.lib(net_mem.o)
    0x08014044   0x08014044   0x00000064   Code   RO         2039    i.net_nbns_client_init  Net_Dbg_CM3_L.lib(net_nbns_client.o)
    0x080140a8   0x080140a8   0x000001c4   Code   RO         2369    i.net_ndp_cache_find  Net_Dbg_CM3_L.lib(net_ndp.o)
    0x0801426c   0x0801426c   0x00000078   Code   RO         2372    i.net_ndp_cache_refresh  Net_Dbg_CM3_L.lib(net_ndp.o)
    0x080142e4   0x080142e4   0x00000070   Code   RO         2375    i.net_ndp_enqueue   Net_Dbg_CM3_L.lib(net_ndp.o)
    0x08014354   0x08014354   0x00000374   Code   RO         2377    i.net_ndp_process   Net_Dbg_CM3_L.lib(net_ndp.o)
    0x080146c8   0x080146c8   0x00000038   Code   RO         2241    i.net_path          Net_Dbg_CM3_L.lib(net_sys.o)
    0x08014700   0x08014700   0x00000020   Code   RO         2212    i.net_ping_client_init  Net_Dbg_CM3_L.lib(net_ping_core.o)
    0x08014720   0x08014720   0x00000080   Code   RO         2213    i.net_ping_client_run  Net_Dbg_CM3_L.lib(net_ping_core.o)
    0x080147a0   0x080147a0   0x0000001c   Code   RO         2242    i.net_rand32        Net_Dbg_CM3_L.lib(net_sys.o)
    0x080147bc   0x080147bc   0x0000002e   Code   RO         2549    i.net_strcasecmp    Net_Dbg_CM3_L.lib(net_common.o)
    0x080147ea   0x080147ea   0x00000016   Code   RO         2550    i.net_strchr        Net_Dbg_CM3_L.lib(net_common.o)
    0x08014800   0x08014800   0x0000001a   Code   RO         2551    i.net_strcmp        Net_Dbg_CM3_L.lib(net_common.o)
    0x0801481a   0x0801481a   0x00000012   Code   RO         2552    i.net_strcpy        Net_Dbg_CM3_L.lib(net_common.o)
    0x0801482c   0x0801482c   0x0000001c   Code   RO         2554    i.net_strnchr       Net_Dbg_CM3_L.lib(net_common.o)
    0x08014848   0x08014848   0x0000001a   Code   RO         2555    i.net_strncpy       Net_Dbg_CM3_L.lib(net_common.o)
    0x08014862   0x08014862   0x00000020   Code   RO         2556    i.net_strtoupper    Net_Dbg_CM3_L.lib(net_common.o)
    0x08014882   0x08014882   0x00000002   PAD
    0x08014884   0x08014884   0x0000000c   Code   RO         2243    i.net_sys_lock      Net_Dbg_CM3_L.lib(net_sys.o)
    0x08014890   0x08014890   0x00000016   Code   RO         2244    i.net_sys_resume    Net_Dbg_CM3_L.lib(net_sys.o)
    0x080148a6   0x080148a6   0x00000002   PAD
    0x080148a8   0x080148a8   0x00000014   Code   RO         2246    i.net_sys_tick      Net_Dbg_CM3_L.lib(net_sys.o)
    0x080148bc   0x080148bc   0x0000000c   Code   RO         2247    i.net_sys_unlock    Net_Dbg_CM3_L.lib(net_sys.o)
    0x080148c8   0x080148c8   0x00000020   Code   RO         2249    i.net_sys_wakeup    Net_Dbg_CM3_L.lib(net_sys.o)
    0x080148e8   0x080148e8   0x00000084   Code   RO         1931    i.net_tcp_abort     Net_Dbg_CM3_L.lib(net_tcp.o)
    0x0801496c   0x0801496c   0x000000e4   Code   RO         1934    i.net_tcp_close     Net_Dbg_CM3_L.lib(net_tcp.o)
    0x08014a50   0x08014a50   0x0000002e   Code   RO         1937    i.net_tcp_get_buf   Net_Dbg_CM3_L.lib(net_tcp.o)
    0x08014a7e   0x08014a7e   0x00000002   PAD
    0x08014a80   0x08014a80   0x00000034   Code   RO         1939    i.net_tcp_get_local_port  Net_Dbg_CM3_L.lib(net_tcp.o)
    0x08014ab4   0x08014ab4   0x00000028   Code   RO         1940    i.net_tcp_get_mss   Net_Dbg_CM3_L.lib(net_tcp.o)
    0x08014adc   0x08014adc   0x00000054   Code   RO         1942    i.net_tcp_get_peer  Net_Dbg_CM3_L.lib(net_tcp.o)
    0x08014b30   0x08014b30   0x00000070   Code   RO         1944    i.net_tcp_get_socket  Net_Dbg_CM3_L.lib(net_tcp.o)
    0x08014ba0   0x08014ba0   0x0000002c   Code   RO         1945    i.net_tcp_get_state  Net_Dbg_CM3_L.lib(net_tcp.o)
    0x08014bcc   0x08014bcc   0x00000034   Code   RO         1946    i.net_tcp_get_timer  Net_Dbg_CM3_L.lib(net_tcp.o)
    0x08014c00   0x08014c00   0x000000b0   Code   RO         1947    i.net_tcp_listen    Net_Dbg_CM3_L.lib(net_tcp.o)
    0x08014cb0   0x08014cb0   0x000007a8   Code   RO         1949    i.net_tcp_process   Net_Dbg_CM3_L.lib(net_tcp.o)
    0x08015458   0x08015458   0x0000015c   Code   RO         1953    i.net_tcp_send      Net_Dbg_CM3_L.lib(net_tcp.o)
    0x080155b4   0x080155b4   0x0000012c   Code   RO         1955    i.net_tcp_set_option  Net_Dbg_CM3_L.lib(net_tcp.o)
    0x080156e0   0x080156e0   0x00000028   Code   RO         1956    i.net_tcp_socket_init  Net_Dbg_CM3_L.lib(net_tcp.o)
    0x08015708   0x08015708   0x000003c0   Code   RO         1957    i.net_tcp_socket_run  Net_Dbg_CM3_L.lib(net_tcp.o)
    0x08015ac8   0x08015ac8   0x0000002e   Code   RO         1868    i.net_udp_get_buf   Net_Dbg_CM3_L.lib(net_udp.o)
    0x08015af6   0x08015af6   0x00000002   PAD
    0x08015af8   0x08015af8   0x00000070   Code   RO         1871    i.net_udp_get_socket  Net_Dbg_CM3_L.lib(net_udp.o)
    0x08015b68   0x08015b68   0x000000ac   Code   RO         1873    i.net_udp_open      Net_Dbg_CM3_L.lib(net_udp.o)
    0x08015c14   0x08015c14   0x00000158   Code   RO         1874    i.net_udp_process   Net_Dbg_CM3_L.lib(net_udp.o)
    0x08015d6c   0x08015d6c   0x0000022c   Code   RO         1877    i.net_udp_send_if   Net_Dbg_CM3_L.lib(net_udp.o)
    0x08015f98   0x08015f98   0x00000024   Code   RO         1879    i.net_udp_socket_init  Net_Dbg_CM3_L.lib(net_udp.o)
    0x08015fbc   0x08015fbc   0x00000008   Code   RO         2557    i.net_ultoa         Net_Dbg_CM3_L.lib(net_common.o)
    0x08015fc4   0x08015fc4   0x00000030   Code   RO         2560    i.net_ultox         Net_Dbg_CM3_L.lib(net_common.o)
    0x08015ff4   0x08015ff4   0x0000004c   Code   RO         2561    i.net_xtoul         Net_Dbg_CM3_L.lib(net_common.o)
    0x08016040   0x08016040   0x0000001c   Code   RO         2216    i.ping_send_req     Net_Dbg_CM3_L.lib(net_ping_core.o)
    0x0801605c   0x0801605c   0x00000058   Code   RO         2105    i.proc_req_line     Net_Dbg_CM3_L.lib(net_http_server.o)
    0x080160b4   0x080160b4   0x0000001a   Code   RO         1822    i.que_free_list     Net_Dbg_CM3_L.lib(net_ip4_frag.o)
    0x080160ce   0x080160ce   0x000000a0   Code   RO         2106    i.read_script_line  Net_Dbg_CM3_L.lib(net_http_server.o)
    0x0801616e   0x0801616e   0x00000048   Code   RO         2107    i.search_delim      Net_Dbg_CM3_L.lib(net_http_server.o)
    0x080161b6   0x080161b6   0x00000018   Code   RO         2250    i.sys_map_if        Net_Dbg_CM3_L.lib(net_sys.o)
    0x080161ce   0x080161ce   0x00000002   PAD
    0x080161d0   0x080161d0   0x0000004c   Code   RO         2251    i.sys_proc_tick     Net_Dbg_CM3_L.lib(net_sys.o)
    0x0801621c   0x0801621c   0x00000110   Code   RO         1959    i.tcp_map_socket    Net_Dbg_CM3_L.lib(net_tcp.o)
    0x0801632c   0x0801632c   0x00000084   Code   RO         1960    i.tcp_parse_opt     Net_Dbg_CM3_L.lib(net_tcp.o)
    0x080163b0   0x080163b0   0x0000011c   Code   RO         1961    i.tcp_proc_acknr    Net_Dbg_CM3_L.lib(net_tcp.o)
    0x080164cc   0x080164cc   0x000000ac   Code   RO         1962    i.tcp_proc_dupack   Net_Dbg_CM3_L.lib(net_tcp.o)
    0x08016578   0x08016578   0x0000001a   Code   RO         1963    i.tcp_que_free      Net_Dbg_CM3_L.lib(net_tcp.o)
    0x08016592   0x08016592   0x0000001a   Code   RO         1964    i.tcp_que_init      Net_Dbg_CM3_L.lib(net_tcp.o)
    0x080165ac   0x080165ac   0x000000ac   Code   RO         1965    i.tcp_que_resend    Net_Dbg_CM3_L.lib(net_tcp.o)
    0x08016658   0x08016658   0x00000090   Code   RO         1966    i.tcp_send_ctrl     Net_Dbg_CM3_L.lib(net_tcp.o)
    0x080166e8   0x080166e8   0x0000007c   Code   RO         1967    i.tcp_send_data     Net_Dbg_CM3_L.lib(net_tcp.o)
    0x08016764   0x08016764   0x00000090   Code   RO         1968    i.tcp_send_reset    Net_Dbg_CM3_L.lib(net_tcp.o)
    0x080167f4   0x080167f4   0x00000044   Code   RO         1969    i.tcp_set_cwnd      Net_Dbg_CM3_L.lib(net_tcp.o)
    0x08016838   0x08016838   0x00000074   Code   RO         1970    i.tcp_transit       Net_Dbg_CM3_L.lib(net_tcp.o)
    0x080168ac   0x080168ac   0x0000010c   Code   RO         1971    i.tcp_write         Net_Dbg_CM3_L.lib(net_tcp.o)
    0x080169b8   0x080169b8   0x0000002c   Code   RO         1881    i.udp_port_in_use   Net_Dbg_CM3_L.lib(net_udp.o)
    0x080169e4   0x080169e4   0x00000044   Code   RO         2562    i.ul2str            Net_Dbg_CM3_L.lib(net_common.o)
    0x08016a28   0x08016a28   0x00000124   Code   RO         2108    i.utc_to_http       Net_Dbg_CM3_L.lib(net_http_server.o)
    0x08016b4c   0x08016b4c   0x00000960   Data   RO          147    .constdata          http_server.o
    0x080174ac   0x080174ac   0x00000024   Data   RO          148    .constdata          http_server.o
    0x080174d0   0x080174d0   0x00000004   Data   RO          252    .constdata          web.o
    0x080174d4   0x080174d4   0x000064e9   Data   RO          253    .constdata          web.o
    0x0801d9bd   0x0801d9bd   0x00000003   PAD
    0x0801d9c0   0x0801d9c0   0x000000a0   Data   RO          254    .constdata          web.o
    0x0801da60   0x0801da60   0x00000030   Data   RO          272    .constdata          rgb.o
    0x0801da90   0x0801da90   0x00000008   Data   RO          362    .constdata          buttons_nucleo_f429zi.o
    0x0801da98   0x0801da98   0x00000024   Data   RO          605    .constdata          rtx_lib.o
    0x0801dabc   0x0801dabc   0x00000024   Data   RO          606    .constdata          rtx_lib.o
    0x0801dae0   0x0801dae0   0x00000018   Data   RO          607    .constdata          rtx_lib.o
    0x0801daf8   0x0801daf8   0x00000004   Data   RO          609    .constdata          rtx_lib.o
    0x0801dafc   0x0801dafc   0x00000004   Data   RO          950    .constdata          phy_lan8742a.o
    0x0801db00   0x0801db00   0x00000020   Data   RO          951    .constdata          phy_lan8742a.o
    0x0801db20   0x0801db20   0x00000050   Data   RO          978    .constdata          emac_stm32f4xx.o
    0x0801db70   0x0801db70   0x00000044   Data   RO          979    .constdata          emac_stm32f4xx.o
    0x0801dbb4   0x0801dbb4   0x00000034   Data   RO         1021    .constdata          spi_stm32f4xx.o
    0x0801dbe8   0x0801dbe8   0x00000010   Data   RO         1022    .constdata          spi_stm32f4xx.o
    0x0801dbf8   0x0801dbf8   0x00000010   Data   RO         1023    .constdata          spi_stm32f4xx.o
    0x0801dc08   0x0801dc08   0x0000002c   Data   RO         1024    .constdata          spi_stm32f4xx.o
    0x0801dc34   0x0801dc34   0x00000018   Data   RO         1060    .constdata          eventrecorder.o
    0x0801dc4c   0x0801dc4c   0x00000008   Data   RO         1199    .constdata          stm32f4xx_hal_dma.o
    0x0801dc54   0x0801dc54   0x00000010   Data   RO         1495    .constdata          system_stm32f4xx_1.o
    0x0801dc64   0x0801dc64   0x00000008   Data   RO         1496    .constdata          system_stm32f4xx_1.o
    0x0801dc6c   0x0801dc6c   0x000000a8   Data   RO         1540    .constdata          net_config.o
    0x0801dd14   0x0801dd14   0x0000001c   Data   RO         1541    .constdata          net_config.o
    0x0801dd30   0x0801dd30   0x00000014   Data   RO         1542    .constdata          net_config.o
    0x0801dd44   0x0801dd44   0x0000000c   Data   RO         1543    .constdata          net_config.o
    0x0801dd50   0x0801dd50   0x00000010   Data   RO         1544    .constdata          net_config.o
    0x0801dd60   0x0801dd60   0x00000028   Data   RO         1545    .constdata          net_config.o
    0x0801dd88   0x0801dd88   0x0000002c   Data   RO         1546    .constdata          net_config.o
    0x0801ddb4   0x0801ddb4   0x00000008   Data   RO         1547    .constdata          net_config.o
    0x0801ddbc   0x0801ddbc   0x00000008   Data   RO         1548    .constdata          net_config.o
    0x0801ddc4   0x0801ddc4   0x00000008   Data   RO         1549    .constdata          net_config.o
    0x0801ddcc   0x0801ddcc   0x00000008   Data   RO         1550    .constdata          net_config.o
    0x0801ddd4   0x0801ddd4   0x00000008   Data   RO         1551    .constdata          net_config.o
    0x0801dddc   0x0801dddc   0x00000008   Data   RO         1552    .constdata          net_config.o
    0x0801dde4   0x0801dde4   0x00000008   Data   RO         1553    .constdata          net_config.o
    0x0801ddec   0x0801ddec   0x00000008   Data   RO         1554    .constdata          net_config.o
    0x0801ddf4   0x0801ddf4   0x00000004   Data   RO         1556    .constdata          net_config.o
    0x0801ddf8   0x0801ddf8   0x00000008   Data   RO         1557    .constdata          net_config.o
    0x0801de00   0x0801de00   0x0000000c   Data   RO         1558    .constdata          net_config.o
    0x0801de0c   0x0801de0c   0x00000018   Data   RO         1559    .constdata          net_config.o
    0x0801de24   0x0801de24   0x00000034   Data   RO         1560    .constdata          net_config.o
    0x0801de58   0x0801de58   0x0000002c   Data   RO         1561    .constdata          net_config.o
    0x0801de84   0x0801de84   0x00000024   Data   RO         1562    .constdata          net_config.o
    0x0801dea8   0x0801dea8   0x00000010   Data   RO         1564    .constdata          net_config.o
    0x0801deb8   0x0801deb8   0x00000010   Data   RO         1565    .constdata          net_config.o
    0x0801dec8   0x0801dec8   0x00000008   Data   RO         1777    .constdata          Net_Dbg_CM3_L.lib(net_igmp.o)
    0x0801ded0   0x0801ded0   0x0000002c   Data   RO         1803    .constdata          Net_Dbg_CM3_L.lib(net_loopback.o)
    0x0801defc   0x0801defc   0x0000000c   Data   RO         1804    .constdata          Net_Dbg_CM3_L.lib(net_loopback.o)
    0x0801df08   0x0801df08   0x00000008   Data   RO         2041    .constdata          Net_Dbg_CM3_L.lib(net_nbns_client.o)
    0x0801df10   0x0801df10   0x000000fa   Data   RO         2110    .constdata          Net_Dbg_CM3_L.lib(net_http_server.o)
    0x0801e00a   0x0801e00a   0x00000002   PAD
    0x0801e00c   0x0801e00c   0x00000018   Data   RO         2189    .constdata          Net_Dbg_CM3_L.lib(net_http_server_auth.o)
    0x0801e024   0x0801e024   0x00000012   Data   RO         2218    .constdata          Net_Dbg_CM3_L.lib(net_ping_core.o)
    0x0801e036   0x0801e036   0x00000010   Data   RO         2311    .constdata          Net_Dbg_CM3_L.lib(net_addr.o)
    0x0801e046   0x0801e046   0x00000006   Data   RO         2312    .constdata          Net_Dbg_CM3_L.lib(net_addr.o)
    0x0801e04c   0x0801e04c   0x00000004   Data   RO         2434    .constdata          Net_Dbg_CM3_L.lib(net_ip4.o)
    0x0801e050   0x0801e050   0x00000020   Data   RO         2469    .constdata          Net_Dbg_CM3_L.lib(net_ip6.o)
    0x0801e070   0x0801e070   0x00000018   Data   RO         2509    .constdata          Net_Dbg_CM3_L.lib(net_http_server_err.o)
    0x0801e088   0x0801e088   0x00000010   Data   RO         2563    .constdata          Net_Dbg_CM3_L.lib(net_common.o)
    0x0801e098   0x0801e098   0x00000090   Data   RO         2610    .constdata          Net_Dbg_CM3_L.lib(net_base64.o)
    0x0801e128   0x0801e128   0x00000004   Data   RO         2619    .constdata          Net_Dbg_CM3_L.lib(net_version.o)
    0x0801e12c   0x0801e12c   0x000000da   Data   RO          221    .conststring        http_server_cgi.o
    0x0801e206   0x0801e206   0x00000002   PAD
    0x0801e208   0x0801e208   0x00000078   Data   RO         1566    .conststring        net_config.o
    0x0801e280   0x0801e280   0x0000000d   Data   RO         1567    .conststring        net_config.o
    0x0801e28d   0x0801e28d   0x00000003   PAD
    0x0801e290   0x0801e290   0x0000003c   Data   RO         1568    .conststring        net_config.o
    0x0801e2cc   0x0801e2cc   0x0000001d   Data   RO         1569    .conststring        net_config.o
    0x0801e2e9   0x0801e2e9   0x00000003   PAD
    0x0801e2ec   0x0801e2ec   0x00000203   Data   RO         2510    .conststring        Net_Dbg_CM3_L.lib(net_http_server_err.o)
    0x0801e4ef   0x0801e4ef   0x00000001   PAD
    0x0801e4f0   0x0801e4f0   0x0000000b   Data   RO          549    .conststrlit        rtx_kernel.o
    0x0801e4fb   0x0801e4fb   0x00000001   PAD
    0x0801e4fc   0x0801e4fc   0x000000a8   Data   RO          610    .rodata             rtx_lib.o
    0x0801e5a4   0x0801e5a4   0x00000030   Data   RO         2954    Region$$Table       anon$$obj.o


    Execution Region RW_IRAM2 (Exec base: 0x10000000, Load base: 0x0801e70c, Size: 0x000004a4, Max: 0x00010000, ABSOLUTE)

    Exec Addr    Load Addr    Size         Type   Attr      Idx    E Section Name        Object

    0x10000000        -       0x000004a4   Zero   RW         1059    .bss.noinit         eventrecorder.o


    Execution Region RW_IRAM1 (Exec base: 0x20000000, Load base: 0x0801e5d4, Size: 0x0000f598, Max: 0x00030000, ABSOLUTE, COMPRESSED[0x00000138])

    Exec Addr    Load Addr    Size         Type   Attr      Idx    E Section Name        Object

    0x20000000   COMPRESSED   0x00008000   Data   RW          597    .bss.os             rtx_lib.o
    0x20008000   COMPRESSED   0x00000040   Data   RW          598    .bss.os             rtx_lib.o
    0x20008040   COMPRESSED   0x00000001   Data   RW          902    .bss.os             os_systick.o
    0x20008041   COMPRESSED   0x00000003   PAD
    0x20008044   COMPRESSED   0x00000034   Data   RW          599    .bss.os.msgqueue.cb  rtx_lib.o
    0x20008078   COMPRESSED   0x00000050   Data   RW          600    .bss.os.msgqueue.mem  rtx_lib.o
    0x200080c8   COMPRESSED   0x0000001c   Data   RW         1534    .bss.os.mutex.cb    net_config.o
    0x200080e4   COMPRESSED   0x0000001c   Data   RW         1535    .bss.os.mutex.cb    net_config.o
    0x20008100   COMPRESSED   0x00000010   Data   RW         1536    .bss.os.semaphore.cb  net_config.o
    0x20008110   COMPRESSED   0x00000044   Data   RW          601    .bss.os.thread.cb   rtx_lib.o
    0x20008154   COMPRESSED   0x00000044   Data   RW          602    .bss.os.thread.cb   rtx_lib.o
    0x20008198   COMPRESSED   0x00000044   Data   RW         1537    .bss.os.thread.cb   net_config.o
    0x200081dc   COMPRESSED   0x00000044   Data   RW         1538    .bss.os.thread.cb   net_config.o
    0x20008220   COMPRESSED   0x00000200   Data   RW          603    .bss.os.thread.idle.stack  rtx_lib.o
    0x20008420   COMPRESSED   0x00000200   Data   RW          604    .bss.os.thread.timer.stack  rtx_lib.o
    0x20008620   COMPRESSED   0x00000020   Data   RW         1539    .bss.os.timer.cb    net_config.o
    0x20008640   COMPRESSED   0x00000004   Data   RW            5    .data               main.o
    0x20008644   COMPRESSED   0x0000003a   Data   RW          149    .data               http_server.o
    0x2000867e   COMPRESSED   0x00000002   PAD
    0x20008680   COMPRESSED   0x00000008   Data   RW          222    .data               http_server_cgi.o
    0x20008688   COMPRESSED   0x00000004   Data   RW          300    .data               lcd.o
    0x2000868c   COMPRESSED   0x0000000c   Data   RW         1093    .data               stm32f4xx_hal.o
    0x20008698   COMPRESSED   0x00000004   Data   RW         1497    .data               system_stm32f4xx_1.o
    0x2000869c   COMPRESSED   0x00000004   Data   RW         1570    .data               net_config.o
    0x200086a0   COMPRESSED   0x00000006   Data   RW         1571    .data               net_config.o
    0x200086a6   COMPRESSED   0x00000004   Data   RW         1572    .data               net_config.o
    0x200086aa   COMPRESSED   0x00000004   Data   RW         1778    .data               Net_Dbg_CM3_L.lib(net_igmp.o)
    0x200086ae   COMPRESSED   0x00000002   PAD
    0x200086b0   COMPRESSED   0x00000004   Data   RW         1805    .data               Net_Dbg_CM3_L.lib(net_loopback.o)
    0x200086b4   COMPRESSED   0x00000004   Data   RW         1823    .data               Net_Dbg_CM3_L.lib(net_ip4_frag.o)
    0x200086b8   COMPRESSED   0x00000001   Data   RW         1841    .data               Net_Dbg_CM3_L.lib(net_icmp.o)
    0x200086b9   COMPRESSED   0x00000001   PAD
    0x200086ba   COMPRESSED   0x00000002   Data   RW         1883    .data               Net_Dbg_CM3_L.lib(net_udp.o)
    0x200086bc   COMPRESSED   0x00000004   Data   RW         1974    .data               Net_Dbg_CM3_L.lib(net_tcp.o)
    0x200086c0   COMPRESSED   0x00000001   Data   RW         2042    .data               Net_Dbg_CM3_L.lib(net_nbns_client.o)
    0x200086c1   COMPRESSED   0x00000003   PAD
    0x200086c4   COMPRESSED   0x0000000c   Data   RW         2111    .data               Net_Dbg_CM3_L.lib(net_http_server.o)
    0x200086d0   COMPRESSED   0x00000008   Data   RW         2435    .data               Net_Dbg_CM3_L.lib(net_ip4.o)
    0x200086d8   COMPRESSED   0x00000004   Data   RW         2471    .data               Net_Dbg_CM3_L.lib(net_ip6.o)
    0x200086dc   COMPRESSED   0x000000a4   Data   RW          550    .data.os            rtx_kernel.o
    0x20008780        -       0x00000400   Zero   RW          145    .bss                http_server.o
    0x20008b80        -       0x00000200   Zero   RW          146    .bss                http_server.o
    0x20008d80        -       0x00000038   Zero   RW          220    .bss                http_server_cgi.o
    0x20008db8        -       0x00000054   Zero   RW          298    .bss                lcd.o
    0x20008e0c        -       0x00000048   Zero   RW          335    .bss                pot.o
    0x20008e54        -       0x0000000c   Zero   RW          949    .bss                phy_lan8742a.o
    0x20008e60        -       0x000024cc   Zero   RW          977    .bss                emac_stm32f4xx.o
    0x2000b32c        -       0x00000010   Zero   RW         1019    .bss                spi_stm32f4xx.o
    0x2000b33c        -       0x0000001c   Zero   RW         1020    .bss                spi_stm32f4xx.o
    0x2000b358        -       0x00000400   Zero   RW         1524    .bss                net_config.o
    0x2000b758        -       0x00000400   Zero   RW         1525    .bss                net_config.o
    0x2000bb58        -       0x00002ee0   Zero   RW         1526    .bss                net_config.o
    0x2000ea38        -       0x000000c8   Zero   RW         1527    .bss                net_config.o
    0x2000eb00        -       0x00000028   Zero   RW         1528    .bss                net_config.o
    0x2000eb28        -       0x00000018   Zero   RW         1529    .bss                net_config.o
    0x2000eb40        -       0x00000028   Zero   RW         1530    .bss                net_config.o
    0x2000eb68        -       0x00000050   Zero   RW         1531    .bss                net_config.o
    0x2000ebb8        -       0x00000228   Zero   RW         1532    .bss                net_config.o
    0x2000ede0        -       0x00000150   Zero   RW         1533    .bss                net_config.o
    0x2000ef30        -       0x000000a0   Zero   RW         1667    .bss                Net_Dbg_CM3_L.lib(net_eth.o)
    0x2000efd0        -       0x00000018   Zero   RW         1727    .bss                Net_Dbg_CM3_L.lib(net_arp.o)
    0x2000efe8        -       0x0000001c   Zero   RW         1882    .bss                Net_Dbg_CM3_L.lib(net_udp.o)
    0x2000f004        -       0x00000098   Zero   RW         2109    .bss                Net_Dbg_CM3_L.lib(net_http_server.o)
    0x2000f09c        -       0x0000002c   Zero   RW         2217    .bss                Net_Dbg_CM3_L.lib(net_ping_core.o)
    0x2000f0c8        -       0x00000038   Zero   RW         2252    .bss                Net_Dbg_CM3_L.lib(net_sys.o)
    0x2000f100        -       0x00000024   Zero   RW         2253    .bss                Net_Dbg_CM3_L.lib(net_sys.o)
    0x2000f124        -       0x0000005c   Zero   RW         2310    .bss                Net_Dbg_CM3_L.lib(net_addr.o)
    0x2000f180        -       0x00000014   Zero   RW         2525    .bss                Net_Dbg_CM3_L.lib(net_mem.o)
    0x2000f194   COMPRESSED   0x00000004   PAD
    0x2000f198        -       0x00000400   Zero   RW         1484    STACK               startup_stm32f429xx.o


==============================================================================

Image component sizes


      Code (inc. data)   RO Data    RW Data    ZI Data      Debug   Object Name

       164         10          8          0          0       2516   buttons_nucleo_f429zi.o
      2536        156        148          0       9420      47726   emac_stm32f4xx.o
      1452         40         24          0       1188      17704   eventrecorder.o
       568         36       2436         58       1536      17310   http_server.o
      1792        330        218          8         56       7785   http_server_cgi.o
       148          8          0          0          0        696   irq_armv7m.o
       532         34          0          4         84       2304   lcd.o
       276         30          0          4          0     770131   main.o
       360         26        826        254      15320      32374   net_config.o
       338          0          0          0          0        958   net_debug.o
       196         12          0          1          0       2040   os_systick.o
       428         10         36          0         12       7018   phy_lan8742a.o
       228         22          0          0         72       1783   pot.o
       252         10         48          0          0       2465   rgb.o
         4          0          0          0          0        655   rtx_config.o
       260         14          0          0          0      18018   rtx_delay.o
      2392         88          0          0          0      45265   rtx_evr.o
      1740         96         11        164          0      28168   rtx_kernel.o
        24          0        268      34124          0       9931   rtx_lib.o
       292          0          0          0          0       3895   rtx_memory.o
      1984         48          0          0          0      15348   rtx_mempool.o
      2820         58          0          0          0      23908   rtx_msgqueue.o
      1368         30          0          0          0      10226   rtx_mutex.o
      1432         34          0          0          0      12076   rtx_semaphore.o
       668         18          0          0          0       8653   rtx_system.o
      4908        126          0          0          0      34033   rtx_thread.o
      1152         34          0          0          0      10333   rtx_timer.o
      3164         98        128          0         44      45011   spi_stm32f4xx.o
        36          8        428          0       1024        892   startup_stm32f429xx.o
       456         38          0         12          0      11615   stm32f4xx_hal.o
      2744         92          0          0          0       9099   stm32f4xx_hal_adc.o
      1828         42          0          0          0       6766   stm32f4xx_hal_adc_ex.o
       664         10          0          0          0      36454   stm32f4xx_hal_cortex.o
      1816         28          8          0          0       7913   stm32f4xx_hal_dma.o
       868         54          0          0          0       4267   stm32f4xx_hal_gpio.o
      1888         66          0          0          0       6467   stm32f4xx_hal_rcc.o
      9170        166          0          0          0      37916   stm32f4xx_hal_tim.o
      2992         62          0          0          0      13940   stm32f4xx_hal_tim_ex.o
       160         20         24          4          0       1925   system_stm32f4xx_1.o
       120         10      25997          0          0       1808   web.o

    ----------------------------------------------------------------------
     54222       1964      30668      34638      28756    1317392   Object Totals
         0          0         48          0          0          0   (incl. Generated)
         2          0         12          5          0          0   (incl. Padding)

    ----------------------------------------------------------------------

      Code (inc. data)   RO Data    RW Data    ZI Data      Debug   Library Member Name

      1414         18         22          0         92       1556   net_addr.o
      2874        144          0          0         24       1548   net_arp.o
       120          6        144          0          0         84   net_base64.o
       622         10         16          0          0       1340   net_common.o
      3664        138          0          0        160       1600   net_eth.o
      6834       1268        250         12        152       2852   net_http_server.o
       266         66         24          0          0        368   net_http_server_auth.o
         0          0        539          0          0          0   net_http_server_err.o
       640         48          0          1          0        236   net_icmp.o
       812         60          0          0          0        332   net_icmp6.o
       972         46          8          4          0        680   net_igmp.o
      1188         82          4          8          0        956   net_ip4.o
       690         30          0          4          0        476   net_ip4_frag.o
       848         72         32          4          0        644   net_ip6.o
       348         28         56          4          0        256   net_loopback.o
       592         64          0          0         20        564   net_mem.o
       520         44          8          1          0        188   net_nbns_client.o
      3058        106          0          0          0       1404   net_ndp.o
       188         32         18          0         44        220   net_ping_core.o
       834         84          0          0         92       1012   net_sys.o
      6566        282          0          4          0       2728   net_tcp.o
      1310         70          0          2         28        620   net_udp.o
         0          0          4          0          0          0   net_version.o
        86          0          0          0          0          0   __dczerorl2.o
         0          0          0          0          0          0   entry.o
         0          0          0          0          0          0   entry10a.o
         0          0          0          0          0          0   entry11a.o
         4          0          0          0          0          0   entry12b.o
         8          4          0          0          0          0   entry2.o
         4          0          0          0          0          0   entry5.o
         0          0          0          0          0          0   entry7b.o
         0          0          0          0          0          0   entry8b.o
         8          4          0          0          0          0   entry9a.o
        30          0          0          0          0          0   handlers.o
        36          8          0          0          0         68   init.o
         0          0          0          0          0          0   iusefp.o
        30          0          0          0          0         68   llshl.o
        36          0          0          0          0         68   llsshr.o
        32          0          0          0          0         68   llushr.o
        26          0          0          0          0         80   memcmp.o
        36          0          0          0          0         68   memcpya.o
        36          0          0          0          0        108   memseta.o
      2236         86          0          0          0        532   printfa.o
        28          0          0          0          0         76   strcmp.o
        18          0          0          0          0         68   strcpy.o
        14          0          0          0          0         68   strlen.o
        30          0          0          0          0         80   strncmp.o
        44          0          0          0          0         80   uidiv.o
        98          0          0          0          0         92   uldiv.o
        48          0          0          0          0         68   cdrcmple.o
       334          0          0          0          0        148   dadd.o
       222          0          0          0          0        100   ddiv.o
       186          0          0          0          0        176   depilogue.o
        48          0          0          0          0         68   dfixul.o
       228          0          0          0          0         96   dmul.o
        38          0          0          0          0         68   f2d.o

    ----------------------------------------------------------------------
     38354       2800       1128         50        616      21912   Library Totals
        50          0          3          6          4          0   (incl. Padding)

    ----------------------------------------------------------------------

      Code (inc. data)   RO Data    RW Data    ZI Data      Debug   Library Name

     34360       2698       1125         44        612      19664   Net_Dbg_CM3_L.lib
      2840        102          0          0          0       1524   mc_w.l
      1104          0          0          0          0        724   mf_w.l

    ----------------------------------------------------------------------
     38354       2800       1128         50        616      21912   Library Totals

    ----------------------------------------------------------------------

==============================================================================


      Code (inc. data)   RO Data    RW Data    ZI Data      Debug   

     92576       4764      31796      34688      29372    1318464   Grand Totals
     92576       4764      31796        312      29372    1318464   ELF Image Totals (compressed)
     92576       4764      31796        312          0          0   ROM Totals

==============================================================================

    Total RO  Size (Code + RO Data)               124372 ( 121.46kB)
    Total RW  Size (RW Data + ZI Data)             64060 (  62.56kB)
    Total ROM Size (Code + RO Data + RW Data)     124684 ( 121.76kB)

==============================================================================

