Component: ARM Compiler 5.06 update 7 (build 960) Tool: armlink [4d3601]

==============================================================================

Section Cross References

    main.o(.text) refers to rtx_kernel.o(.text) for osKernelGetState
    main.o(.text) refers to stm32f4xx_hal_rcc.o(.text) for HAL_RCC_OscConfig
    main.o(.text) refers to stm32f4xx_hal.o(.text) for HAL_GetREVID
    main.o(.text) refers to system_stm32f4xx_1.o(.text) for SystemCoreClockUpdate
    main.o(.text) refers to rtx_thread.o(.text) for osThreadNew
    main.o(.text) refers to system_stm32f4xx_1.o(.data) for SystemCoreClock
    main.o(.text) refers to main.o(.data) for .data
    main.o(.text) refers to http_server.o(.constdata) for app_main_attr
    main.o(.text) refers to http_server.o(.text) for app_main
    http_server.o(.text) refers to buttons_nucleo_f429zi.o(.text) for Buttons_GetState
    http_server.o(.text) refers to led_nucleo_f429zi.o(.text) for LED_SetOut
    http_server.o(.text) refers to rtx_delay.o(.text) for osDelay
    http_server.o(.text) refers to net_sys.o(i.netInitialize) for netInitialize
    http_server.o(.text) refers to rtx_thread.o(.text) for osThreadNew
    http_server.o(.text) refers to http_server.o(.data) for .data
    http_server.o(.constdata) refers to http_server.o(.bss) for app_main_stk
    http_server_cgi.o(.text) refers to net_http_server.o(i.netCGI_GetEnvVar) for netCGI_GetEnvVar
    http_server_cgi.o(.text) refers to net_addr.o(i.netIP_aton) for netIP_aton
    http_server_cgi.o(.text) refers to net_sys.o(i.netIF_SetOption) for netIF_SetOption
    http_server_cgi.o(.text) refers to strcmp.o(.text) for strcmp
    http_server_cgi.o(.text) refers to strncmp.o(.text) for strncmp
    http_server_cgi.o(.text) refers to led_nucleo_f429zi.o(.text) for LED_SetOut
    http_server_cgi.o(.text) refers to net_http_server.o(i.netHTTPs_LoginActive) for netHTTPs_LoginActive
    http_server_cgi.o(.text) refers to net_http_server.o(i.netHTTPs_SetPassword) for netHTTPs_SetPassword
    http_server_cgi.o(.text) refers to strcpy.o(.text) for strcpy
    http_server_cgi.o(.text) refers to net_sys.o(i.netIF_GetOption) for netIF_GetOption
    http_server_cgi.o(.text) refers to net_addr.o(i.netIP_ntoa) for netIP_ntoa
    http_server_cgi.o(.text) refers to printf8.o(i.__0sprintf$8) for __2sprintf
    http_server_cgi.o(.text) refers to net_tcp.o(i.netTCP_GetState) for netTCP_GetState
    http_server_cgi.o(.text) refers to net_tcp.o(i.netTCP_GetPeer) for netTCP_GetPeer
    http_server_cgi.o(.text) refers to net_tcp.o(i.netTCP_GetTimer) for netTCP_GetTimer
    http_server_cgi.o(.text) refers to net_tcp.o(i.netTCP_GetLocalPort) for netTCP_GetLocalPort
    http_server_cgi.o(.text) refers to net_http_server.o(i.netHTTPs_GetPassword) for netHTTPs_GetPassword
    http_server_cgi.o(.text) refers to net_http_server.o(i.netHTTPs_GetLanguage) for netHTTPs_GetLanguage
    http_server_cgi.o(.text) refers to http_server_cgi.o(.bss) for .bss
    http_server_cgi.o(.text) refers to http_server_cgi.o(.data) for .data
    http_server_cgi.o(.text) refers to http_server.o(.data) for LEDrun
    http_server_cgi.o(.text) refers to http_server_cgi.o(.conststring) for .conststring
    http_server_cgi.o(.text) refers to http_server.o(.text) for get_button
    http_server_cgi.o(.text) refers to http_server.o(.data) for lcd_text
    web.o(.text) refers to web.o(.constdata) for .constdata
    web.o(.constdata) refers to web.o(.constdata) for imageFileData
    buttons_nucleo_f429zi.o(.text) refers to stm32f4xx_hal_gpio.o(.text) for HAL_GPIO_Init
    buttons_nucleo_f429zi.o(.text) refers to buttons_nucleo_f429zi.o(.constdata) for .constdata
    led_nucleo_f429zi.o(.text) refers to stm32f4xx_hal_gpio.o(.text) for HAL_GPIO_Init
    led_nucleo_f429zi.o(.text) refers to led_nucleo_f429zi.o(.constdata) for .constdata
    irq_armv7m.o(.text) refers to rtx_system.o(.text) for osRtxPendSV_Handler
    irq_armv7m.o(.text) refers to rtx_kernel.o(.data.os) for osRtxInfo
    irq_armv7m.o(.text) refers to rtx_lib.o(.constdata) for osRtxUserSVC
    rtx_delay.o(.text) refers to rtx_thread.o(.text) for osRtxThreadWaitEnter
    rtx_delay.o(.text) refers to rtx_evr.o(.text) for EvrRtxDelayStarted
    rtx_delay.o(.text) refers to rtx_kernel.o(.data.os) for osRtxInfo
    rtx_evflags.o(.text) refers to rtx_evflags.o(.emb_text) for __asm___13_rtx_evflags_c_e167c757__atomic_set32
    rtx_evflags.o(.text) refers to rtx_thread.o(.text) for osRtxThreadListRemove
    rtx_evflags.o(.text) refers to rtx_evr.o(.text) for EvrRtxEventFlagsWaitCompleted
    rtx_evflags.o(.text) refers to rtx_mempool.o(.text) for osRtxMemoryPoolAlloc
    rtx_evflags.o(.text) refers to rtx_memory.o(.text) for osRtxMemoryAlloc
    rtx_evflags.o(.text) refers to rtx_system.o(.text) for osRtxPostProcess
    rtx_evflags.o(.text) refers to rtx_kernel.o(.data.os) for osRtxInfo
    rtx_evr.o(.text) refers to eventrecorder.o(.text) for EventRecord4
[...]
    SAI1_IRQHandler                          0x080077eb   Thumb Code     0  startup_stm32f429xx.o(.text)
    SDIO_IRQHandler                          0x080077eb   Thumb Code     0  startup_stm32f429xx.o(.text)
    SPI1_IRQHandler                          0x080077eb   Thumb Code     0  startup_stm32f429xx.o(.text)
    SPI2_IRQHandler                          0x080077eb   Thumb Code     0  startup_stm32f429xx.o(.text)
    SPI3_IRQHandler                          0x080077eb   Thumb Code     0  startup_stm32f429xx.o(.text)
    SPI4_IRQHandler                          0x080077eb   Thumb Code     0  startup_stm32f429xx.o(.text)
    SPI5_IRQHandler                          0x080077eb   Thumb Code     0  startup_stm32f429xx.o(.text)
    SPI6_IRQHandler                          0x080077eb   Thumb Code     0  startup_stm32f429xx.o(.text)
    TAMP_STAMP_IRQHandler                    0x080077eb   Thumb Code     0  startup_stm32f429xx.o(.text)
    TIM1_BRK_TIM9_IRQHandler                 0x080077eb   Thumb Code     0  startup_stm32f429xx.o(.text)
    TIM1_CC_IRQHandler                       0x080077eb   Thumb Code     0  startup_stm32f429xx.o(.text)
    TIM1_TRG_COM_TIM11_IRQHandler            0x080077eb   Thumb Code     0  startup_stm32f429xx.o(.text)
    TIM1_UP_TIM10_IRQHandler                 0x080077eb   Thumb Code     0  startup_stm32f429xx.o(.text)
    TIM2_IRQHandler                          0x080077eb   Thumb Code     0  startup_stm32f429xx.o(.text)
    TIM3_IRQHandler                          0x080077eb   Thumb Code     0  startup_stm32f429xx.o(.text)
    TIM4_IRQHandler                          0x080077eb   Thumb Code     0  startup_stm32f429xx.o(.text)
    TIM5_IRQHandler                          0x080077eb   Thumb Code     0  startup_stm32f429xx.o(.text)
    TIM6_DAC_IRQHandler                      0x080077eb   Thumb Code     0  startup_stm32f429xx.o(.text)
    TIM7_IRQHandler                          0x080077eb   Thumb Code     0  startup_stm32f429xx.o(.text)
    TIM8_BRK_TIM12_IRQHandler                0x080077eb   Thumb Code     0  startup_stm32f429xx.o(.text)
    TIM8_CC_IRQHandler                       0x080077eb   Thumb Code     0  startup_stm32f429xx.o(.text)
    TIM8_TRG_COM_TIM14_IRQHandler            0x080077eb   Thumb Code     0  startup_stm32f429xx.o(.text)
    TIM8_UP_TIM13_IRQHandler                 0x080077eb   Thumb Code     0  startup_stm32f429xx.o(.text)
    UART4_IRQHandler                         0x080077eb   Thumb Code     0  startup_stm32f429xx.o(.text)
    UART5_IRQHandler                         0x080077eb   Thumb Code     0  startup_stm32f429xx.o(.text)
    UART7_IRQHandler                         0x080077eb   Thumb Code     0  startup_stm32f429xx.o(.text)
    UART8_IRQHandler                         0x080077eb   Thumb Code     0  startup_stm32f429xx.o(.text)
    USART1_IRQHandler                        0x080077eb   Thumb Code     0  startup_stm32f429xx.o(.text)
    USART2_IRQHandler                        0x080077eb   Thumb Code     0  startup_stm32f429xx.o(.text)
    USART3_IRQHandler                        0x080077eb   Thumb Code     0  startup_stm32f429xx.o(.text)
    USART6_IRQHandler                        0x080077eb   Thumb Code     0  startup_stm32f429xx.o(.text)
    WWDG_IRQHandler                          0x080077eb   Thumb Code     0  startup_stm32f429xx.o(.text)
    SystemInit                               0x080077f5   Thumb Code    22  system_stm32f4xx_1.o(.text)
    SystemCoreClockUpdate                    0x0800780b   Thumb Code   118  system_stm32f4xx_1.o(.text)
    netos_init                               0x080078c1   Thumb Code    22  net_config.o(.text)
    netos_thread_create                      0x080078d7   Thumb Code    10  net_config.o(.text)
    netos_thread_delete                      0x080078e1   Thumb Code     4  net_config.o(.text)
    netos_thread_id                          0x080078e5   Thumb Code     4  net_config.o(.text)
    netos_thread_pass                        0x080078e9   Thumb Code     4  net_config.o(.text)
    netos_timer_create                       0x080078ed   Thumb Code    14  net_config.o(.text)
    netos_timer_delete                       0x080078fb   Thumb Code     4  net_config.o(.text)
    netos_timer_start                        0x080078ff   Thumb Code    22  net_config.o(.text)
    netos_mutex_create                       0x08007915   Thumb Code    16  net_config.o(.text)
    netos_mutex_delete                       0x08007925   Thumb Code     4  net_config.o(.text)
    netos_lock                               0x08007929   Thumb Code     8  net_config.o(.text)
    netos_unlock                             0x08007931   Thumb Code     4  net_config.o(.text)
    netos_flag_wait                          0x08007935   Thumb Code    24  net_config.o(.text)
    netos_flag_set                           0x0800794d   Thumb Code     4  net_config.o(.text)
    netos_flag_clear                         0x08007951   Thumb Code     6  net_config.o(.text)
    netos_delay                              0x08007957   Thumb Code    14  net_config.o(.text)
    netif_create                             0x08007965   Thumb Code    46  net_config.o(.text)
    netif_delete                             0x08007993   Thumb Code    20  net_config.o(.text)
    netif_lock                               0x080079a7   Thumb Code     8  net_config.o(.text)
    netif_unlock                             0x080079af   Thumb Code     4  net_config.o(.text)
    netDHCP_Enable                           0x080079b9   Thumb Code     4  net_config.o(.text)
    netDHCP_Disable                          0x080079bd   Thumb Code     4  net_config.o(.text)
    netDHCP_SetOption                        0x080079c1   Thumb Code     4  net_config.o(.text)
    netDHCP6_Enable                          0x080079c5   Thumb Code     4  net_config.o(.text)
    netDHCP6_Disable                         0x080079c9   Thumb Code     4  net_config.o(.text)
    netSNTPc_GetTime                         0x080079cd   Thumb Code     4  net_config.o(.text)
    netHTTPs_fopen                           0x080079d1   Thumb Code     4  net_config.o(.text)
    netHTTPs_fclose                          0x080079d5   Thumb Code     2  net_config.o(.text)
    netHTTPs_fread                           0x080079d7   Thumb Code     4  net_config.o(.text)
    netHTTPs_fgets                           0x080079db   Thumb Code     4  net_config.o(.text)
    netHTTPs_fstat                           0x080079df   Thumb Code     2  net_config.o(.text)
    net_sys_error                            0x080079e1   Thumb Code     2  net_config.o(.text)
    net_evr_init                             0x080079fd   Thumb Code   336  net_debug.o(.text)
    net_debug_init                           0x08007b4d   Thumb Code     2  net_debug.o(.text)
    __aeabi_uldivmod                         0x08007b4f   Thumb Code    98  uldiv.o(.text)
    __aeabi_memcpy                           0x08007bb1   Thumb Code    36  memcpya.o(.text)
    __aeabi_memcpy4                          0x08007bb1   Thumb Code     0  memcpya.o(.text)
    __aeabi_memcpy8                          0x08007bb1   Thumb Code     0  memcpya.o(.text)
    __aeabi_memset                           0x08007bd5   Thumb Code    14  memseta.o(.text)
    __aeabi_memset4                          0x08007bd5   Thumb Code     0  memseta.o(.text)
    __aeabi_memset8                          0x08007bd5   Thumb Code     0  memseta.o(.text)
    __aeabi_memclr                           0x08007be3   Thumb Code     4  memseta.o(.text)
    __aeabi_memclr4                          0x08007be3   Thumb Code     0  memseta.o(.text)
    __aeabi_memclr8                          0x08007be3   Thumb Code     0  memseta.o(.text)
    _memset$wrapper                          0x08007be7   Thumb Code    18  memseta.o(.text)
    strlen                                   0x08007bf9   Thumb Code    14  strlen.o(.text)
    strcmp                                   0x08007c07   Thumb Code    28  strcmp.o(.text)
    memcmp                                   0x08007c23   Thumb Code    26  memcmp.o(.text)
    strcpy                                   0x08007c3d   Thumb Code    18  strcpy.o(.text)
    strncmp                                  0x08007c4f   Thumb Code    30  strncmp.o(.text)
    __aeabi_llsl                             0x08007c6d   Thumb Code    30  llshl.o(.text)
    _ll_shift_l                              0x08007c6d   Thumb Code     0  llshl.o(.text)
    __aeabi_llsr                             0x08007c8b   Thumb Code    32  llushr.o(.text)
    _ll_ushift_r                             0x08007c8b   Thumb Code     0  llushr.o(.text)
    __scatterload                            0x08007cad   Thumb Code    28  init.o(.text)
    __scatterload_rt2                        0x08007cad   Thumb Code     0  init.o(.text)
    __decompress                             0x08007cd1   Thumb Code     0  __dczerorl2.o(.text)
    __decompress1                            0x08007cd1   Thumb Code    86  __dczerorl2.o(.text)
    __0sprintf$8                             0x08007d29   Thumb Code    34  printf8.o(i.__0sprintf$8)
    __1sprintf$8                             0x08007d29   Thumb Code     0  printf8.o(i.__0sprintf$8)
    __2sprintf                               0x08007d29   Thumb Code     0  printf8.o(i.__0sprintf$8)
    __scatterload_copy                       0x08007d51   Thumb Code    14  handlers.o(i.__scatterload_copy)
    __scatterload_null                       0x08007d5f   Thumb Code     2  handlers.o(i.__scatterload_null)
    __scatterload_zeroinit                   0x08007d61   Thumb Code    14  handlers.o(i.__scatterload_zeroinit)
    netCGI_Charset                           0x0800b069   Thumb Code     4  net_http_server.o(i.netCGI_Charset)
    netCGI_ContentType                       0x0800b06d   Thumb Code     4  net_http_server.o(i.netCGI_ContentType)
    netCGI_CustomHeader                      0x0800b071   Thumb Code     4  net_http_server.o(i.netCGI_CustomHeader)
    netCGI_GetEnvVar                         0x0800b075   Thumb Code   104  net_http_server.o(i.netCGI_GetEnvVar)
    netCGI_Redirect                          0x0800b0e1   Thumb Code     4  net_http_server.o(i.netCGI_Redirect)
    netCGX_ContentType                       0x0800b0e5   Thumb Code     4  net_http_server.o(i.netCGX_ContentType)
    netCore_Thread                           0x0800b0e9   Thumb Code    90  net_sys.o(i.netCore_Thread)
    netETH_Notify                            0x0800b14d   Thumb Code     2  net_eth.o(i.netETH_Notify)
    netETH_ReceiveRaw                        0x0800b14f   Thumb Code     2  net_eth.o(i.netETH_ReceiveRaw)
    netETH_Thread                            0x0800b151   Thumb Code   114  net_eth.o(i.netETH_Thread)
    netHTTPs_AcceptClient                    0x0800b1c3   Thumb Code     4  net_http_server.o(i.netHTTPs_AcceptClient)
    netHTTPs_CheckAccount                    0x0800b1c7   Thumb Code     4  net_http_server_auth.o(i.netHTTPs_CheckAccount)
    netHTTPs_FileAccess                      0x0800b1cb   Thumb Code     4  net_http_server.o(i.netHTTPs_FileAccess)
    netHTTPs_GetLanguage                     0x0800b1d1   Thumb Code    24  net_http_server.o(i.netHTTPs_GetLanguage)
    netHTTPs_GetPassword                     0x0800b1f1   Thumb Code     6  net_http_server.o(i.netHTTPs_GetPassword)
    netHTTPs_LoginActive                     0x0800b1fd   Thumb Code     6  net_http_server.o(i.netHTTPs_LoginActive)
    netHTTPs_SetPassword                     0x0800b209   Thumb Code    78  net_http_server.o(i.netHTTPs_SetPassword)
    netIF_GetOption                          0x0800b261   Thumb Code   128  net_sys.o(i.netIF_GetOption)
    netIF_SetOption                          0x0800b2e9   Thumb Code   124  net_sys.o(i.netIF_SetOption)
    netIP_aton                               0x0800b36d   Thumb Code    26  net_addr.o(i.netIP_aton)
    netIP_ntoa                               0x0800b387   Thumb Code    50  net_addr.o(i.netIP_ntoa)
    netInitialize                            0x0800b3b9   Thumb Code   156  net_sys.o(i.netInitialize)
    netMAC_aton                              0x0800b465   Thumb Code   140  net_addr.o(i.netMAC_aton)
    netTCP_GetLocalPort                      0x0800b4f1   Thumb Code     4  net_tcp.o(i.netTCP_GetLocalPort)
    netTCP_GetPeer                           0x0800b4f5   Thumb Code    32  net_tcp.o(i.netTCP_GetPeer)
    netTCP_GetState                          0x0800b515   Thumb Code     4  net_tcp.o(i.netTCP_GetState)
    netTCP_GetTimer                          0x0800b519   Thumb Code     4  net_tcp.o(i.netTCP_GetTimer)
    net_addr4_aton                           0x0800b51d   Thumb Code   124  net_addr.o(i.net_addr4_aton)
    net_addr4_to_mac                         0x0800b599   Thumb Code    30  net_addr.o(i.net_addr4_to_mac)
    net_addr6_aton                           0x0800b5b9   Thumb Code   230  net_addr.o(i.net_addr6_aton)
    net_addr6_comp                           0x0800b69f   Thumb Code    40  net_addr.o(i.net_addr6_comp)
    net_addr6_copy                           0x0800b6c7   Thumb Code    18  net_addr.o(i.net_addr6_copy)
    net_addr6_create                         0x0800b6d9   Thumb Code    70  net_addr.o(i.net_addr6_create)
    net_addr6_get_solicited                  0x0800b725   Thumb Code    34  net_addr.o(i.net_addr6_get_solicited)
    net_addr6_is_linklocal                   0x0800b74d   Thumb Code    24  net_addr.o(i.net_addr6_is_linklocal)
    net_addr6_is_onlink                      0x0800b765   Thumb Code   110  net_addr.o(i.net_addr6_is_onlink)
    net_addr6_is_solicited                   0x0800b7d3   Thumb Code    72  net_addr.o(i.net_addr6_is_solicited)
    net_addr6_is_unspec                      0x0800b81b   Thumb Code    24  net_addr.o(i.net_addr6_is_unspec)
    net_addr6_to_mac                         0x0800b833   Thumb Code    14  net_addr.o(i.net_addr6_to_mac)
    net_addr_copy                            0x0800b841   Thumb Code    38  net_addr.o(i.net_addr_copy)
    net_addr_find_route                      0x0800b867   Thumb Code    26  net_addr.o(i.net_addr_find_route)
    net_addr_get_local                       0x0800b881   Thumb Code    26  net_addr.o(i.net_addr_get_local)
    net_addr_is_unspec                       0x0800b8a1   Thumb Code    34  net_addr.o(i.net_addr_is_unspec)
    net_arp_cache_add                        0x0800b8c5   Thumb Code   276  net_arp.o(i.net_arp_cache_add)
    net_arp_cache_early                      0x0800b9e1   Thumb Code   180  net_arp.o(i.net_arp_cache_early)
    net_arp_cache_find                       0x0800ba9d   Thumb Code   224  net_arp.o(i.net_arp_cache_find)
    net_arp_cache_init                       0x0800bb89   Thumb Code    64  net_arp.o(i.net_arp_cache_init)
    net_arp_cache_run                        0x0800bbd1   Thumb Code    22  net_arp.o(i.net_arp_cache_run)
    net_arp_enqueue                          0x0800bbed   Thumb Code   114  net_arp.o(i.net_arp_enqueue)
    net_arp_notify                           0x0800bc65   Thumb Code    32  net_arp.o(i.net_arp_notify)
    net_arp_process                          0x0800bc85   Thumb Code   536  net_arp.o(i.net_arp_process)
    net_atoi                                 0x0800bea9   Thumb Code    66  net_common.o(i.net_atoi)
    net_base64_decode                        0x0800beed   Thumb Code   114  net_base64.o(i.net_base64_decode)
    net_chksum_buf                           0x0800bf65   Thumb Code    48  net_common.o(i.net_chksum_buf)
    net_crc_buf                              0x0800bf95   Thumb Code    30  net_common.o(i.net_crc_buf)
    net_eth_callback                         0x0800bfb3   Thumb Code    14  net_eth.o(i.net_eth_callback)
    net_eth_config_mcast                     0x0800bfc1   Thumb Code   104  net_eth.o(i.net_eth_config_mcast)
    net_eth_get_option                       0x0800c029   Thumb Code   234  net_eth.o(i.net_eth_get_option)
    net_eth_iface_init                       0x0800c115   Thumb Code    22  net_eth.o(i.net_eth_iface_init)
    net_eth_iface_run                        0x0800c131   Thumb Code    22  net_eth.o(i.net_eth_iface_run)
    net_eth_output                           0x0800c14d   Thumb Code   164  net_eth.o(i.net_eth_output)
    net_eth_send_frame                       0x0800c1f5   Thumb Code   462  net_eth.o(i.net_eth_send_frame)
    net_eth_set_option                       0x0800c3d5   Thumb Code   610  net_eth.o(i.net_eth_set_option)
    net_http_server_init                     0x0800c645   Thumb Code   212  net_http_server.o(i.net_http_server_init)
    net_http_server_run                      0x0800c72d   Thumb Code    30  net_http_server.o(i.net_http_server_run)
    net_icmp6_init                           0x0800c755   Thumb Code    20  net_icmp6.o(i.net_icmp6_init)
    net_icmp6_process                        0x0800c76d   Thumb Code   542  net_icmp6.o(i.net_icmp6_process)
    net_icmp6_send                           0x0800c9a5   Thumb Code   122  net_icmp6.o(i.net_icmp6_send)
    net_icmp6_send_echo                      0x0800ca29   Thumb Code    78  net_icmp6.o(i.net_icmp6_send_echo)
    net_icmp_init                            0x0800ca81   Thumb Code    20  net_icmp.o(i.net_icmp_init)
    net_icmp_process                         0x0800ca99   Thumb Code   430  net_icmp.o(i.net_icmp_process)
    net_icmp_send_echo                       0x0800cc61   Thumb Code   142  net_icmp.o(i.net_icmp_send_echo)
    net_if_map_all                           0x0800cd01   Thumb Code     6  net_sys.o(i.net_if_map_all)
    net_igmp_collect_mcast                   0x0800cd0d   Thumb Code   104  net_igmp.o(i.net_igmp_collect_mcast)
    net_igmp_host_init                       0x0800cd79   Thumb Code    68  net_igmp.o(i.net_igmp_host_init)
    net_igmp_host_run                        0x0800cdc1   Thumb Code    22  net_igmp.o(i.net_igmp_host_run)
    net_igmp_is_member                       0x0800cddd   Thumb Code    28  net_igmp.o(i.net_igmp_is_member)
    net_igmp_process                         0x0800cdfd   Thumb Code   414  net_igmp.o(i.net_igmp_process)
    net_ip4_chk_frame                        0x0800cfa9   Thumb Code   372  net_ip4.o(i.net_ip4_chk_frame)
    net_ip4_chksum                           0x0800d135   Thumb Code    44  net_ip4.o(i.net_ip4_chksum)
    net_ip4_chksum_buf                       0x0800d161   Thumb Code     6  net_ip4.o(i.net_ip4_chksum_buf)
    net_ip4_find_route                       0x0800d169   Thumb Code   104  net_ip4.o(i.net_ip4_find_route)
    net_ip4_frag_add                         0x0800d1e9   Thumb Code   284  net_ip4_frag.o(i.net_ip4_frag_add)
    net_ip4_frag_get                         0x0800d30d   Thumb Code   168  net_ip4_frag.o(i.net_ip4_frag_get)
    net_ip4_frag_init                        0x0800d3b9   Thumb Code    12  net_ip4_frag.o(i.net_ip4_frag_init)
    net_ip4_frag_run                         0x0800d3c9   Thumb Code    50  net_ip4_frag.o(i.net_ip4_frag_run)
    net_ip4_get_local                        0x0800d405   Thumb Code    40  net_ip4.o(i.net_ip4_get_local)
    net_ip4_init                             0x0800d431   Thumb Code    22  net_ip4.o(i.net_ip4_init)
    net_ip4_is_onlink                        0x0800d455   Thumb Code    32  net_ip4.o(i.net_ip4_is_onlink)
    net_ip4_is_subcast                       0x0800d475   Thumb Code    38  net_ip4.o(i.net_ip4_is_subcast)
    net_ip4_reass_frame                      0x0800d49b   Thumb Code    14  net_ip4.o(i.net_ip4_reass_frame)
    net_ip4_send_frame                       0x0800d4a9   Thumb Code   340  net_ip4.o(i.net_ip4_send_frame)
    net_ip4_tx_offl_hl                       0x0800d60d   Thumb Code    42  net_ip4.o(i.net_ip4_tx_offl_hl)
    net_ip6_chk_frame                        0x0800d639   Thumb Code   236  net_ip6.o(i.net_ip6_chk_frame)
    net_ip6_chksum                           0x0800d739   Thumb Code    50  net_ip6.o(i.net_ip6_chksum)
    net_ip6_collect_mcast                    0x0800d76d   Thumb Code   118  net_ip6.o(i.net_ip6_collect_mcast)
    net_ip6_find_route                       0x0800d7e9   Thumb Code    56  net_ip6.o(i.net_ip6_find_route)
    net_ip6_get_local                        0x0800d831   Thumb Code    74  net_ip6.o(i.net_ip6_get_local)
    net_ip6_init                             0x0800d885   Thumb Code    20  net_ip6.o(i.net_ip6_init)
    net_ip6_send_frame                       0x0800d8a1   Thumb Code   192  net_ip6.o(i.net_ip6_send_frame)
    net_ip6_tx_offl_hl                       0x0800d96d   Thumb Code    30  net_ip6.o(i.net_ip6_tx_offl_hl)
    net_itoa                                 0x0800d98b   Thumb Code     8  net_common.o(i.net_itoa)
    net_itoa_n0                              0x0800d993   Thumb Code     6  net_common.o(i.net_itoa_n0)
    net_loop_iface_init                      0x0800d999   Thumb Code    40  net_loopback.o(i.net_loop_iface_init)
    net_loop_iface_run                       0x0800d9c9   Thumb Code   176  net_loopback.o(i.net_loop_iface_run)
    net_loop_send_frame                      0x0800da85   Thumb Code   104  net_loopback.o(i.net_loop_send_frame)
    net_mem_alloc                            0x0800daf5   Thumb Code   178  net_mem.o(i.net_mem_alloc)
    net_mem_avail                            0x0800dbb5   Thumb Code    22  net_mem.o(i.net_mem_avail)
    net_mem_free                             0x0800dbd1   Thumb Code   152  net_mem.o(i.net_mem_free)
    net_mem_init                             0x0800dc75   Thumb Code    98  net_mem.o(i.net_mem_init)
    net_mem_shrink                           0x0800dce5   Thumb Code    62  net_mem.o(i.net_mem_shrink)
    net_nbns_client_init                     0x0800dd2d   Thumb Code    82  net_nbns_client.o(i.net_nbns_client_init)
    net_ndp_cache_find                       0x0800dd91   Thumb Code   438  net_ndp.o(i.net_ndp_cache_find)
    net_ndp_cache_refresh                    0x0800df55   Thumb Code   112  net_ndp.o(i.net_ndp_cache_refresh)
    net_ndp_enqueue                          0x0800dfcd   Thumb Code   108  net_ndp.o(i.net_ndp_enqueue)
    net_ndp_process                          0x0800e03d   Thumb Code   872  net_ndp.o(i.net_ndp_process)
    net_path                                 0x0800e3b1   Thumb Code    52  net_sys.o(i.net_path)
    net_ping_client_init                     0x0800e3e9   Thumb Code    22  net_ping_core.o(i.net_ping_client_init)
    net_ping_client_run                      0x0800e409   Thumb Code   110  net_ping_core.o(i.net_ping_client_run)
    net_rand32                               0x0800e489   Thumb Code    18  net_sys.o(i.net_rand32)
    net_strcasecmp                           0x0800e4a5   Thumb Code    46  net_common.o(i.net_strcasecmp)
    net_strchr                               0x0800e4d3   Thumb Code    22  net_common.o(i.net_strchr)
    net_strcmp                               0x0800e4e9   Thumb Code    26  net_common.o(i.net_strcmp)
    net_strcpy                               0x0800e503   Thumb Code    18  net_common.o(i.net_strcpy)
    net_strnchr                              0x0800e515   Thumb Code    28  net_common.o(i.net_strnchr)
    net_strncpy                              0x0800e531   Thumb Code    26  net_common.o(i.net_strncpy)
    net_strtoupper                           0x0800e54b   Thumb Code    32  net_common.o(i.net_strtoupper)
    net_sys_lock                             0x0800e56d   Thumb Code     8  net_sys.o(i.net_sys_lock)
    net_sys_resume                           0x0800e579   Thumb Code    22  net_sys.o(i.net_sys_resume)
    net_sys_tick                             0x0800e591   Thumb Code    16  net_sys.o(i.net_sys_tick)
    net_sys_unlock                           0x0800e5a5   Thumb Code     8  net_sys.o(i.net_sys_unlock)
    net_sys_wakeup                           0x0800e5b1   Thumb Code    26  net_sys.o(i.net_sys_wakeup)
    net_tcp_abort                            0x0800e5d1   Thumb Code   122  net_tcp.o(i.net_tcp_abort)
    net_tcp_close                            0x0800e655   Thumb Code   218  net_tcp.o(i.net_tcp_close)
    net_tcp_get_buf                          0x0800e739   Thumb Code    46  net_tcp.o(i.net_tcp_get_buf)
    net_tcp_get_local_port                   0x0800e769   Thumb Code    48  net_tcp.o(i.net_tcp_get_local_port)
    net_tcp_get_mss                          0x0800e79d   Thumb Code    34  net_tcp.o(i.net_tcp_get_mss)
    net_tcp_get_peer                         0x0800e7c5   Thumb Code    80  net_tcp.o(i.net_tcp_get_peer)
    net_tcp_get_socket                       0x0800e819   Thumb Code   104  net_tcp.o(i.net_tcp_get_socket)
    net_tcp_get_state                        0x0800e889   Thumb Code    40  net_tcp.o(i.net_tcp_get_state)
    net_tcp_get_timer                        0x0800e8b5   Thumb Code    48  net_tcp.o(i.net_tcp_get_timer)
    net_tcp_listen                           0x0800e8e9   Thumb Code   168  net_tcp.o(i.net_tcp_listen)
    net_tcp_process                          0x0800e999   Thumb Code  1956  net_tcp.o(i.net_tcp_process)
    net_tcp_send                             0x0800f141   Thumb Code   336  net_tcp.o(i.net_tcp_send)
    net_tcp_set_option                       0x0800f29d   Thumb Code   288  net_tcp.o(i.net_tcp_set_option)
    net_tcp_socket_init                      0x0800f3c9   Thumb Code    30  net_tcp.o(i.net_tcp_socket_init)
    net_tcp_socket_run                       0x0800f3f1   Thumb Code   938  net_tcp.o(i.net_tcp_socket_run)
    net_udp_get_buf                          0x0800f7b1   Thumb Code    46  net_udp.o(i.net_udp_get_buf)
    net_udp_get_socket                       0x0800f7e1   Thumb Code   102  net_udp.o(i.net_udp_get_socket)
    net_udp_open                             0x0800f851   Thumb Code   160  net_udp.o(i.net_udp_open)
    net_udp_process                          0x0800f8fd   Thumb Code   322  net_udp.o(i.net_udp_process)
    net_udp_send_if                          0x0800fa55   Thumb Code   540  net_udp.o(i.net_udp_send_if)
    net_udp_socket_init                      0x0800fc81   Thumb Code    30  net_udp.o(i.net_udp_socket_init)
    net_ultoa                                0x0800fca5   Thumb Code     8  net_common.o(i.net_ultoa)
    net_ultox                                0x0800fcad   Thumb Code    44  net_common.o(i.net_ultox)
    net_xtoul                                0x0800fcdd   Thumb Code    76  net_common.o(i.net_xtoul)
    app_main_attr                            0x08010834   Data          36  http_server.o(.constdata)
    imageLastModified                        0x08010858   Data           4  web.o(.constdata)
    osRtxUserSVC                             0x08016ee0   Data           4  rtx_lib.o(.constdata)
    Driver_ETH_MAC0                          0x08016f34   Data          68  emac_stm32f4xx.o(.constdata)
    Driver_ETH_PHY0                          0x08016f7c   Data          32  phy_lan8742a.o(.constdata)
    EventRecorderInfo                        0x08016f9c   Data          24  eventrecorder.o(.constdata)
    AHBPrescTable                            0x08016fb4   Data          16  system_stm32f4xx_1.o(.constdata)
    APBPrescTable                            0x08016fc4   Data           8  system_stm32f4xx_1.o(.constdata)
    net_sys_config                           0x08017074   Data          28  net_config.o(.constdata)
    net_eth0_if_config                       0x080170e8   Data          44  net_config.o(.constdata)
    net_eth_list                             0x08017114   Data           8  net_config.o(.constdata)
    net_if_list_lan                          0x0801711c   Data           8  net_config.o(.constdata)
    net_if_list_all                          0x08017124   Data           8  net_config.o(.constdata)
    net_if_inet_def                          0x0801712c   Data           8  net_config.o(.constdata)
    net_if_link_def                          0x08017134   Data           8  net_config.o(.constdata)
    net_arp_list                             0x0801713c   Data           8  net_config.o(.constdata)
    net_icmp_list                            0x08017144   Data           8  net_config.o(.constdata)
    net_igmp_list                            0x0801714c   Data           8  net_config.o(.constdata)
    net_icmp6_list                           0x08017154   Data           4  net_config.o(.constdata)
    net_ip4_frag_config                      0x08017158   Data           8  net_config.o(.constdata)
    net_udp_config                           0x08017160   Data          12  net_config.o(.constdata)
    net_tcp_config                           0x0801716c   Data          24  net_config.o(.constdata)
    net_http_config                          0x08017184   Data          52  net_config.o(.constdata)
    netif_getopt_func                        0x08017208   Data          16  net_config.o(.constdata)
    netif_setopt_func                        0x08017218   Data          16  net_config.o(.constdata)
    net_loop_if_config                       0x08017230   Data          44  net_loopback.o(.constdata)
    net_http_auth_basic_func                 0x0801736c   Data          24  net_http_server_auth.o(.constdata)
    net_ping_payload                         0x08017384   Data          18  net_ping_core.o(.constdata)
    net_addr_unspec                          0x08017396   Data          16  net_addr.o(.constdata)
    net_addr_bcast                           0x080173a6   Data           6  net_addr.o(.constdata)
    net_addr4_loopback                       0x080173ac   Data           4  net_ip4.o(.constdata)
    net_addr6_all_nodes                      0x080173b0   Data          16  net_ip6.o(.constdata)
    net_addr6_loopback                       0x080173c0   Data          16  net_ip6.o(.constdata)
    net_http_error                           0x080173d0   Data          24  net_http_server_err.o(.constdata)
    net_lib_version                          0x08017488   Data           4  net_version.o(.constdata)
    network_ip4ip6_debug_v7.15.0             0x08017488   Data           4  net_version.o(.constdata)
    osRtxConfig                              0x0801785c   Data         112  rtx_lib.o(.rodata)
    os_cb_sections                           0x080178cc   Data          56  rtx_lib.o(.rodata)
    Region$$Table$$Base                      0x08017904   Number         0  anon$$obj.o(Region$$Table)
    Region$$Table$$Limit                     0x08017934   Number         0  anon$$obj.o(Region$$Table)
    .bss.os.msgqueue.cb$$Base                0x20008044   Number         0  rtx_lib.o(.bss.os.msgqueue.cb)
    .bss.os.msgqueue.cb$$Limit               0x20008078   Number         0  rtx_lib.o(.bss.os.msgqueue.cb)
    .bss.os.mutex.cb$$Base                   0x200080c8   Number         0  net_config.o(.bss.os.mutex.cb)
    .bss.os.mutex.cb$$Limit                  0x20008100   Number         0  net_config.o(.bss.os.mutex.cb)
    .bss.os.semaphore.cb$$Base               0x20008100   Number         0  net_config.o(.bss.os.semaphore.cb)
    .bss.os.semaphore.cb$$Limit              0x20008110   Number         0  net_config.o(.bss.os.semaphore.cb)
    .bss.os.thread.cb$$Base                  0x20008110   Number         0  rtx_lib.o(.bss.os.thread.cb)
    .bss.os.thread.cb$$Limit                 0x20008220   Number         0  net_config.o(.bss.os.thread.cb)
    .bss.os.timer.cb$$Base                   0x20008620   Number         0  net_config.o(.bss.os.timer.cb)
    .bss.os.timer.cb$$Limit                  0x20008640   Number         0  net_config.o(.bss.os.timer.cb)
    lcd_text                                 0x20008644   Data          42  http_server.o(.data)
    LEDrun                                   0x20008670   Data           1  http_server.o(.data)
    TID_Led                                  0x20008674   Data           4  http_server.o(.data)
    uwTickFreq                               0x2000867c   Data           1  stm32f4xx_hal.o(.data)
    uwTickPrio                               0x20008680   Data           4  stm32f4xx_hal.o(.data)
    uwTick                                   0x20008684   Data           4  stm32f4xx_hal.o(.data)
    SystemCoreClock                          0x20008688   Data           4  system_stm32f4xx_1.o(.data)
    net_eth0_igmp_control                    0x2000869a   Data           4  net_igmp.o(.data)
    net_eth0_icmp_control                    0x200086a8   Data           1  net_icmp.o(.data)
    osRtxInfo                                0x200086cc   Data         164  rtx_kernel.o(.data.os)
    app_main_stk                             0x20008770   Data        1024  http_server.o(.bss)
    net_eth0_if_control                      0x2000ec58   Data         160  net_eth.o(.bss)
    net_eth0_arp_control                     0x2000ecf8   Data          24  net_arp.o(.bss)
    net_http_control                         0x2000edb0   Data          20  net_http_server.o(.bss)
    net_ping_control                         0x2000edc4   Data          44  net_ping_core.o(.bss)
    net_sys_control                          0x2000ee00   Data          28  net_sys.o(.bss)
    net_dbg_buf                              0x2000ee28   Data          36  net_sys.o(.bss)
    __initial_sp                             0x2000f2c0   Data           0  startup_stm32f429xx.o(STACK)



==============================================================================

Memory Map of the image

  Image Entry point : 0x080001ad

  Load Region LR_IROM1 (Base: 0x08000000, Size: 0x000200a4, Max: 0x00200000, ABSOLUTE, COMPRESSED[0x00017a68])

    Execution Region ER_IROM1 (Exec base: 0x08000000, Load base: 0x08000000, Size: 0x00017934, Max: 0x00200000, ABSOLUTE)

    Exec Addr    Load Addr    Size         Type   Attr      Idx    E Section Name        Object

    0x08000000   0x08000000   0x000001ac   Data   RO         1246    RESET               startup_stm32f429xx.o
    0x080001ac   0x080001ac   0x00000000   Code   RO         2386  * .ARM.Collect$$$$00000000  mc_w.l(entry.o)
    0x080001ac   0x080001ac   0x00000004   Code   RO         2668    .ARM.Collect$$$$00000001  mc_w.l(entry2.o)
    0x080001b0   0x080001b0   0x00000004   Code   RO         2671    .ARM.Collect$$$$00000004  mc_w.l(entry5.o)
    0x080001b4   0x080001b4   0x00000000   Code   RO         2673    .ARM.Collect$$$$00000008  mc_w.l(entry7b.o)
    0x080001b4   0x080001b4   0x00000000   Code   RO         2675    .ARM.Collect$$$$0000000A  mc_w.l(entry8b.o)
    0x080001b4   0x080001b4   0x00000008   Code   RO         2676    .ARM.Collect$$$$0000000B  mc_w.l(entry9a.o)
    0x080001bc   0x080001bc   0x00000004   Code   RO         2683    .ARM.Collect$$$$0000000E  mc_w.l(entry12b.o)
    0x080001c0   0x080001c0   0x00000000   Code   RO         2678    .ARM.Collect$$$$0000000F  mc_w.l(entry10a.o)
    0x080001c0   0x080001c0   0x00000000   Code   RO         2680    .ARM.Collect$$$$00000011  mc_w.l(entry11a.o)
    0x080001c0   0x080001c0   0x00000004   Code   RO         2669    .ARM.Collect$$$$00002712  mc_w.l(entry2.o)
    0x080001c4   0x080001c4   0x00000148   Code   RO          543    .emb_text           rtx_mempool.o
    0x0800030c   0x0800030c   0x00000148   Code   RO          574    .emb_text           rtx_msgqueue.o
    0x08000454   0x08000454   0x00000148   Code   RO          639    .emb_text           rtx_semaphore.o
    0x0800059c   0x0800059c   0x00000148   Code   RO          670    .emb_text           rtx_system.o
    0x080006e4   0x080006e4   0x00000148   Code   RO          704    .emb_text           rtx_thread.o
    0x0800082c   0x0800082c   0x00000074   Code   RO          889    .emb_text           eventrecorder.o
    0x080008a0   0x080008a0   0x00000114   Code   RO            4    .text               main.o
    0x080009b4   0x080009b4   0x00000078   Code   RO          135    .text               http_server.o
    0x08000a2c   0x08000a2c   0x00000658   Code   RO          189    .text               http_server_cgi.o
    0x08001084   0x08001084   0x00000078   Code   RO          212    .text               web.o
    0x080010fc   0x080010fc   0x000000a4   Code   RO          232    .text               buttons_nucleo_f429zi.o
    0x080011a0   0x080011a0   0x000000ec   Code   RO          258    .text               led_nucleo_f429zi.o
    0x0800128c   0x0800128c   0x00000094   Code   RO          282    .text               irq_armv7m.o
    0x08001320   0x08001320   0x00000104   Code   RO          290    .text               rtx_delay.o
    0x08001424   0x08001424   0x00000958   Code   RO          388    .text               rtx_evr.o
    0x08001d7c   0x08001d7c   0x000006cc   Code   RO          416    .text               rtx_kernel.o
    0x08002448   0x08002448   0x00000018   Code   RO          464    .text               rtx_lib.o
    0x08002460   0x08002460   0x00000124   Code   RO          513    .text               rtx_memory.o
    0x08002584   0x08002584   0x00000678   Code   RO          544    .text               rtx_mempool.o
    0x08002bfc   0x08002bfc   0x000009bc   Code   RO          575    .text               rtx_msgqueue.o
    0x080035b8   0x080035b8   0x00000558   Code   RO          609    .text               rtx_mutex.o
    0x08003b10   0x08003b10   0x00000450   Code   RO          640    .text               rtx_semaphore.o
    0x08003f60   0x08003f60   0x00000154   Code   RO          671    .text               rtx_system.o
    0x080040b4   0x080040b4   0x000011e4   Code   RO          705    .text               rtx_thread.o
    0x08005298   0x08005298   0x00000480   Code   RO          739    .text               rtx_timer.o
    0x08005718   0x08005718   0x000000c4   Code   RO          769    .text               os_systick.o
    0x080057dc   0x080057dc   0x00000004   Code   RO          795    .text               rtx_config.o
    0x080057e0   0x080057e0   0x000009e8   Code   RO          819    .text               emac_stm32f4xx.o
    0x080061c8   0x080061c8   0x000001ac   Code   RO          864    .text               phy_lan8742a.o
    0x08006374   0x08006374   0x00000538   Code   RO          890    .text               eventrecorder.o
    0x080068ac   0x080068ac   0x000001c8   Code   RO          924    .text               stm32f4xx_hal.o
    0x08006a74   0x08006a74   0x00000298   Code   RO         1002    .text               stm32f4xx_hal_cortex.o
    0x08006d0c   0x08006d0c   0x00000364   Code   RO         1079    .text               stm32f4xx_hal_gpio.o
    0x08007070   0x08007070   0x00000760   Code   RO         1151    .text               stm32f4xx_hal_rcc.o
    0x080077d0   0x080077d0   0x00000024   Code   RO         1247    .text               startup_stm32f429xx.o
    0x080077f4   0x080077f4   0x000000a0   Code   RO         1254    .text               system_stm32f4xx_1.o
    0x08007894   0x08007894   0x00000168   Code   RO         1283    .text               net_config.o
    0x080079fc   0x080079fc   0x00000152   Code   RO         1373    .text               net_debug.o
    0x08007b4e   0x08007b4e   0x00000062   Code   RO         2389    .text               mc_w.l(uldiv.o)
    0x08007bb0   0x08007bb0   0x00000024   Code   RO         2391    .text               mc_w.l(memcpya.o)
    0x08007bd4   0x08007bd4   0x00000024   Code   RO         2393    .text               mc_w.l(memseta.o)
    0x08007bf8   0x08007bf8   0x0000000e   Code   RO         2395    .text               mc_w.l(strlen.o)
    0x08007c06   0x08007c06   0x0000001c   Code   RO         2397    .text               mc_w.l(strcmp.o)
    0x08007c22   0x08007c22   0x0000001a   Code   RO         2399    .text               mc_w.l(memcmp.o)
    0x08007c3c   0x08007c3c   0x00000012   Code   RO         2401    .text               mc_w.l(strcpy.o)
    0x08007c4e   0x08007c4e   0x0000001e   Code   RO         2403    .text               mc_w.l(strncmp.o)
    0x08007c6c   0x08007c6c   0x0000001e   Code   RO         2689    .text               mc_w.l(llshl.o)
    0x08007c8a   0x08007c8a   0x00000020   Code   RO         2691    .text               mc_w.l(llushr.o)
    0x08007caa   0x08007caa   0x00000002   PAD
    0x08007cac   0x08007cac   0x00000024   Code   RO         2704    .text               mc_w.l(init.o)
    0x08007cd0   0x08007cd0   0x00000056   Code   RO         2719    .text               mc_w.l(__dczerorl2.o)
    0x08007d26   0x08007d26   0x00000002   PAD
    0x08007d28   0x08007d28   0x00000028   Code   RO         2616    i.__0sprintf$8      mc_w.l(printf8.o)
    0x08007d50   0x08007d50   0x0000000e   Code   RO         2713    i.__scatterload_copy  mc_w.l(handlers.o)
    0x08007d5e   0x08007d5e   0x00000002   Code   RO         2714    i.__scatterload_null  mc_w.l(handlers.o)
    0x08007d60   0x08007d60   0x0000000e   Code   RO         2715    i.__scatterload_zeroinit  mc_w.l(handlers.o)
    0x08007d6e   0x08007d6e   0x00000002   PAD
    0x08007d70   0x08007d70   0x00000404   Code   RO         2621    i._printf_core      mc_w.l(printf8.o)
    0x08008174   0x08008174   0x00000024   Code   RO         2622    i._printf_post_padding  mc_w.l(printf8.o)
    0x08008198   0x08008198   0x0000002e   Code   RO         2623    i._printf_pre_padding  mc_w.l(printf8.o)
    0x080081c6   0x080081c6   0x0000000a   Code   RO         2625    i._sputc            mc_w.l(printf8.o)
    0x080081d0   0x080081d0   0x00000054   Code   RO         1812    i.add_server_id     Net_Dbg_CM3_L.lib(net_http_server.o)
    0x08008224   0x08008224   0x0000005c   Code   RO         1459    i.arp_cache_alloc   Net_Dbg_CM3_L.lib(net_arp.o)
    0x08008280   0x08008280   0x00000170   Code   RO         1460    i.arp_cache_run     Net_Dbg_CM3_L.lib(net_arp.o)
    0x080083f0   0x080083f0   0x00000038   Code   RO         1461    i.arp_is_cacheable  Net_Dbg_CM3_L.lib(net_arp.o)
    0x08008428   0x08008428   0x00000088   Code   RO         1462    i.arp_probe_run     Net_Dbg_CM3_L.lib(net_arp.o)
    0x080084b0   0x080084b0   0x000000d8   Code   RO         1464    i.arp_proc_response  Net_Dbg_CM3_L.lib(net_arp.o)
    0x08008588   0x08008588   0x0000001a   Code   RO         1465    i.arp_que_free      Net_Dbg_CM3_L.lib(net_arp.o)
    0x080085a2   0x080085a2   0x00000002   PAD
    0x080085a4   0x080085a4   0x000000a0   Code   RO         1466    i.arp_send_reply    Net_Dbg_CM3_L.lib(net_arp.o)
    0x08008644   0x08008644   0x000000d0   Code   RO         1467    i.arp_send_request  Net_Dbg_CM3_L.lib(net_arp.o)
    0x08008714   0x08008714   0x00000068   Code   RO         1468    i.arp_sender_valid  Net_Dbg_CM3_L.lib(net_arp.o)
    0x0800877c   0x0800877c   0x0000018c   Code   RO         1813    i.chk_post_req      Net_Dbg_CM3_L.lib(net_http_server.o)
    0x08008908   0x08008908   0x00000028   Code   RO         2300    i.crc32_8bit        Net_Dbg_CM3_L.lib(net_common.o)
    0x08008930   0x08008930   0x0000009a   Code   RO         1403    i.eth_check_link    Net_Dbg_CM3_L.lib(net_eth.o)
    0x080089ca   0x080089ca   0x00000002   PAD
    0x080089cc   0x080089cc   0x00000020   Code   RO         1404    i.eth_if_map        Net_Dbg_CM3_L.lib(net_eth.o)
    0x080089ec   0x080089ec   0x00000304   Code   RO         1405    i.eth_iface_init    Net_Dbg_CM3_L.lib(net_eth.o)
    0x08008cf0   0x08008cf0   0x00000290   Code   RO         1406    i.eth_iface_run     Net_Dbg_CM3_L.lib(net_eth.o)
    0x08008f80   0x08008f80   0x00000008   Code   RO         1408    i.eth_lock          Net_Dbg_CM3_L.lib(net_eth.o)
    0x08008f88   0x08008f88   0x0000001c   Code   RO         1409    i.eth_mtu_limit     Net_Dbg_CM3_L.lib(net_eth.o)
    0x08008fa4   0x08008fa4   0x00000048   Code   RO         1410    i.eth_opt_len       Net_Dbg_CM3_L.lib(net_eth.o)
    0x08008fec   0x08008fec   0x00000088   Code   RO         1411    i.eth_receive       Net_Dbg_CM3_L.lib(net_eth.o)
    0x08009074   0x08009074   0x00000008   Code   RO         1412    i.eth_unlock        Net_Dbg_CM3_L.lib(net_eth.o)
    0x0800907c   0x0800907c   0x0000007c   Code   RO         1576    i.frag_map_session  Net_Dbg_CM3_L.lib(net_ip4_frag.o)
    0x080090f8   0x080090f8   0x00000028   Code   RO         1814    i.get_next_field    Net_Dbg_CM3_L.lib(net_http_server.o)
    0x08009120   0x08009120   0x00000032   Code   RO         1815    i.get_next_par      Net_Dbg_CM3_L.lib(net_http_server.o)
    0x08009152   0x08009152   0x00000022   Code   RO         1816    i.hex2byte          Net_Dbg_CM3_L.lib(net_http_server.o)
    0x08009174   0x08009174   0x0000036c   Code   RO         1817    i.http_add_header   Net_Dbg_CM3_L.lib(net_http_server.o)
    0x080094e0   0x080094e0   0x00000050   Code   RO         1937    i.http_auth_basic_add  Net_Dbg_CM3_L.lib(net_http_server_auth.o)
    0x08009530   0x08009530   0x00000090   Code   RO         1938    i.http_auth_basic_parse  Net_Dbg_CM3_L.lib(net_http_server_auth.o)
    0x080095c0   0x080095c0   0x00000002   Code   RO         1944    i.http_auth_dummy   Net_Dbg_CM3_L.lib(net_http_server_auth.o)
    0x080095c2   0x080095c2   0x00000002   PAD
    0x080095c4   0x080095c4   0x00000024   Code   RO         1945    i.http_auth_init    Net_Dbg_CM3_L.lib(net_http_server_auth.o)
    0x080095e8   0x080095e8   0x000001cc   Code   RO         1818    i.http_error_msg    Net_Dbg_CM3_L.lib(net_http_server.o)
    0x080097b4   0x080097b4   0x00000078   Code   RO         1819    i.http_get_ftype    Net_Dbg_CM3_L.lib(net_http_server.o)
    0x0800982c   0x0800982c   0x0000005e   Code   RO         1820    i.http_kill_session  Net_Dbg_CM3_L.lib(net_http_server.o)
    0x0800988a   0x0800988a   0x00000002   PAD
    0x0800988c   0x0800988c   0x000002a8   Code   RO         1821    i.http_listener     Net_Dbg_CM3_L.lib(net_http_server.o)
    0x08009b34   0x08009b34   0x00000184   Code   RO         1822    i.http_open_file    Net_Dbg_CM3_L.lib(net_http_server.o)
    0x08009cb8   0x08009cb8   0x0000011c   Code   RO         1823    i.http_parse_header  Net_Dbg_CM3_L.lib(net_http_server.o)
    0x08009dd4   0x08009dd4   0x000001a8   Code   RO         1824    i.http_proc_multipart  Net_Dbg_CM3_L.lib(net_http_server.o)
    0x08009f7c   0x08009f7c   0x00000138   Code   RO         1825    i.http_proc_post    Net_Dbg_CM3_L.lib(net_http_server.o)
    0x0800a0b4   0x0800a0b4   0x00000468   Code   RO         1826    i.http_server_run   Net_Dbg_CM3_L.lib(net_http_server.o)
    0x0800a51c   0x0800a51c   0x00000060   Code   RO         1827    i.http_server_start  Net_Dbg_CM3_L.lib(net_http_server.o)
    0x0800a57c   0x0800a57c   0x00000020   Code   RO         1829    i.http_strcpy       Net_Dbg_CM3_L.lib(net_http_server.o)
    0x0800a59c   0x0800a59c   0x000000ac   Code   RO         1830    i.http_to_utc       Net_Dbg_CM3_L.lib(net_http_server.o)
    0x0800a648   0x0800a648   0x0000001a   Code   RO         2301    i.i2str             Net_Dbg_CM3_L.lib(net_common.o)
    0x0800a662   0x0800a662   0x00000002   PAD
    0x0800a664   0x0800a664   0x0000009c   Code   RO         1526    i.igmp_host_run     Net_Dbg_CM3_L.lib(net_igmp.o)
    0x0800a700   0x0800a700   0x00000024   Code   RO         1527    i.igmp_map_group    Net_Dbg_CM3_L.lib(net_igmp.o)
    0x0800a724   0x0800a724   0x00000070   Code   RO         1528    i.igmp_send_report  Net_Dbg_CM3_L.lib(net_igmp.o)
    0x0800a794   0x0800a794   0x0000000c   Code   RO         2178    i.ip4_get_chksum    Net_Dbg_CM3_L.lib(net_ip4.o)
    0x0800a7a0   0x0800a7a0   0x00000028   Code   RO         2179    i.ip4_get_mtu       Net_Dbg_CM3_L.lib(net_ip4.o)
    0x0800a7c8   0x0800a7c8   0x00000040   Code   RO         2041    i.ip4_ntoa          Net_Dbg_CM3_L.lib(net_addr.o)
    0x0800a808   0x0800a808   0x000000ca   Code   RO         2042    i.ip6_ntoa          Net_Dbg_CM3_L.lib(net_addr.o)
    0x0800a8d2   0x0800a8d2   0x00000002   PAD
    0x0800a8d4   0x0800a8d4   0x0000000c   Code   RO         2277    i.mem_lock          Net_Dbg_CM3_L.lib(net_mem.o)
    0x0800a8e0   0x0800a8e0   0x0000000c   Code   RO         2278    i.mem_unlock        Net_Dbg_CM3_L.lib(net_mem.o)
    0x0800a8ec   0x0800a8ec   0x000001a4   Code   RO         1798    i.nbns_listener     Net_Dbg_CM3_L.lib(net_nbns_client.o)
    0x0800aa90   0x0800aa90   0x00000120   Code   RO         2108    i.ndp_cache_add     Net_Dbg_CM3_L.lib(net_ndp.o)
    0x0800abb0   0x0800abb0   0x00000072   Code   RO         2109    i.ndp_cache_alloc   Net_Dbg_CM3_L.lib(net_ndp.o)
    0x0800ac22   0x0800ac22   0x00000002   PAD
    0x0800ac24   0x0800ac24   0x00000078   Code   RO         2110    i.ndp_cache_delete  Net_Dbg_CM3_L.lib(net_ndp.o)
    0x0800ac9c   0x0800ac9c   0x0000002c   Code   RO         2112    i.ndp_check_frame   Net_Dbg_CM3_L.lib(net_ndp.o)
    0x0800acc8   0x0800acc8   0x00000012   Code   RO         2113    i.ndp_next_opt      Net_Dbg_CM3_L.lib(net_ndp.o)
    0x0800acda   0x0800acda   0x00000002   PAD
    0x0800acdc   0x0800acdc   0x000000e4   Code   RO         2114    i.ndp_prefix_add    Net_Dbg_CM3_L.lib(net_ndp.o)
    0x0800adc0   0x0800adc0   0x000000fc   Code   RO         2117    i.ndp_proc_response  Net_Dbg_CM3_L.lib(net_ndp.o)
    0x0800aebc   0x0800aebc   0x0000001a   Code   RO         2118    i.ndp_que_free      Net_Dbg_CM3_L.lib(net_ndp.o)
    0x0800aed6   0x0800aed6   0x00000002   PAD
    0x0800aed8   0x0800aed8   0x00000038   Code   RO         2119    i.ndp_router_remove  Net_Dbg_CM3_L.lib(net_ndp.o)
    0x0800af10   0x0800af10   0x0000009c   Code   RO         2120    i.ndp_send_reply    Net_Dbg_CM3_L.lib(net_ndp.o)
    0x0800afac   0x0800afac   0x000000bc   Code   RO         2121    i.ndp_send_request  Net_Dbg_CM3_L.lib(net_ndp.o)
    0x0800b068   0x0800b068   0x00000004   Code   RO         1831    i.netCGI_Charset    Net_Dbg_CM3_L.lib(net_http_server.o)
    0x0800b06c   0x0800b06c   0x00000004   Code   RO         1832    i.netCGI_ContentType  Net_Dbg_CM3_L.lib(net_http_server.o)
    0x0800b070   0x0800b070   0x00000004   Code   RO         1833    i.netCGI_CustomHeader  Net_Dbg_CM3_L.lib(net_http_server.o)
    0x0800b074   0x0800b074   0x0000006c   Code   RO         1834    i.netCGI_GetEnvVar  Net_Dbg_CM3_L.lib(net_http_server.o)
    0x0800b0e0   0x0800b0e0   0x00000004   Code   RO         1837    i.netCGI_Redirect   Net_Dbg_CM3_L.lib(net_http_server.o)
    0x0800b0e4   0x0800b0e4   0x00000004   Code   RO         1839    i.netCGX_ContentType  Net_Dbg_CM3_L.lib(net_http_server.o)
    0x0800b0e8   0x0800b0e8   0x00000064   Code   RO         1991    i.netCore_Thread    Net_Dbg_CM3_L.lib(net_sys.o)
    0x0800b14c   0x0800b14c   0x00000002   Code   RO         1413    i.netETH_Notify     Net_Dbg_CM3_L.lib(net_eth.o)
    0x0800b14e   0x0800b14e   0x00000002   Code   RO         1414    i.netETH_ReceiveRaw  Net_Dbg_CM3_L.lib(net_eth.o)
    0x0800b150   0x0800b150   0x00000072   Code   RO         1416    i.netETH_Thread     Net_Dbg_CM3_L.lib(net_eth.o)
    0x0800b1c2   0x0800b1c2   0x00000004   Code   RO         1840    i.netHTTPs_AcceptClient  Net_Dbg_CM3_L.lib(net_http_server.o)
    0x0800b1c6   0x0800b1c6   0x00000004   Code   RO         1946    i.netHTTPs_CheckAccount  Net_Dbg_CM3_L.lib(net_http_server_auth.o)
    0x0800b1ca   0x0800b1ca   0x00000004   Code   RO         1842    i.netHTTPs_FileAccess  Net_Dbg_CM3_L.lib(net_http_server.o)
    0x0800b1ce   0x0800b1ce   0x00000002   PAD
    0x0800b1d0   0x0800b1d0   0x00000020   Code   RO         1845    i.netHTTPs_GetLanguage  Net_Dbg_CM3_L.lib(net_http_server.o)
    0x0800b1f0   0x0800b1f0   0x0000000c   Code   RO         1846    i.netHTTPs_GetPassword  Net_Dbg_CM3_L.lib(net_http_server.o)
    0x0800b1fc   0x0800b1fc   0x0000000c   Code   RO         1852    i.netHTTPs_LoginActive  Net_Dbg_CM3_L.lib(net_http_server.o)
    0x0800b208   0x0800b208   0x00000058   Code   RO         1855    i.netHTTPs_SetPassword  Net_Dbg_CM3_L.lib(net_http_server.o)
    0x0800b260   0x0800b260   0x00000088   Code   RO         1992    i.netIF_GetOption   Net_Dbg_CM3_L.lib(net_sys.o)
    0x0800b2e8   0x0800b2e8   0x00000084   Code   RO         1994    i.netIF_SetOption   Net_Dbg_CM3_L.lib(net_sys.o)
    0x0800b36c   0x0800b36c   0x0000001a   Code   RO         2044    i.netIP_aton        Net_Dbg_CM3_L.lib(net_addr.o)
    0x0800b386   0x0800b386   0x00000032   Code   RO         2045    i.netIP_ntoa        Net_Dbg_CM3_L.lib(net_addr.o)
    0x0800b3b8   0x0800b3b8   0x000000ac   Code   RO         1995    i.netInitialize     Net_Dbg_CM3_L.lib(net_sys.o)
    0x0800b464   0x0800b464   0x0000008c   Code   RO         2046    i.netMAC_aton       Net_Dbg_CM3_L.lib(net_addr.o)
    0x0800b4f0   0x0800b4f0   0x00000004   Code   RO         1679    i.netTCP_GetLocalPort  Net_Dbg_CM3_L.lib(net_tcp.o)
    0x0800b4f4   0x0800b4f4   0x00000020   Code   RO         1681    i.netTCP_GetPeer    Net_Dbg_CM3_L.lib(net_tcp.o)
    0x0800b514   0x0800b514   0x00000004   Code   RO         1683    i.netTCP_GetState   Net_Dbg_CM3_L.lib(net_tcp.o)
    0x0800b518   0x0800b518   0x00000004   Code   RO         1684    i.netTCP_GetTimer   Net_Dbg_CM3_L.lib(net_tcp.o)
    0x0800b51c   0x0800b51c   0x0000007c   Code   RO         2048    i.net_addr4_aton    Net_Dbg_CM3_L.lib(net_addr.o)
    0x0800b598   0x0800b598   0x0000001e   Code   RO         2050    i.net_addr4_to_mac  Net_Dbg_CM3_L.lib(net_addr.o)
    0x0800b5b6   0x0800b5b6   0x00000002   PAD
    0x0800b5b8   0x0800b5b8   0x000000e6   Code   RO         2051    i.net_addr6_aton    Net_Dbg_CM3_L.lib(net_addr.o)
    0x0800b69e   0x0800b69e   0x00000028   Code   RO         2052    i.net_addr6_comp    Net_Dbg_CM3_L.lib(net_addr.o)
    0x0800b6c6   0x0800b6c6   0x00000012   Code   RO         2053    i.net_addr6_copy    Net_Dbg_CM3_L.lib(net_addr.o)
    0x0800b6d8   0x0800b6d8   0x0000004c   Code   RO         2054    i.net_addr6_create  Net_Dbg_CM3_L.lib(net_addr.o)
    0x0800b724   0x0800b724   0x00000028   Code   RO         2055    i.net_addr6_get_solicited  Net_Dbg_CM3_L.lib(net_addr.o)
    0x0800b74c   0x0800b74c   0x00000018   Code   RO         2056    i.net_addr6_is_linklocal  Net_Dbg_CM3_L.lib(net_addr.o)
    0x0800b764   0x0800b764   0x0000006e   Code   RO         2057    i.net_addr6_is_onlink  Net_Dbg_CM3_L.lib(net_addr.o)
    0x0800b7d2   0x0800b7d2   0x00000048   Code   RO         2058    i.net_addr6_is_solicited  Net_Dbg_CM3_L.lib(net_addr.o)
    0x0800b81a   0x0800b81a   0x00000018   Code   RO         2059    i.net_addr6_is_unspec  Net_Dbg_CM3_L.lib(net_addr.o)
    0x0800b832   0x0800b832   0x0000000e   Code   RO         2061    i.net_addr6_to_mac  Net_Dbg_CM3_L.lib(net_addr.o)
    0x0800b840   0x0800b840   0x00000026   Code   RO         2063    i.net_addr_copy     Net_Dbg_CM3_L.lib(net_addr.o)
    0x0800b866   0x0800b866   0x0000001a   Code   RO         2064    i.net_addr_find_route  Net_Dbg_CM3_L.lib(net_addr.o)
    0x0800b880   0x0800b880   0x00000020   Code   RO         2066    i.net_addr_get_local  Net_Dbg_CM3_L.lib(net_addr.o)
    0x0800b8a0   0x0800b8a0   0x00000022   Code   RO         2067    i.net_addr_is_unspec  Net_Dbg_CM3_L.lib(net_addr.o)
    0x0800b8c2   0x0800b8c2   0x00000002   PAD
    0x0800b8c4   0x0800b8c4   0x0000011c   Code   RO         1476    i.net_arp_cache_add  Net_Dbg_CM3_L.lib(net_arp.o)
    0x0800b9e0   0x0800b9e0   0x000000bc   Code   RO         1477    i.net_arp_cache_early  Net_Dbg_CM3_L.lib(net_arp.o)
    0x0800ba9c   0x0800ba9c   0x000000ec   Code   RO         1478    i.net_arp_cache_find  Net_Dbg_CM3_L.lib(net_arp.o)
    0x0800bb88   0x0800bb88   0x00000048   Code   RO         1479    i.net_arp_cache_init  Net_Dbg_CM3_L.lib(net_arp.o)
    0x0800bbd0   0x0800bbd0   0x0000001c   Code   RO         1480    i.net_arp_cache_run  Net_Dbg_CM3_L.lib(net_arp.o)
    0x0800bbec   0x0800bbec   0x00000078   Code   RO         1482    i.net_arp_enqueue   Net_Dbg_CM3_L.lib(net_arp.o)
    0x0800bc64   0x0800bc64   0x00000020   Code   RO         1484    i.net_arp_notify    Net_Dbg_CM3_L.lib(net_arp.o)
    0x0800bc84   0x0800bc84   0x00000224   Code   RO         1486    i.net_arp_process   Net_Dbg_CM3_L.lib(net_arp.o)
    0x0800bea8   0x0800bea8   0x00000042   Code   RO         2302    i.net_atoi          Net_Dbg_CM3_L.lib(net_common.o)
    0x0800beea   0x0800beea   0x00000002   PAD
    0x0800beec   0x0800beec   0x00000078   Code   RO         2368    i.net_base64_decode  Net_Dbg_CM3_L.lib(net_base64.o)
    0x0800bf64   0x0800bf64   0x00000030   Code   RO         2304    i.net_chksum_buf    Net_Dbg_CM3_L.lib(net_common.o)
    0x0800bf94   0x0800bf94   0x0000001e   Code   RO         2305    i.net_crc_buf       Net_Dbg_CM3_L.lib(net_common.o)
    0x0800bfb2   0x0800bfb2   0x0000000e   Code   RO         1417    i.net_eth_callback  Net_Dbg_CM3_L.lib(net_eth.o)
    0x0800bfc0   0x0800bfc0   0x00000068   Code   RO         1418    i.net_eth_config_mcast  Net_Dbg_CM3_L.lib(net_eth.o)
    0x0800c028   0x0800c028   0x000000ea   Code   RO         1420    i.net_eth_get_option  Net_Dbg_CM3_L.lib(net_eth.o)
    0x0800c112   0x0800c112   0x00000002   PAD
    0x0800c114   0x0800c114   0x0000001c   Code   RO         1421    i.net_eth_iface_init  Net_Dbg_CM3_L.lib(net_eth.o)
    0x0800c130   0x0800c130   0x0000001c   Code   RO         1422    i.net_eth_iface_run  Net_Dbg_CM3_L.lib(net_eth.o)
    0x0800c14c   0x0800c14c   0x000000a8   Code   RO         1424    i.net_eth_output    Net_Dbg_CM3_L.lib(net_eth.o)
    0x0800c1f4   0x0800c1f4   0x000001e0   Code   RO         1425    i.net_eth_send_frame  Net_Dbg_CM3_L.lib(net_eth.o)
    0x0800c3d4   0x0800c3d4   0x00000270   Code   RO         1426    i.net_eth_set_option  Net_Dbg_CM3_L.lib(net_eth.o)
    0x0800c644   0x0800c644   0x000000e8   Code   RO         1861    i.net_http_server_init  Net_Dbg_CM3_L.lib(net_http_server.o)
    0x0800c72c   0x0800c72c   0x00000028   Code   RO         1862    i.net_http_server_run  Net_Dbg_CM3_L.lib(net_http_server.o)
    0x0800c754   0x0800c754   0x00000018   Code   RO         2250    i.net_icmp6_init    Net_Dbg_CM3_L.lib(net_icmp6.o)
    0x0800c76c   0x0800c76c   0x00000238   Code   RO         2251    i.net_icmp6_process  Net_Dbg_CM3_L.lib(net_icmp6.o)
    0x0800c9a4   0x0800c9a4   0x00000084   Code   RO         2252    i.net_icmp6_send    Net_Dbg_CM3_L.lib(net_icmp6.o)
    0x0800ca28   0x0800ca28   0x00000058   Code   RO         2253    i.net_icmp6_send_echo  Net_Dbg_CM3_L.lib(net_icmp6.o)
    0x0800ca80   0x0800ca80   0x00000018   Code   RO         1598    i.net_icmp_init     Net_Dbg_CM3_L.lib(net_icmp.o)
    0x0800ca98   0x0800ca98   0x000001c8   Code   RO         1599    i.net_icmp_process  Net_Dbg_CM3_L.lib(net_icmp.o)
    0x0800cc60   0x0800cc60   0x000000a0   Code   RO         1600    i.net_icmp_send_echo  Net_Dbg_CM3_L.lib(net_icmp.o)
    0x0800cd00   0x0800cd00   0x0000000c   Code   RO         1999    i.net_if_map_all    Net_Dbg_CM3_L.lib(net_sys.o)
    0x0800cd0c   0x0800cd0c   0x0000006c   Code   RO         1531    i.net_igmp_collect_mcast  Net_Dbg_CM3_L.lib(net_igmp.o)
    0x0800cd78   0x0800cd78   0x00000048   Code   RO         1532    i.net_igmp_host_init  Net_Dbg_CM3_L.lib(net_igmp.o)
    0x0800cdc0   0x0800cdc0   0x0000001c   Code   RO         1533    i.net_igmp_host_run  Net_Dbg_CM3_L.lib(net_igmp.o)
    0x0800cddc   0x0800cddc   0x00000020   Code   RO         1535    i.net_igmp_is_member  Net_Dbg_CM3_L.lib(net_igmp.o)
    0x0800cdfc   0x0800cdfc   0x000001ac   Code   RO         1536    i.net_igmp_process  Net_Dbg_CM3_L.lib(net_igmp.o)
    0x0800cfa8   0x0800cfa8   0x0000018c   Code   RO         2180    i.net_ip4_chk_frame  Net_Dbg_CM3_L.lib(net_ip4.o)
    0x0800d134   0x0800d134   0x0000002c   Code   RO         2181    i.net_ip4_chksum    Net_Dbg_CM3_L.lib(net_ip4.o)
    0x0800d160   0x0800d160   0x00000006   Code   RO         2182    i.net_ip4_chksum_buf  Net_Dbg_CM3_L.lib(net_ip4.o)
    0x0800d166   0x0800d166   0x00000002   PAD
    0x0800d168   0x0800d168   0x00000080   Code   RO         2184    i.net_ip4_find_route  Net_Dbg_CM3_L.lib(net_ip4.o)
    0x0800d1e8   0x0800d1e8   0x00000124   Code   RO         1577    i.net_ip4_frag_add  Net_Dbg_CM3_L.lib(net_ip4_frag.o)
    0x0800d30c   0x0800d30c   0x000000ac   Code   RO         1578    i.net_ip4_frag_get  Net_Dbg_CM3_L.lib(net_ip4_frag.o)
    0x0800d3b8   0x0800d3b8   0x00000010   Code   RO         1579    i.net_ip4_frag_init  Net_Dbg_CM3_L.lib(net_ip4_frag.o)
    0x0800d3c8   0x0800d3c8   0x0000003c   Code   RO         1580    i.net_ip4_frag_run  Net_Dbg_CM3_L.lib(net_ip4_frag.o)
    0x0800d404   0x0800d404   0x0000002c   Code   RO         2185    i.net_ip4_get_local  Net_Dbg_CM3_L.lib(net_ip4.o)
    0x0800d430   0x0800d430   0x00000024   Code   RO         2186    i.net_ip4_init      Net_Dbg_CM3_L.lib(net_ip4.o)
    0x0800d454   0x0800d454   0x00000020   Code   RO         2187    i.net_ip4_is_onlink  Net_Dbg_CM3_L.lib(net_ip4.o)
    0x0800d474   0x0800d474   0x00000026   Code   RO         2188    i.net_ip4_is_subcast  Net_Dbg_CM3_L.lib(net_ip4.o)
    0x0800d49a   0x0800d49a   0x0000000e   Code   RO         2189    i.net_ip4_reass_frame  Net_Dbg_CM3_L.lib(net_ip4.o)
    0x0800d4a8   0x0800d4a8   0x00000164   Code   RO         2190    i.net_ip4_send_frame  Net_Dbg_CM3_L.lib(net_ip4.o)
    0x0800d60c   0x0800d60c   0x0000002a   Code   RO         2192    i.net_ip4_tx_offl_hl  Net_Dbg_CM3_L.lib(net_ip4.o)
    0x0800d636   0x0800d636   0x00000002   PAD
    0x0800d638   0x0800d638   0x00000100   Code   RO         2218    i.net_ip6_chk_frame  Net_Dbg_CM3_L.lib(net_ip6.o)
    0x0800d738   0x0800d738   0x00000032   Code   RO         2219    i.net_ip6_chksum    Net_Dbg_CM3_L.lib(net_ip6.o)
    0x0800d76a   0x0800d76a   0x00000002   PAD
    0x0800d76c   0x0800d76c   0x0000007c   Code   RO         2220    i.net_ip6_collect_mcast  Net_Dbg_CM3_L.lib(net_ip6.o)
    0x0800d7e8   0x0800d7e8   0x00000048   Code   RO         2222    i.net_ip6_find_route  Net_Dbg_CM3_L.lib(net_ip6.o)
    0x0800d830   0x0800d830   0x00000054   Code   RO         2223    i.net_ip6_get_local  Net_Dbg_CM3_L.lib(net_ip6.o)
    0x0800d884   0x0800d884   0x0000001c   Code   RO         2224    i.net_ip6_init      Net_Dbg_CM3_L.lib(net_ip6.o)
    0x0800d8a0   0x0800d8a0   0x000000cc   Code   RO         2225    i.net_ip6_send_frame  Net_Dbg_CM3_L.lib(net_ip6.o)
    0x0800d96c   0x0800d96c   0x0000001e   Code   RO         2227    i.net_ip6_tx_offl_hl  Net_Dbg_CM3_L.lib(net_ip6.o)
    0x0800d98a   0x0800d98a   0x00000008   Code   RO         2306    i.net_itoa          Net_Dbg_CM3_L.lib(net_common.o)
    0x0800d992   0x0800d992   0x00000006   Code   RO         2308    i.net_itoa_n0       Net_Dbg_CM3_L.lib(net_common.o)
    0x0800d998   0x0800d998   0x00000030   Code   RO         1559    i.net_loop_iface_init  Net_Dbg_CM3_L.lib(net_loopback.o)
    0x0800d9c8   0x0800d9c8   0x000000bc   Code   RO         1560    i.net_loop_iface_run  Net_Dbg_CM3_L.lib(net_loopback.o)
    0x0800da84   0x0800da84   0x00000070   Code   RO         1562    i.net_loop_send_frame  Net_Dbg_CM3_L.lib(net_loopback.o)
    0x0800daf4   0x0800daf4   0x000000c0   Code   RO         2279    i.net_mem_alloc     Net_Dbg_CM3_L.lib(net_mem.o)
    0x0800dbb4   0x0800dbb4   0x0000001c   Code   RO         2280    i.net_mem_avail     Net_Dbg_CM3_L.lib(net_mem.o)
    0x0800dbd0   0x0800dbd0   0x000000a4   Code   RO         2281    i.net_mem_free      Net_Dbg_CM3_L.lib(net_mem.o)
    0x0800dc74   0x0800dc74   0x00000070   Code   RO         2282    i.net_mem_init      Net_Dbg_CM3_L.lib(net_mem.o)
    0x0800dce4   0x0800dce4   0x00000048   Code   RO         2283    i.net_mem_shrink    Net_Dbg_CM3_L.lib(net_mem.o)
    0x0800dd2c   0x0800dd2c   0x00000064   Code   RO         1799    i.net_nbns_client_init  Net_Dbg_CM3_L.lib(net_nbns_client.o)
    0x0800dd90   0x0800dd90   0x000001c4   Code   RO         2129    i.net_ndp_cache_find  Net_Dbg_CM3_L.lib(net_ndp.o)
    0x0800df54   0x0800df54   0x00000078   Code   RO         2132    i.net_ndp_cache_refresh  Net_Dbg_CM3_L.lib(net_ndp.o)
    0x0800dfcc   0x0800dfcc   0x00000070   Code   RO         2135    i.net_ndp_enqueue   Net_Dbg_CM3_L.lib(net_ndp.o)
    0x0800e03c   0x0800e03c   0x00000374   Code   RO         2137    i.net_ndp_process   Net_Dbg_CM3_L.lib(net_ndp.o)
    0x0800e3b0   0x0800e3b0   0x00000038   Code   RO         2001    i.net_path          Net_Dbg_CM3_L.lib(net_sys.o)
    0x0800e3e8   0x0800e3e8   0x00000020   Code   RO         1972    i.net_ping_client_init  Net_Dbg_CM3_L.lib(net_ping_core.o)
    0x0800e408   0x0800e408   0x00000080   Code   RO         1973    i.net_ping_client_run  Net_Dbg_CM3_L.lib(net_ping_core.o)
    0x0800e488   0x0800e488   0x0000001c   Code   RO         2002    i.net_rand32        Net_Dbg_CM3_L.lib(net_sys.o)
    0x0800e4a4   0x0800e4a4   0x0000002e   Code   RO         2309    i.net_strcasecmp    Net_Dbg_CM3_L.lib(net_common.o)
    0x0800e4d2   0x0800e4d2   0x00000016   Code   RO         2310    i.net_strchr        Net_Dbg_CM3_L.lib(net_common.o)
    0x0800e4e8   0x0800e4e8   0x0000001a   Code   RO         2311    i.net_strcmp        Net_Dbg_CM3_L.lib(net_common.o)
    0x0800e502   0x0800e502   0x00000012   Code   RO         2312    i.net_strcpy        Net_Dbg_CM3_L.lib(net_common.o)
    0x0800e514   0x0800e514   0x0000001c   Code   RO         2314    i.net_strnchr       Net_Dbg_CM3_L.lib(net_common.o)
    0x0800e530   0x0800e530   0x0000001a   Code   RO         2315    i.net_strncpy       Net_Dbg_CM3_L.lib(net_common.o)
    0x0800e54a   0x0800e54a   0x00000020   Code   RO         2316    i.net_strtoupper    Net_Dbg_CM3_L.lib(net_common.o)
    0x0800e56a   0x0800e56a   0x00000002   PAD
    0x0800e56c   0x0800e56c   0x0000000c   Code   RO         2003    i.net_sys_lock      Net_Dbg_CM3_L.lib(net_sys.o)
    0x0800e578   0x0800e578   0x00000016   Code   RO         2004    i.net_sys_resume    Net_Dbg_CM3_L.lib(net_sys.o)
    0x0800e58e   0x0800e58e   0x00000002   PAD
    0x0800e590   0x0800e590   0x00000014   Code   RO         2006    i.net_sys_tick      Net_Dbg_CM3_L.lib(net_sys.o)
    0x0800e5a4   0x0800e5a4   0x0000000c   Code   RO         2007    i.net_sys_unlock    Net_Dbg_CM3_L.lib(net_sys.o)
    0x0800e5b0   0x0800e5b0   0x00000020   Code   RO         2009    i.net_sys_wakeup    Net_Dbg_CM3_L.lib(net_sys.o)
    0x0800e5d0   0x0800e5d0   0x00000084   Code   RO         1691    i.net_tcp_abort     Net_Dbg_CM3_L.lib(net_tcp.o)
    0x0800e654   0x0800e654   0x000000e4   Code   RO         1694    i.net_tcp_close     Net_Dbg_CM3_L.lib(net_tcp.o)
    0x0800e738   0x0800e738   0x0000002e   Code   RO         1697    i.net_tcp_get_buf   Net_Dbg_CM3_L.lib(net_tcp.o)
    0x0800e766   0x0800e766   0x00000002   PAD
    0x0800e768   0x0800e768   0x00000034   Code   RO         1699    i.net_tcp_get_local_port  Net_Dbg_CM3_L.lib(net_tcp.o)
    0x0800e79c   0x0800e79c   0x00000028   Code   RO         1700    i.net_tcp_get_mss   Net_Dbg_CM3_L.lib(net_tcp.o)
    0x0800e7c4   0x0800e7c4   0x00000054   Code   RO         1702    i.net_tcp_get_peer  Net_Dbg_CM3_L.lib(net_tcp.o)
    0x0800e818   0x0800e818   0x00000070   Code   RO         1704    i.net_tcp_get_socket  Net_Dbg_CM3_L.lib(net_tcp.o)
    0x0800e888   0x0800e888   0x0000002c   Code   RO         1705    i.net_tcp_get_state  Net_Dbg_CM3_L.lib(net_tcp.o)
    0x0800e8b4   0x0800e8b4   0x00000034   Code   RO         1706    i.net_tcp_get_timer  Net_Dbg_CM3_L.lib(net_tcp.o)
    0x0800e8e8   0x0800e8e8   0x000000b0   Code   RO         1707    i.net_tcp_listen    Net_Dbg_CM3_L.lib(net_tcp.o)
    0x0800e998   0x0800e998   0x000007a8   Code   RO         1709    i.net_tcp_process   Net_Dbg_CM3_L.lib(net_tcp.o)
    0x0800f140   0x0800f140   0x0000015c   Code   RO         1713    i.net_tcp_send      Net_Dbg_CM3_L.lib(net_tcp.o)
    0x0800f29c   0x0800f29c   0x0000012c   Code   RO         1715    i.net_tcp_set_option  Net_Dbg_CM3_L.lib(net_tcp.o)
    0x0800f3c8   0x0800f3c8   0x00000028   Code   RO         1716    i.net_tcp_socket_init  Net_Dbg_CM3_L.lib(net_tcp.o)
    0x0800f3f0   0x0800f3f0   0x000003c0   Code   RO         1717    i.net_tcp_socket_run  Net_Dbg_CM3_L.lib(net_tcp.o)
    0x0800f7b0   0x0800f7b0   0x0000002e   Code   RO         1628    i.net_udp_get_buf   Net_Dbg_CM3_L.lib(net_udp.o)
    0x0800f7de   0x0800f7de   0x00000002   PAD
    0x0800f7e0   0x0800f7e0   0x00000070   Code   RO         1631    i.net_udp_get_socket  Net_Dbg_CM3_L.lib(net_udp.o)
    0x0800f850   0x0800f850   0x000000ac   Code   RO         1633    i.net_udp_open      Net_Dbg_CM3_L.lib(net_udp.o)
    0x0800f8fc   0x0800f8fc   0x00000158   Code   RO         1634    i.net_udp_process   Net_Dbg_CM3_L.lib(net_udp.o)
    0x0800fa54   0x0800fa54   0x0000022c   Code   RO         1637    i.net_udp_send_if   Net_Dbg_CM3_L.lib(net_udp.o)
    0x0800fc80   0x0800fc80   0x00000024   Code   RO         1639    i.net_udp_socket_init  Net_Dbg_CM3_L.lib(net_udp.o)
    0x0800fca4   0x0800fca4   0x00000008   Code   RO         2317    i.net_ultoa         Net_Dbg_CM3_L.lib(net_common.o)
    0x0800fcac   0x0800fcac   0x00000030   Code   RO         2320    i.net_ultox         Net_Dbg_CM3_L.lib(net_common.o)
    0x0800fcdc   0x0800fcdc   0x0000004c   Code   RO         2321    i.net_xtoul         Net_Dbg_CM3_L.lib(net_common.o)
    0x0800fd28   0x0800fd28   0x0000001c   Code   RO         1976    i.ping_send_req     Net_Dbg_CM3_L.lib(net_ping_core.o)
    0x0800fd44   0x0800fd44   0x00000058   Code   RO         1865    i.proc_req_line     Net_Dbg_CM3_L.lib(net_http_server.o)
    0x0800fd9c   0x0800fd9c   0x0000001a   Code   RO         1582    i.que_free_list     Net_Dbg_CM3_L.lib(net_ip4_frag.o)
    0x0800fdb6   0x0800fdb6   0x000000a0   Code   RO         1866    i.read_script_line  Net_Dbg_CM3_L.lib(net_http_server.o)
    0x0800fe56   0x0800fe56   0x00000048   Code   RO         1867    i.search_delim      Net_Dbg_CM3_L.lib(net_http_server.o)
    0x0800fe9e   0x0800fe9e   0x00000018   Code   RO         2010    i.sys_map_if        Net_Dbg_CM3_L.lib(net_sys.o)
    0x0800feb6   0x0800feb6   0x00000002   PAD
    0x0800feb8   0x0800feb8   0x0000004c   Code   RO         2011    i.sys_proc_tick     Net_Dbg_CM3_L.lib(net_sys.o)
    0x0800ff04   0x0800ff04   0x00000110   Code   RO         1719    i.tcp_map_socket    Net_Dbg_CM3_L.lib(net_tcp.o)
    0x08010014   0x08010014   0x00000084   Code   RO         1720    i.tcp_parse_opt     Net_Dbg_CM3_L.lib(net_tcp.o)
    0x08010098   0x08010098   0x0000011c   Code   RO         1721    i.tcp_proc_acknr    Net_Dbg_CM3_L.lib(net_tcp.o)
    0x080101b4   0x080101b4   0x000000ac   Code   RO         1722    i.tcp_proc_dupack   Net_Dbg_CM3_L.lib(net_tcp.o)
    0x08010260   0x08010260   0x0000001a   Code   RO         1723    i.tcp_que_free      Net_Dbg_CM3_L.lib(net_tcp.o)
    0x0801027a   0x0801027a   0x0000001a   Code   RO         1724    i.tcp_que_init      Net_Dbg_CM3_L.lib(net_tcp.o)
    0x08010294   0x08010294   0x000000ac   Code   RO         1725    i.tcp_que_resend    Net_Dbg_CM3_L.lib(net_tcp.o)
    0x08010340   0x08010340   0x00000090   Code   RO         1726    i.tcp_send_ctrl     Net_Dbg_CM3_L.lib(net_tcp.o)
    0x080103d0   0x080103d0   0x0000007c   Code   RO         1727    i.tcp_send_data     Net_Dbg_CM3_L.lib(net_tcp.o)
    0x0801044c   0x0801044c   0x00000090   Code   RO         1728    i.tcp_send_reset    Net_Dbg_CM3_L.lib(net_tcp.o)
    0x080104dc   0x080104dc   0x00000044   Code   RO         1729    i.tcp_set_cwnd      Net_Dbg_CM3_L.lib(net_tcp.o)
    0x08010520   0x08010520   0x00000074   Code   RO         1730    i.tcp_transit       Net_Dbg_CM3_L.lib(net_tcp.o)
    0x08010594   0x08010594   0x0000010c   Code   RO         1731    i.tcp_write         Net_Dbg_CM3_L.lib(net_tcp.o)
    0x080106a0   0x080106a0   0x0000002c   Code   RO         1641    i.udp_port_in_use   Net_Dbg_CM3_L.lib(net_udp.o)
    0x080106cc   0x080106cc   0x00000044   Code   RO         2322    i.ul2str            Net_Dbg_CM3_L.lib(net_common.o)
    0x08010710   0x08010710   0x00000124   Code   RO         1868    i.utc_to_http       Net_Dbg_CM3_L.lib(net_http_server.o)
    0x08010834   0x08010834   0x00000024   Data   RO          137    .constdata          http_server.o
    0x08010858   0x08010858   0x00000004   Data   RO          213    .constdata          web.o
    0x0801085c   0x0801085c   0x00006561   Data   RO          214    .constdata          web.o
    0x08016dbd   0x08016dbd   0x00000003   PAD
    0x08016dc0   0x08016dc0   0x000000a0   Data   RO          215    .constdata          web.o
    0x08016e60   0x08016e60   0x00000008   Data   RO          233    .constdata          buttons_nucleo_f429zi.o
    0x08016e68   0x08016e68   0x00000018   Data   RO          259    .constdata          led_nucleo_f429zi.o
    0x08016e80   0x08016e80   0x00000024   Data   RO          473    .constdata          rtx_lib.o
    0x08016ea4   0x08016ea4   0x00000024   Data   RO          474    .constdata          rtx_lib.o
    0x08016ec8   0x08016ec8   0x00000018   Data   RO          475    .constdata          rtx_lib.o
    0x08016ee0   0x08016ee0   0x00000004   Data   RO          477    .constdata          rtx_lib.o
    0x08016ee4   0x08016ee4   0x00000050   Data   RO          821    .constdata          emac_stm32f4xx.o
    0x08016f34   0x08016f34   0x00000044   Data   RO          822    .constdata          emac_stm32f4xx.o
    0x08016f78   0x08016f78   0x00000004   Data   RO          866    .constdata          phy_lan8742a.o
    0x08016f7c   0x08016f7c   0x00000020   Data   RO          867    .constdata          phy_lan8742a.o
    0x08016f9c   0x08016f9c   0x00000018   Data   RO          892    .constdata          eventrecorder.o
    0x08016fb4   0x08016fb4   0x00000010   Data   RO         1255    .constdata          system_stm32f4xx_1.o
    0x08016fc4   0x08016fc4   0x00000008   Data   RO         1256    .constdata          system_stm32f4xx_1.o
    0x08016fcc   0x08016fcc   0x000000a8   Data   RO         1300    .constdata          net_config.o
    0x08017074   0x08017074   0x0000001c   Data   RO         1301    .constdata          net_config.o
    0x08017090   0x08017090   0x00000014   Data   RO         1302    .constdata          net_config.o
    0x080170a4   0x080170a4   0x0000000c   Data   RO         1303    .constdata          net_config.o
    0x080170b0   0x080170b0   0x00000010   Data   RO         1304    .constdata          net_config.o
    0x080170c0   0x080170c0   0x00000028   Data   RO         1305    .constdata          net_config.o
    0x080170e8   0x080170e8   0x0000002c   Data   RO         1306    .constdata          net_config.o
    0x08017114   0x08017114   0x00000008   Data   RO         1307    .constdata          net_config.o
    0x0801711c   0x0801711c   0x00000008   Data   RO         1308    .constdata          net_config.o
    0x08017124   0x08017124   0x00000008   Data   RO         1309    .constdata          net_config.o
    0x0801712c   0x0801712c   0x00000008   Data   RO         1310    .constdata          net_config.o
    0x08017134   0x08017134   0x00000008   Data   RO         1311    .constdata          net_config.o
    0x0801713c   0x0801713c   0x00000008   Data   RO         1312    .constdata          net_config.o
    0x08017144   0x08017144   0x00000008   Data   RO         1313    .constdata          net_config.o
    0x0801714c   0x0801714c   0x00000008   Data   RO         1314    .constdata          net_config.o
    0x08017154   0x08017154   0x00000004   Data   RO         1316    .constdata          net_config.o
    0x08017158   0x08017158   0x00000008   Data   RO         1317    .constdata          net_config.o
    0x08017160   0x08017160   0x0000000c   Data   RO         1318    .constdata          net_config.o
    0x0801716c   0x0801716c   0x00000018   Data   RO         1319    .constdata          net_config.o
    0x08017184   0x08017184   0x00000034   Data   RO         1320    .constdata          net_config.o
    0x080171b8   0x080171b8   0x0000002c   Data   RO         1321    .constdata          net_config.o
    0x080171e4   0x080171e4   0x00000024   Data   RO         1322    .constdata          net_config.o
    0x08017208   0x08017208   0x00000010   Data   RO         1324    .constdata          net_config.o
    0x08017218   0x08017218   0x00000010   Data   RO         1325    .constdata          net_config.o
    0x08017228   0x08017228   0x00000008   Data   RO         1537    .constdata          Net_Dbg_CM3_L.lib(net_igmp.o)
    0x08017230   0x08017230   0x0000002c   Data   RO         1563    .constdata          Net_Dbg_CM3_L.lib(net_loopback.o)
    0x0801725c   0x0801725c   0x0000000c   Data   RO         1564    .constdata          Net_Dbg_CM3_L.lib(net_loopback.o)
    0x08017268   0x08017268   0x00000008   Data   RO         1801    .constdata          Net_Dbg_CM3_L.lib(net_nbns_client.o)
    0x08017270   0x08017270   0x000000fa   Data   RO         1870    .constdata          Net_Dbg_CM3_L.lib(net_http_server.o)
    0x0801736a   0x0801736a   0x00000002   PAD
    0x0801736c   0x0801736c   0x00000018   Data   RO         1949    .constdata          Net_Dbg_CM3_L.lib(net_http_server_auth.o)
    0x08017384   0x08017384   0x00000012   Data   RO         1978    .constdata          Net_Dbg_CM3_L.lib(net_ping_core.o)
    0x08017396   0x08017396   0x00000010   Data   RO         2071    .constdata          Net_Dbg_CM3_L.lib(net_addr.o)
    0x080173a6   0x080173a6   0x00000006   Data   RO         2072    .constdata          Net_Dbg_CM3_L.lib(net_addr.o)
    0x080173ac   0x080173ac   0x00000004   Data   RO         2194    .constdata          Net_Dbg_CM3_L.lib(net_ip4.o)
    0x080173b0   0x080173b0   0x00000020   Data   RO         2229    .constdata          Net_Dbg_CM3_L.lib(net_ip6.o)
    0x080173d0   0x080173d0   0x00000018   Data   RO         2269    .constdata          Net_Dbg_CM3_L.lib(net_http_server_err.o)
    0x080173e8   0x080173e8   0x00000010   Data   RO         2323    .constdata          Net_Dbg_CM3_L.lib(net_common.o)
    0x080173f8   0x080173f8   0x00000090   Data   RO         2370    .constdata          Net_Dbg_CM3_L.lib(net_base64.o)
    0x08017488   0x08017488   0x00000004   Data   RO         2379    .constdata          Net_Dbg_CM3_L.lib(net_version.o)
    0x0801748c   0x0801748c   0x000000da   Data   RO          191    .conststring        http_server_cgi.o
    0x08017566   0x08017566   0x00000002   PAD
    0x08017568   0x08017568   0x00000078   Data   RO         1326    .conststring        net_config.o
    0x080175e0   0x080175e0   0x0000000d   Data   RO         1327    .conststring        net_config.o
    0x080175ed   0x080175ed   0x00000003   PAD
    0x080175f0   0x080175f0   0x0000003c   Data   RO         1328    .conststring        net_config.o
    0x0801762c   0x0801762c   0x0000001d   Data   RO         1329    .conststring        net_config.o
    0x08017649   0x08017649   0x00000003   PAD
    0x0801764c   0x0801764c   0x00000203   Data   RO         2270    .conststring        Net_Dbg_CM3_L.lib(net_http_server_err.o)
    0x0801784f   0x0801784f   0x00000001   PAD
    0x08017850   0x08017850   0x0000000b   Data   RO          417    .conststrlit        rtx_kernel.o
    0x0801785b   0x0801785b   0x00000001   PAD
    0x0801785c   0x0801785c   0x000000a8   Data   RO          478    .rodata             rtx_lib.o
    0x08017904   0x08017904   0x00000030   Data   RO         2712    Region$$Table       anon$$obj.o


    Execution Region RW_IRAM2 (Exec base: 0x10000000, Load base: 0x08017a68, Size: 0x000004a4, Max: 0x00010000, ABSOLUTE)

    Exec Addr    Load Addr    Size         Type   Attr      Idx    E Section Name        Object

    0x10000000        -       0x000004a4   Zero   RW          891    .bss.noinit         eventrecorder.o


    Execution Region RW_IRAM1 (Exec base: 0x20000000, Load base: 0x08017934, Size: 0x0000f2c0, Max: 0x00030000, ABSOLUTE, COMPRESSED[0x00000134])

    Exec Addr    Load Addr    Size         Type   Attr      Idx    E Section Name        Object

    0x20000000   COMPRESSED   0x00008000   Data   RW          465    .bss.os             rtx_lib.o
    0x20008000   COMPRESSED   0x00000040   Data   RW          466    .bss.os             rtx_lib.o
    0x20008040   COMPRESSED   0x00000001   Data   RW          770    .bss.os             os_systick.o
    0x20008041   COMPRESSED   0x00000003   PAD
    0x20008044   COMPRESSED   0x00000034   Data   RW          467    .bss.os.msgqueue.cb  rtx_lib.o
    0x20008078   COMPRESSED   0x00000050   Data   RW          468    .bss.os.msgqueue.mem  rtx_lib.o
    0x200080c8   COMPRESSED   0x0000001c   Data   RW         1294    .bss.os.mutex.cb    net_config.o
    0x200080e4   COMPRESSED   0x0000001c   Data   RW         1295    .bss.os.mutex.cb    net_config.o
    0x20008100   COMPRESSED   0x00000010   Data   RW         1296    .bss.os.semaphore.cb  net_config.o
    0x20008110   COMPRESSED   0x00000044   Data   RW          469    .bss.os.thread.cb   rtx_lib.o
    0x20008154   COMPRESSED   0x00000044   Data   RW          470    .bss.os.thread.cb   rtx_lib.o
    0x20008198   COMPRESSED   0x00000044   Data   RW         1297    .bss.os.thread.cb   net_config.o
    0x200081dc   COMPRESSED   0x00000044   Data   RW         1298    .bss.os.thread.cb   net_config.o
    0x20008220   COMPRESSED   0x00000200   Data   RW          471    .bss.os.thread.idle.stack  rtx_lib.o
    0x20008420   COMPRESSED   0x00000200   Data   RW          472    .bss.os.thread.timer.stack  rtx_lib.o
    0x20008620   COMPRESSED   0x00000020   Data   RW         1299    .bss.os.timer.cb    net_config.o
    0x20008640   COMPRESSED   0x00000004   Data   RW            5    .data               main.o
    0x20008644   COMPRESSED   0x0000002a   Data   RW          138    .data               http_server.o
    0x2000866e   COMPRESSED   0x00000002   PAD
    0x20008670   COMPRESSED   0x00000008   Data   RW          139    .data               http_server.o
    0x20008678   COMPRESSED   0x00000001   Data   RW          192    .data               http_server_cgi.o
    0x20008679   COMPRESSED   0x00000003   PAD
    0x2000867c   COMPRESSED   0x0000000c   Data   RW          925    .data               stm32f4xx_hal.o
    0x20008688   COMPRESSED   0x00000004   Data   RW         1257    .data               system_stm32f4xx_1.o
    0x2000868c   COMPRESSED   0x00000004   Data   RW         1330    .data               net_config.o
    0x20008690   COMPRESSED   0x00000006   Data   RW         1331    .data               net_config.o
    0x20008696   COMPRESSED   0x00000004   Data   RW         1332    .data               net_config.o
    0x2000869a   COMPRESSED   0x00000004   Data   RW         1538    .data               Net_Dbg_CM3_L.lib(net_igmp.o)
    0x2000869e   COMPRESSED   0x00000002   PAD
    0x200086a0   COMPRESSED   0x00000004   Data   RW         1565    .data               Net_Dbg_CM3_L.lib(net_loopback.o)
    0x200086a4   COMPRESSED   0x00000004   Data   RW         1583    .data               Net_Dbg_CM3_L.lib(net_ip4_frag.o)
    0x200086a8   COMPRESSED   0x00000001   Data   RW         1601    .data               Net_Dbg_CM3_L.lib(net_icmp.o)
    0x200086a9   COMPRESSED   0x00000001   PAD
    0x200086aa   COMPRESSED   0x00000002   Data   RW         1643    .data               Net_Dbg_CM3_L.lib(net_udp.o)
    0x200086ac   COMPRESSED   0x00000004   Data   RW         1734    .data               Net_Dbg_CM3_L.lib(net_tcp.o)
    0x200086b0   COMPRESSED   0x00000001   Data   RW         1802    .data               Net_Dbg_CM3_L.lib(net_nbns_client.o)
    0x200086b1   COMPRESSED   0x00000003   PAD
    0x200086b4   COMPRESSED   0x0000000c   Data   RW         1871    .data               Net_Dbg_CM3_L.lib(net_http_server.o)
    0x200086c0   COMPRESSED   0x00000008   Data   RW         2195    .data               Net_Dbg_CM3_L.lib(net_ip4.o)
    0x200086c8   COMPRESSED   0x00000004   Data   RW         2231    .data               Net_Dbg_CM3_L.lib(net_ip6.o)
    0x200086cc   COMPRESSED   0x000000a4   Data   RW          418    .data.os            rtx_kernel.o
    0x20008770        -       0x00000400   Zero   RW          136    .bss                http_server.o
    0x20008b70        -       0x00000038   Zero   RW          190    .bss                http_server_cgi.o
    0x20008ba8        -       0x000024cc   Zero   RW          820    .bss                emac_stm32f4xx.o
    0x2000b074        -       0x0000000c   Zero   RW          865    .bss                phy_lan8742a.o
    0x2000b080        -       0x00000400   Zero   RW         1284    .bss                net_config.o
    0x2000b480        -       0x00000400   Zero   RW         1285    .bss                net_config.o
    0x2000b880        -       0x00002ee0   Zero   RW         1286    .bss                net_config.o
    0x2000e760        -       0x000000c8   Zero   RW         1287    .bss                net_config.o
    0x2000e828        -       0x00000028   Zero   RW         1288    .bss                net_config.o
    0x2000e850        -       0x00000018   Zero   RW         1289    .bss                net_config.o
    0x2000e868        -       0x00000028   Zero   RW         1290    .bss                net_config.o
    0x2000e890        -       0x00000050   Zero   RW         1291    .bss                net_config.o
    0x2000e8e0        -       0x00000228   Zero   RW         1292    .bss                net_config.o
    0x2000eb08        -       0x00000150   Zero   RW         1293    .bss                net_config.o
    0x2000ec58        -       0x000000a0   Zero   RW         1427    .bss                Net_Dbg_CM3_L.lib(net_eth.o)
    0x2000ecf8        -       0x00000018   Zero   RW         1487    .bss                Net_Dbg_CM3_L.lib(net_arp.o)
    0x2000ed10        -       0x0000001c   Zero   RW         1642    .bss                Net_Dbg_CM3_L.lib(net_udp.o)
    0x2000ed2c        -       0x00000098   Zero   RW         1869    .bss                Net_Dbg_CM3_L.lib(net_http_server.o)
    0x2000edc4        -       0x0000002c   Zero   RW         1977    .bss                Net_Dbg_CM3_L.lib(net_ping_core.o)
    0x2000edf0        -       0x00000038   Zero   RW         2012    .bss                Net_Dbg_CM3_L.lib(net_sys.o)
    0x2000ee28        -       0x00000024   Zero   RW         2013    .bss                Net_Dbg_CM3_L.lib(net_sys.o)
    0x2000ee4c        -       0x0000005c   Zero   RW         2070    .bss                Net_Dbg_CM3_L.lib(net_addr.o)
    0x2000eea8        -       0x00000014   Zero   RW         2285    .bss                Net_Dbg_CM3_L.lib(net_mem.o)
    0x2000eebc   COMPRESSED   0x00000004   PAD
    0x2000eec0        -       0x00000400   Zero   RW         1244    STACK               startup_stm32f429xx.o


==============================================================================

Image component sizes


      Code (inc. data)   RO Data    RW Data    ZI Data      Debug   Object Name

       164         10          8          0          0       2516   buttons_nucleo_f429zi.o
      2536        156        148          0       9420      49438   emac_stm32f4xx.o
      1452         40         24          0       1188      17704   eventrecorder.o
       120         26         36         50       1024      10866   http_server.o
      1624        326        218          1         56       7709   http_server_cgi.o
       148          8          0          0          0        696   irq_armv7m.o
       236         10         24          0          0       2921   led_nucleo_f429zi.o
       276         30          0          4          0     705579   main.o
       360         26        826        254      15320      32374   net_config.o
       338          0          0          0          0        958   net_debug.o
       196         12          0          1          0       2040   os_systick.o
       428         10         36          0         12       6178   phy_lan8742a.o
         4          0          0          0          0        655   rtx_config.o
       260         14          0          0          0      18018   rtx_delay.o
      2392         88          0          0          0      45265   rtx_evr.o
      1740         96         11        164          0      28168   rtx_kernel.o
        24          0        268      34124          0       9931   rtx_lib.o
       292          0          0          0          0       3895   rtx_memory.o
      1984         48          0          0          0      15348   rtx_mempool.o
      2820         58          0          0          0      23908   rtx_msgqueue.o
      1368         30          0          0          0      10226   rtx_mutex.o
      1432         34          0          0          0      12076   rtx_semaphore.o
       668         18          0          0          0       8653   rtx_system.o
      4908        126          0          0          0      34033   rtx_thread.o
      1152         34          0          0          0      10333   rtx_timer.o
        36          8        428          0       1024        892   startup_stm32f429xx.o
       456         38          0         12          0      11615   stm32f4xx_hal.o
       664         10          0          0          0      36454   stm32f4xx_hal_cortex.o
       868         54          0          0          0       4267   stm32f4xx_hal_gpio.o
      1888         66          0          0          0       6467   stm32f4xx_hal_rcc.o
       160         20         24          4          0       1925   system_stm32f4xx_1.o
       120         10      26117          0          0       1808   web.o

    ----------------------------------------------------------------------
     31114       1406      28228      34622      28044    1122916   Object Totals
         0          0         48          0          0          0   (incl. Generated)
         0          0         12          8          0          0   (incl. Padding)

    ----------------------------------------------------------------------

      Code (inc. data)   RO Data    RW Data    ZI Data      Debug   Library Member Name

      1414         18         22          0         92       1556   net_addr.o
      2874        144          0          0         24       1548   net_arp.o
       120          6        144          0          0         84   net_base64.o
       622         10         16          0          0       1340   net_common.o
      3664        138          0          0        160       1600   net_eth.o
      6834       1268        250         12        152       2852   net_http_server.o
       266         66         24          0          0        368   net_http_server_auth.o
         0          0        539          0          0          0   net_http_server_err.o
       640         48          0          1          0        236   net_icmp.o
       812         60          0          0          0        332   net_icmp6.o
       972         46          8          4          0        680   net_igmp.o
      1188         82          4          8          0        956   net_ip4.o
       690         30          0          4          0        476   net_ip4_frag.o
       848         72         32          4          0        644   net_ip6.o
       348         28         56          4          0        256   net_loopback.o
       592         64          0          0         20        564   net_mem.o
       520         44          8          1          0        188   net_nbns_client.o
      3058        106          0          0          0       1404   net_ndp.o
       188         32         18          0         44        220   net_ping_core.o
       834         84          0          0         92       1012   net_sys.o
      6566        282          0          4          0       2728   net_tcp.o
      1310         70          0          2         28        620   net_udp.o
         0          0          4          0          0          0   net_version.o
        86          0          0          0          0          0   __dczerorl2.o
         0          0          0          0          0          0   entry.o
         0          0          0          0          0          0   entry10a.o
         0          0          0          0          0          0   entry11a.o
         4          0          0          0          0          0   entry12b.o
         8          4          0          0          0          0   entry2.o
         4          0          0          0          0          0   entry5.o
         0          0          0          0          0          0   entry7b.o
         0          0          0          0          0          0   entry8b.o
         8          4          0          0          0          0   entry9a.o
        30          0          0          0          0          0   handlers.o
        36          8          0          0          0         68   init.o
        30          0          0          0          0         68   llshl.o
        32          0          0          0          0         68   llushr.o
        26          0          0          0          0         80   memcmp.o
        36          0          0          0          0         68   memcpya.o
        36          0          0          0          0        108   memseta.o
      1160         50          0          0          0        420   printf8.o
        28          0          0          0          0         76   strcmp.o
        18          0          0          0          0         68   strcpy.o
        14          0          0          0          0         68   strlen.o
        30          0          0          0          0         80   strncmp.o
        98          0          0          0          0         92   uldiv.o

    ----------------------------------------------------------------------
     36094       2764       1128         50        616      20928   Library Totals
        50          0          3          6          4          0   (incl. Padding)

    ----------------------------------------------------------------------

      Code (inc. data)   RO Data    RW Data    ZI Data      Debug   Library Name

     34360       2698       1125         44        612      19664   Net_Dbg_CM3_L.lib
      1684         66          0          0          0       1264   mc_w.l

    ----------------------------------------------------------------------
     36094       2764       1128         50        616      20928   Library Totals

    ----------------------------------------------------------------------

==============================================================================


      Code (inc. data)   RO Data    RW Data    ZI Data      Debug   

     67208       4170      29356      34672      28660    1125776   Grand Totals
     67208       4170      29356        308      28660    1125776   ELF Image Totals (compressed)
     67208       4170      29356        308          0          0   ROM Totals

==============================================================================

    Total RO  Size (Code + RO Data)                96564 (  94.30kB)
    Total RW  Size (RW Data + ZI Data)             63332 (  61.85kB)
    Total ROM Size (Code + RO Data + RW Data)      96872 (  94.60kB)

==============================================================================

